Archive member included to satisfy reference by file (symbol)

/opt/n64/libragon/mips64-elf/lib/libdragon.a(entrypoint.o)
                              (_start)
/opt/n64/libragon/mips64-elf/lib/libdragon.a(debug.o)
                              /opt/n64/libragon/mips64-elf/lib/libdragon.a(entrypoint.o) (debug_assert_func)
/opt/n64/libragon/mips64-elf/lib/libdragon.a(usb.o)
                              /opt/n64/libragon/mips64-elf/lib/libdragon.a(debug.o) (usb_write)
/opt/n64/libragon/mips64-elf/lib/libdragon.a(cart.o)
                              /opt/n64/libragon/mips64-elf/lib/libdragon.a(debug.o) (cart_init)
/opt/n64/libragon/mips64-elf/lib/libdragon.a(ff.o)
                              /opt/n64/libragon/mips64-elf/lib/libdragon.a(debug.o) (f_mount)
/opt/n64/libragon/mips64-elf/lib/libdragon.a(ffunicode.o)
                              /opt/n64/libragon/mips64-elf/lib/libdragon.a(ff.o) (ff_uni2oem)
/opt/n64/libragon/mips64-elf/lib/libdragon.a(inspector.o)
                              /opt/n64/libragon/mips64-elf/lib/libdragon.a(debug.o) (__inspector_assertion)
/opt/n64/libragon/mips64-elf/lib/libdragon.a(dma.o)
                              /opt/n64/libragon/mips64-elf/lib/libdragon.a(debug.o) (io_accessible)
/opt/n64/libragon/mips64-elf/lib/libdragon.a(exception.o)
                              /opt/n64/libragon/mips64-elf/lib/libdragon.a(inspector.o) (__exception_dump_header)
/opt/n64/libragon/mips64-elf/lib/libdragon.a(do_ctors.o)
                              /opt/n64/libragon/mips64-elf/lib/libdragon.a(entrypoint.o) (__wrap___do_global_ctors)
/opt/n64/libragon/mips64-elf/lib/libdragon.a(dlfcn.o)
                              /opt/n64/libragon/mips64-elf/lib/libdragon.a(inspector.o) (__dl_list_head)
/opt/n64/libragon/mips64-elf/lib/libdragon.a(controller.o)
                              /opt/n64/libragon/mips64-elf/lib/libdragon.a(inspector.o) (controller_read)
/opt/n64/libragon/mips64-elf/lib/libdragon.a(joybus_accessory.o)
                              /opt/n64/libragon/mips64-elf/lib/libdragon.a(controller.o) (joybus_accessory_read)
/opt/n64/libragon/mips64-elf/lib/libdragon.a(joybus.o)
                              /opt/n64/libragon/mips64-elf/lib/libdragon.a(joybus_accessory.o) (joybus_exec_async)
/opt/n64/libragon/mips64-elf/lib/libdragon.a(joypad.o)
                              /opt/n64/libragon/mips64-elf/lib/libdragon.a(controller.o) (joypad_init)
/opt/n64/libragon/mips64-elf/lib/libdragon.a(n64sys.o)
                              /opt/n64/libragon/mips64-elf/lib/libdragon.a(usb.o) (data_cache_hit_writeback)
/opt/n64/libragon/mips64-elf/lib/libdragon.a(interrupt.o)
                              /opt/n64/libragon/mips64-elf/lib/libdragon.a(joypad.o) (register_VI_handler)
/opt/n64/libragon/mips64-elf/lib/libdragon.a(backtrace.o)
                              /opt/n64/libragon/mips64-elf/lib/libdragon.a(inspector.o) (__symbolize)
/opt/n64/libragon/mips64-elf/lib/libdragon.a(inthandler.o)
                              /opt/n64/libragon/mips64-elf/lib/libdragon.a(backtrace.o) (inthandler)
/opt/n64/libragon/mips64-elf/lib/libdragon.a(rompak.o)
                              /opt/n64/libragon/mips64-elf/lib/libdragon.a(dlfcn.o) (rompak_search_ext)
/opt/n64/libragon/mips64-elf/lib/libdragon.a(dragonfs.o)
                              /opt/n64/libragon/mips64-elf/lib/libdragon.a(dlfcn.o) (dfs_rom_addr)
/opt/n64/libragon/mips64-elf/lib/libdragon.a(display.o)
                              /opt/n64/libragon/mips64-elf/lib/libdragon.a(inspector.o) (display_init)
/opt/n64/libragon/mips64-elf/lib/libdragon.a(surface.o)
                              /opt/n64/libragon/mips64-elf/lib/libdragon.a(display.o) (surface_alloc)
/opt/n64/libragon/mips64-elf/lib/libdragon.a(asset.o)
                              /opt/n64/libragon/mips64-elf/lib/libdragon.a(dlfcn.o) (asset_load)
/opt/n64/libragon/mips64-elf/lib/libdragon.a(graphics.o)
                              /opt/n64/libragon/mips64-elf/lib/libdragon.a(inspector.o) (graphics_set_color)
/opt/n64/libragon/mips64-elf/lib/libdragon.a(rsp.o)
                              /opt/n64/libragon/mips64-elf/lib/libdragon.a(display.o) (__rsp_crash)
/opt/n64/libragon/mips64-elf/lib/libdragon.a(rsp_crash.o)
                              /opt/n64/libragon/mips64-elf/lib/libdragon.a(rsp.o) (rsp_crash_data_start)
/opt/n64/libragon/mips64-elf/lib/libdragon.a(sprite.o)
                              /opt/n64/libragon/mips64-elf/lib/libdragon.a(graphics.o) (__sprite_upgrade)
/opt/n64/libragon/mips64-elf/lib/libdragon.a(timer.o)
                              /opt/n64/libragon/mips64-elf/lib/libdragon.a(joypad.o) (timer_init)
/opt/n64/libragon/mips64-elf/lib/libdragon.a(joypad_accessory.o)
                              /opt/n64/libragon/mips64-elf/lib/libdragon.a(joypad.o) (joypad_accessory_reset)
/opt/n64/libragon/mips64-elf/lib/libdragon.a(rdpq_debug.o)
                              /opt/n64/libragon/mips64-elf/lib/libdragon.a(rsp.o) (rdpq_trace)
[...]
Memory Configuration

Name             Origin             Length             Attributes
*default*        0x00000000         0xffffffff

Linker script and memory map

LOAD /opt/n64/libragon_gcc/lib/gcc/mips64-elf/13.2.0/crti.o
LOAD /opt/n64/libragon_gcc/lib/gcc/mips64-elf/13.2.0/crtbegin.o
LOAD build/./src/main.o
LOAD build/./src/file.o
LOAD /opt/n64/libragon/mips64-elf/lib/libdragon.a
LOAD /opt/n64/libragon_gcc/lib/gcc/mips64-elf/13.2.0/../../../../mips64-elf/lib/libm.a
LOAD /opt/n64/libragon/mips64-elf/lib/libdragonsys.a

.intvectors     0x80000000      0x188
                0x80000000                        . = ALIGN (0x20)
 *(.intvectors)
 .intvectors    0x80000000      0x188 /opt/n64/libragon/mips64-elf/lib/libdragon.a(inthandler.o)
                0x80000188                        __intvectors_end = .

.text           0x80000400    0x18850
                0x80000400                        __text_start = .
 *(.boot)
 .boot          0x80000400       0x68 /opt/n64/libragon/mips64-elf/lib/libdragon.a(entrypoint.o)
                0x80000400                _start
                0x80000470                        . = ALIGN (0x10)
 *fill*         0x80000468        0x8 
 *(.text)
 .text          0x80000470       0x24 build/./src/file.o
                0x80000470                func
 *fill*         0x80000494        0xc 
 .text          0x800004a0      0x380 /opt/n64/libragon/mips64-elf/lib/libdragon.a(inthandler.o)
                0x800004a0                inthandler
                0x80000820                inthandler_end
 .text          0x80000820       0x18 /opt/n64/libragon_gcc/lib/gcc/mips64-elf/13.2.0/../../../../mips64-elf/lib/libc.a(libc_a-abort.o)
                0x80000820                abort
 .text          0x80000838      0x120 /opt/n64/libragon_gcc/lib/gcc/mips64-elf/13.2.0/../../../../mips64-elf/lib/libc.a(libc_a-callocr.o)
                0x80000838                _calloc_r
 .text          0x80000958       0x20 /opt/n64/libragon_gcc/lib/gcc/mips64-elf/13.2.0/../../../../mips64-elf/lib/libc.a(libc_a-malloc.o)
                0x80000958                malloc
                0x80000968                free
 .text          0x80000978      0x888 /opt/n64/libragon_gcc/lib/gcc/mips64-elf/13.2.0/../../../../mips64-elf/lib/libc.a(libc_a-mallocr.o)
                0x80000978                _malloc_r
 .text          0x80001200       0x10 /opt/n64/libragon_gcc/lib/gcc/mips64-elf/13.2.0/../../../../mips64-elf/lib/libc.a(libc_a-mlock.o)
                0x80001200                __malloc_lock
                0x80001208                __malloc_unlock
 .text          0x80001210      0x5d0 /opt/n64/libragon_gcc/lib/gcc/mips64-elf/13.2.0/../../../../mips64-elf/lib/libc.a(libc_a-reallocr.o)
                0x80001210                _realloc_r
 .text          0x800017e0       0x18 /opt/n64/libragon_gcc/lib/gcc/mips64-elf/13.2.0/../../../../mips64-elf/lib/libc.a(libc_a-malign.o)
                0x800017e0                memalign
 .text          0x800017f8      0x1f8 /opt/n64/libragon_gcc/lib/gcc/mips64-elf/13.2.0/../../../../mips64-elf/lib/libc.a(libc_a-malignr.o)
                0x800017f8                _memalign_r
 .text          0x800019f0     0x21e8 /opt/n64/libragon_gcc/lib/gcc/mips64-elf/13.2.0/../../../../mips64-elf/lib/libc.a(libc_a-vfprintf.o)
                0x800019f0                _vfprintf_r
                0x80003af0                vfprintf
 .text          0x80003bd8     0x1390 /opt/n64/libragon_gcc/lib/gcc/mips64-elf/13.2.0/../../../../mips64-elf/lib/libc.a(libc_a-vfiprintf.o)
                0x80003d10                __sprint_r
                0x80003d30                _vfiprintf_r
                0x80004e80                vfiprintf
 .text          0x80004f68      0x338 /opt/n64/libragon_gcc/lib/gcc/mips64-elf/13.2.0/../../../../mips64-elf/lib/libc.a(libc_a-fflush.o)
                0x80004f68                __sflush_r
                0x800051c0                _fflush_r
                0x80005220                fflush
 .text          0x800052a0      0x3a8 /opt/n64/libragon_gcc/lib/gcc/mips64-elf/13.2.0/../../../../mips64-elf/lib/libc.a(libc_a-findfp.o)
                0x80005498                __sfp
                0x800055d8                __sinit
                0x80005608                __sfp_lock_acquire
                0x80005610                __sfp_lock_release
                0x80005618                __fp_lock_all
                0x80005630                __fp_unlock_all
 .text          0x80005648       0x68 /opt/n64/libragon_gcc/lib/gcc/mips64-elf/13.2.0/../../../../mips64-elf/lib/libc.a(libc_a-fprintf.o)
                0x80005648                _fprintf_r
                0x80005670                fprintf
 .text          0x800056b0       0xd0 /opt/n64/libragon_gcc/lib/gcc/mips64-elf/13.2.0/../../../../mips64-elf/lib/libc.a(libc_a-fputc.o)
                0x800056b0                _fputc_r
                0x80005710                fputc
 .text          0x80005780      0x570 /opt/n64/libragon_gcc/lib/gcc/mips64-elf/13.2.0/../../../../mips64-elf/lib/libc.a(libc_a-fvwrite.o)
                0x80005780                __sfvwrite_r
 .text          0x80005cf0       0xc0 /opt/n64/libragon_gcc/lib/gcc/mips64-elf/13.2.0/../../../../mips64-elf/lib/libc.a(libc_a-fwalk.o)
                0x80005cf0                _fwalk_sglue
 .text          0x80005db0      0x1f8 /opt/n64/libragon_gcc/lib/gcc/mips64-elf/13.2.0/../../../../mips64-elf/lib/libc.a(libc_a-fwrite.o)
                0x80005db0                _fwrite_r
                0x80005eb8                fwrite
 .text          0x80005fa8       0x70 /opt/n64/libragon_gcc/lib/gcc/mips64-elf/13.2.0/../../../../mips64-elf/lib/libc.a(libc_a-printf.o)
                0x80005fa8                _printf_r
                0x80005fd8                printf
 .text          0x80006018      0x160 /opt/n64/libragon_gcc/lib/gcc/mips64-elf/13.2.0/../../../../mips64-elf/lib/libc.a(libc_a-putc.o)
                0x80006018                _putc_r
                0x800060c0                putc
 .text          0x80006178       0x20 /opt/n64/libragon_gcc/lib/gcc/mips64-elf/13.2.0/../../../../mips64-elf/lib/libc.a(libc_a-putchar.o)
                0x80006178                _putchar_r
                0x80006180                putchar
 .text          0x80006198       0xe0 /opt/n64/libragon_gcc/lib/gcc/mips64-elf/13.2.0/../../../../mips64-elf/lib/libc.a(libc_a-puts.o)
                0x80006198                _puts_r
                0x80006268                puts
 .text          0x80006278      0x1c8 /opt/n64/libragon_gcc/lib/gcc/mips64-elf/13.2.0/../../../../mips64-elf/lib/libc.a(libc_a-snprintf.o)
                0x80006278                _snprintf_r
                0x80006358                snprintf
 .text          0x80006440       0xd8 /opt/n64/libragon_gcc/lib/gcc/mips64-elf/13.2.0/../../../../mips64-elf/lib/libc.a(libc_a-sprintf.o)
                0x80006440                _sprintf_r
                0x800064a8                sprintf
 .text          0x80006518      0x190 /opt/n64/libragon_gcc/lib/gcc/mips64-elf/13.2.0/../../../../mips64-elf/lib/libc.a(libc_a-stdio.o)
                0x80006518                __sread
                0x80006570                __seofread
                0x80006578                __swrite
                0x80006638                __sseek
                0x800066a0                __sclose
 .text          0x800066a8       0x30 /opt/n64/libragon_gcc/lib/gcc/mips64-elf/13.2.0/../../../../mips64-elf/lib/libc.a(libc_a-vprintf.o)
                0x800066a8                vprintf
                0x800066c0                _vprintf_r
 .text          0x800066d8      0x1b8 /opt/n64/libragon_gcc/lib/gcc/mips64-elf/13.2.0/../../../../mips64-elf/lib/libc.a(libc_a-wbuf.o)
                0x800066d8                __swbuf_r
                0x80006878                __swbuf
 .text          0x80006890      0x170 /opt/n64/libragon_gcc/lib/gcc/mips64-elf/13.2.0/../../../../mips64-elf/lib/libc.a(libc_a-wsetup.o)
                0x80006890                __swsetup_r
 .text          0x80006a00      0x1b8 /opt/n64/libragon_gcc/lib/gcc/mips64-elf/13.2.0/../../../../mips64-elf/lib/libc.a(libc_a-fputwc.o)
                0x80006a00                __fputwc
                0x80006b18                _fputwc_r
                0x80006b40                fputwc
 .text          0x80006bb8       0xf8 /opt/n64/libragon_gcc/lib/gcc/mips64-elf/13.2.0/../../../../mips64-elf/lib/libc.a(libc_a-memchr.o)
                0x80006bb8                memchr
 .text          0x80006cb0       0x88 /opt/n64/libragon_gcc/lib/gcc/mips64-elf/13.2.0/../../../../mips64-elf/lib/libc.a(libc_a-memcmp.o)
                0x80006cb0                memcmp
 .text          0x80006d38      0x140 /opt/n64/libragon_gcc/lib/gcc/mips64-elf/13.2.0/../../../../mips64-elf/lib/libc.a(libc_a-memmove.o)
                0x80006d38                memmove
 .text          0x80006e78       0x98 /opt/n64/libragon_gcc/lib/gcc/mips64-elf/13.2.0/../../../../mips64-elf/lib/libc.a(libc_a-strcat.o)
                0x80006e78                strcat
 .text          0x80006f10      0x188 /opt/n64/libragon_gcc/lib/gcc/mips64-elf/13.2.0/../../../../mips64-elf/lib/libc.a(libc_a-strchr.o)
                0x80006f10                strchr
 .text          0x80007098       0xa8 /opt/n64/libragon_gcc/lib/gcc/mips64-elf/13.2.0/../../../../mips64-elf/lib/libc.a(libc_a-strcpy.o)
                0x80007098                strcpy
 .text          0x80007140       0x70 /opt/n64/libragon_gcc/lib/gcc/mips64-elf/13.2.0/../../../../mips64-elf/lib/libc.a(libc_a-strrchr.o)
                0x80007140                strrchr
 .text          0x800071b0      0xb50 /opt/n64/libragon_gcc/lib/gcc/mips64-elf/13.2.0/../../../../mips64-elf/lib/libc.a(libc_a-strstr.o)
                0x80007a10                strstr
 .text          0x80007d00      0x570 /opt/n64/libragon_gcc/lib/gcc/mips64-elf/13.2.0/../../../../mips64-elf/lib/libc.a(libc_a-signal.o)
                0x80007d00                _init_signal_r
                0x80007d68                _signal_r
                0x80007e08                _raise_r
                0x80007ec0                __sigtramp_r
                0x80007fb0                raise
                0x80008078                signal
                0x80008118                _init_signal
                0x80008188                __sigtramp
 .text          0x80008270      0x120 /opt/n64/libragon_gcc/lib/gcc/mips64-elf/13.2.0/../../../../mips64-elf/lib/libc.a(libc_a-locale.o)
                0x80008270                _setlocale_r
                0x800082f8                __locale_mb_cur_max
                0x80008308                setlocale
 .text          0x80008390       0x28 /opt/n64/libragon_gcc/lib/gcc/mips64-elf/13.2.0/../../../../mips64-elf/lib/libc.a(libc_a-localeconv.o)
                0x80008390                __localeconv_l
                0x80008398                _localeconv_r
                0x800083a8                localeconv
 .text          0x800083b8       0x50 /opt/n64/libragon_gcc/lib/gcc/mips64-elf/13.2.0/../../../../mips64-elf/lib/libc.a(libc_a-closer.o)
                0x800083b8                _close_r
 .text          0x80008408       0x58 /opt/n64/libragon_gcc/lib/gcc/mips64-elf/13.2.0/../../../../mips64-elf/lib/libc.a(libc_a-fstatr.o)
                0x80008408                _fstat_r
 .text          0x80008460       0x60 /opt/n64/libragon_gcc/lib/gcc/mips64-elf/13.2.0/../../../../mips64-elf/lib/libc.a(libc_a-lseekr.o)
                0x80008460                _lseek_r
 .text          0x800084c0       0x60 /opt/n64/libragon_gcc/lib/gcc/mips64-elf/13.2.0/../../../../mips64-elf/lib/libc.a(libc_a-readr.o)
                0x800084c0                _read_r
 .text          0x80008520       0x60 /opt/n64/libragon_gcc/lib/gcc/mips64-elf/13.2.0/../../../../mips64-elf/lib/libc.a(libc_a-signalr.o)
                0x80008520                _kill_r
                0x80008578                _getpid_r
 .text          0x80008580       0x50 /opt/n64/libragon_gcc/lib/gcc/mips64-elf/13.2.0/../../../../mips64-elf/lib/libc.a(libc_a-sbrkr.o)
                0x80008580                _sbrk_r
 .text          0x800085d0       0x60 /opt/n64/libragon_gcc/lib/gcc/mips64-elf/13.2.0/../../../../mips64-elf/lib/libc.a(libc_a-writer.o)
                0x800085d0                _write_r
 .text          0x80008630        0x8 /opt/n64/libragon_gcc/lib/gcc/mips64-elf/13.2.0/../../../../mips64-elf/lib/libc.a(libc_a-errno.o)
                0x80008630                __errno
 .text          0x80008638       0x18 /opt/n64/libragon_gcc/lib/gcc/mips64-elf/13.2.0/../../../../mips64-elf/lib/libc.a(libc_a-strlen.o)
                0x80008638                strlen
 .text          0x80008650      0x240 /opt/n64/libragon_gcc/lib/gcc/mips64-elf/13.2.0/../../../../mips64-elf/lib/libc.a(libc_a-strcmp.o)
                0x80008650                strcmp
 .text          0x80008890      0x11c /opt/n64/libragon_gcc/lib/gcc/mips64-elf/13.2.0/../../../../mips64-elf/lib/libc.a(libc_a-memset.o)
                0x80008890                memset
 .text          0x800089ac      0x370 /opt/n64/libragon_gcc/lib/gcc/mips64-elf/13.2.0/../../../../mips64-elf/lib/libc.a(libc_a-memcpy.o)
                0x800089ac                memcpy
 *fill*         0x80008d1c        0x4 
 .text          0x80008d20     0x1658 /opt/n64/libragon_gcc/lib/gcc/mips64-elf/13.2.0/../../../../mips64-elf/lib/libc.a(libc_a-dtoa.o)
                0x80008f70                _dtoa_r
 .text          0x8000a378      0x480 /opt/n64/libragon_gcc/lib/gcc/mips64-elf/13.2.0/../../../../mips64-elf/lib/libc.a(libc_a-freer.o)
                0x8000a378                _malloc_trim_r
                0x8000a4b8                _free_r
 .text          0x8000a7f8       0x70 /opt/n64/libragon_gcc/lib/gcc/mips64-elf/13.2.0/../../../../mips64-elf/lib/libc.a(libc_a-mbtowc_r.o)
                0x8000a7f8                _mbtowc_r
                0x8000a808                __ascii_mbtowc
 .text          0x8000a868     0x1438 /opt/n64/libragon_gcc/lib/gcc/mips64-elf/13.2.0/../../../../mips64-elf/lib/libc.a(libc_a-mprec.o)
                0x8000a868                _Balloc
                0x8000a918                _Bfree
                0x8000a948                __multadd
                0x8000aaa8                __s2b
                0x8000ac28                __hi0bits
                0x8000acb0                __lo0bits
                0x8000ad78                __i2b
                0x8000ae50                __multiply
                0x8000b0e0                __pow5mult
                0x8000b248                __lshift
                0x8000b400                __mcmp
                0x8000b468                __mdiff
                0x8000b6f0                __ulp
                0x8000b7a0                __b2d
                0x8000b938                __d2b
                0x8000ba98                __ratio
                0x8000bb58                _mprec_log10
                0x8000bb98                __copybits
                0x8000bc20                __any_on
 .text          0x8000bca0       0x48 /opt/n64/libragon_gcc/lib/gcc/mips64-elf/13.2.0/../../../../mips64-elf/lib/libc.a(libc_a-wctomb_r.o)
                0x8000bca0                _wctomb_r
                0x8000bcb0                __ascii_wctomb
 .text          0x8000bce8      0x118 /opt/n64/libragon_gcc/lib/gcc/mips64-elf/13.2.0/../../../../mips64-elf/lib/libc.a(libc_a-wcrtomb.o)
                0x8000bce8                _wcrtomb_r
                0x8000bd68                wcrtomb
 .text          0x8000be00     0x1fb0 /opt/n64/libragon_gcc/lib/gcc/mips64-elf/13.2.0/../../../../mips64-elf/lib/libc.a(libc_a-svfprintf.o)
                0x8000be00                _svfprintf_r
 .text          0x8000ddb0      0x140 /opt/n64/libragon_gcc/lib/gcc/mips64-elf/13.2.0/../../../../mips64-elf/lib/libc.a(libc_a-fclose.o)
                0x8000ddb0                _fclose_r
                0x8000dee0                fclose
 .text          0x8000def0      0x258 /opt/n64/libragon_gcc/lib/gcc/mips64-elf/13.2.0/../../../../mips64-elf/lib/libc.a(libc_a-makebuf.o)
                0x8000def0                __smakebuf_r
                0x8000e098                __swhatbuf_r
 .text          0x8000e148       0x48 /opt/n64/libragon_gcc/lib/gcc/mips64-elf/13.2.0/../../../../mips64-elf/lib/libc.a(libc_a-strnlen.o)
                0x8000e148                strnlen
 .text          0x8000e190       0x50 /opt/n64/libragon_gcc/lib/gcc/mips64-elf/13.2.0/../../../../mips64-elf/lib/libc.a(libc_a-isattyr.o)
                0x8000e190                _isatty_r
 .text          0x8000e1e0     0x1118 /opt/n64/libragon_gcc/lib/gcc/mips64-elf/13.2.0/../../../../mips64-elf/lib/libc.a(libc_a-svfiprintf.o)
                0x8000e1e0                __ssprint_r
                0x8000e428                _svfiprintf_r
 *(.text.*)
 *fill*         0x8000f2f8        0x8 
 .text.startup.main
                0x8000f300       0x20 build/./src/main.o
                0x8000f300                main
 .text.cb.0     0x8000f320       0xa0 /opt/n64/libragon/mips64-elf/lib/libdragon.a(debug.o)
 .text.debug_assert_func_f
                0x8000f3c0       0xe0 /opt/n64/libragon/mips64-elf/lib/libdragon.a(debug.o)
                0x8000f3c0                debug_assert_func_f
 .text.debug_assert_func
                0x8000f4a0       0x20 /opt/n64/libragon/mips64-elf/lib/libdragon.a(debug.o)
                0x8000f4a0                debug_assert_func
 .text.debug_hexdump
                0x8000f4c0      0x2a0 /opt/n64/libragon/mips64-elf/lib/libdragon.a(debug.o)
                0x8000f4c0                debug_hexdump
 .text.__debug_backtrace
                0x8000f760      0x120 /opt/n64/libragon/mips64-elf/lib/libdragon.a(debug.o)
                0x8000f760                __debug_backtrace
 .text.debug_backtrace
                0x8000f880       0x20 /opt/n64/libragon/mips64-elf/lib/libdragon.a(debug.o)
                0x8000f880                debug_backtrace
 .text.cb.2     0x8000f8a0       0x60 /opt/n64/libragon/mips64-elf/lib/libdragon.a(inspector.o)
 .text.cb.1     0x8000f900       0x60 /opt/n64/libragon/mips64-elf/lib/libdragon.a(inspector.o)
 .text.cb.0     0x8000f960      0x120 /opt/n64/libragon/mips64-elf/lib/libdragon.a(inspector.o)
 .text.cb.3     0x8000fa80      0x120 /opt/n64/libragon/mips64-elf/lib/libdragon.a(inspector.o)
 .text.inspector_stdout
                0x8000fba0      0x320 /opt/n64/libragon/mips64-elf/lib/libdragon.a(inspector.o)
 .text.title    0x8000fec0       0xa0 /opt/n64/libragon/mips64-elf/lib/libdragon.a(inspector.o)
 .text.mips_disasm
                0x8000ff60      0x840 /opt/n64/libragon/mips64-elf/lib/libdragon.a(inspector.o)
 .text.inspector
                0x800107a0      0xd00 /opt/n64/libragon/mips64-elf/lib/libdragon.a(inspector.o)
 .text.handler.4
                0x800114a0       0x40 /opt/n64/libragon/mips64-elf/lib/libdragon.a(inspector.o)
 .text.__inspector_exception
                0x800114e0       0x20 /opt/n64/libragon/mips64-elf/lib/libdragon.a(inspector.o)
                0x800114e0                __inspector_exception
 .text.__inspector_assertion
                0x80011500       0x20 /opt/n64/libragon/mips64-elf/lib/libdragon.a(inspector.o)
                0x80011500                __inspector_assertion
 .text.startup.__inspector_init
                0x80011520       0x20 /opt/n64/libragon/mips64-elf/lib/libdragon.a(inspector.o)
                0x80011520                __inspector_init
 .text.dma_read_raw_async
                0x80011540       0xa0 /opt/n64/libragon/mips64-elf/lib/libdragon.a(dma.o)
                0x80011540                dma_read_raw_async
 .text.dma_read_async
                0x800115e0      0x4c0 /opt/n64/libragon/mips64-elf/lib/libdragon.a(dma.o)
                0x800115e0                dma_read_async
 .text.dma_read
                0x80011aa0       0x40 /opt/n64/libragon/mips64-elf/lib/libdragon.a(dma.o)
                0x80011aa0                dma_read
 .text.io_read  0x80011ae0       0x60 /opt/n64/libragon/mips64-elf/lib/libdragon.a(dma.o)
                0x80011ae0                io_read
 .text.cb.0     0x80011b40       0x40 /opt/n64/libragon/mips64-elf/lib/libdragon.a(exception.o)
 .text.cb.1     0x80011b80       0x80 /opt/n64/libragon/mips64-elf/lib/libdragon.a(exception.o)
 .text.is_unmapped_kx64
                0x80011c00      0x1e0 /opt/n64/libragon/mips64-elf/lib/libdragon.a(exception.o)
 .text.__get_exception_name.isra.0
                0x80011de0      0x420 /opt/n64/libragon/mips64-elf/lib/libdragon.a(exception.o)
 .text.__exception_dump_header
                0x80012200      0x340 /opt/n64/libragon/mips64-elf/lib/libdragon.a(exception.o)
                0x80012200                __exception_dump_header
 .text.__exception_dump_gpr
                0x80012540      0x180 /opt/n64/libragon/mips64-elf/lib/libdragon.a(exception.o)
                0x80012540                __exception_dump_gpr
 .text.__exception_dump_fpr
                0x800126c0      0x2e0 /opt/n64/libragon/mips64-elf/lib/libdragon.a(exception.o)
                0x800126c0                __exception_dump_fpr
 .text.exception_default_handler
                0x800129a0      0x1a0 /opt/n64/libragon/mips64-elf/lib/libdragon.a(exception.o)
                0x800129a0                exception_default_handler
 .text.__onCriticalException
                0x80012b40       0x80 /opt/n64/libragon/mips64-elf/lib/libdragon.a(exception.o)
                0x80012b40                __onCriticalException
 .text.register_syscall_handler
                0x80012bc0      0x1a0 /opt/n64/libragon/mips64-elf/lib/libdragon.a(exception.o)
                0x80012bc0                register_syscall_handler
 .text.__onSyscallException
                0x80012d60      0x180 /opt/n64/libragon/mips64-elf/lib/libdragon.a(exception.o)
                0x80012d60                __onSyscallException
 .text.__register_frame_info
                0x80012ee0       0x20 /opt/n64/libragon/mips64-elf/lib/libdragon.a(do_ctors.o)
                0x80012ee0                __register_frame_info
 .text.__wrap___do_global_ctors
                0x80012f00       0xe0 /opt/n64/libragon/mips64-elf/lib/libdragon.a(do_ctors.o)
                0x80012f00                __wrap___do_global_ctors
 .text.controller_read
                0x80012fe0       0x20 /opt/n64/libragon/mips64-elf/lib/libdragon.a(controller.o)
                0x80012fe0                controller_read
 .text.joybus_msg_send
                0x80013000       0x80 /opt/n64/libragon/mips64-elf/lib/libdragon.a(joybus.o)
 .text.callback.0
                0x80013080       0xa0 /opt/n64/libragon/mips64-elf/lib/libdragon.a(joybus.o)
 .text.si_interrupt
                0x80013120      0x1a0 /opt/n64/libragon/mips64-elf/lib/libdragon.a(joybus.o)
 .text.startup.__joybus_init
                0x800132c0       0x60 /opt/n64/libragon/mips64-elf/lib/libdragon.a(joybus.o)
                0x800132c0                __joybus_init
 .text.joybus_exec_async
                0x80013320      0x1a0 /opt/n64/libragon/mips64-elf/lib/libdragon.a(joybus.o)
                0x80013320                joybus_exec_async
 .text.joybus_exec
                0x800134c0      0x140 /opt/n64/libragon/mips64-elf/lib/libdragon.a(joybus.o)
                0x800134c0                joybus_exec
 .text.data_cache_hit_writeback
                0x80013600       0x60 /opt/n64/libragon/mips64-elf/lib/libdragon.a(n64sys.o)
                0x80013600                data_cache_hit_writeback
 .text.data_cache_hit_invalidate
                0x80013660       0x80 /opt/n64/libragon/mips64-elf/lib/libdragon.a(n64sys.o)
                0x80013660                data_cache_hit_invalidate
 .text.data_cache_hit_writeback_invalidate
                0x800136e0       0x60 /opt/n64/libragon/mips64-elf/lib/libdragon.a(n64sys.o)
                0x800136e0                data_cache_hit_writeback_invalidate
 .text.inst_cache_hit_invalidate
                0x80013740       0x60 /opt/n64/libragon/mips64-elf/lib/libdragon.a(n64sys.o)
                0x80013740                inst_cache_hit_invalidate
 .text.malloc_uncached_aligned
                0x800137a0       0x80 /opt/n64/libragon/mips64-elf/lib/libdragon.a(n64sys.o)
                0x800137a0                malloc_uncached_aligned
 .text.free_uncached
                0x80013820       0x20 /opt/n64/libragon/mips64-elf/lib/libdragon.a(n64sys.o)
                0x80013820                free_uncached
 .text.get_ticks
                0x80013840       0x40 /opt/n64/libragon/mips64-elf/lib/libdragon.a(n64sys.o)
                0x80013840                get_ticks
 .text.wait_ms  0x80013880       0x40 /opt/n64/libragon/mips64-elf/lib/libdragon.a(n64sys.o)
                0x80013880                wait_ms
 .text.startup.__init_cop1
                0x800138c0       0x40 /opt/n64/libragon/mips64-elf/lib/libdragon.a(n64sys.o)
                0x800138c0                __init_cop1
 .text.__MI_handler
                0x80013900      0x220 /opt/n64/libragon/mips64-elf/lib/libdragon.a(interrupt.o)
                0x80013900                __MI_handler
 .text.__MI_BB_handler
                0x80013b20      0x2c0 /opt/n64/libragon/mips64-elf/lib/libdragon.a(interrupt.o)
                0x80013b20                __MI_BB_handler
 .text.__TI_handler
                0x80013de0       0x60 /opt/n64/libragon/mips64-elf/lib/libdragon.a(interrupt.o)
                0x80013de0                __TI_handler
 .text.__CART_handler
                0x80013e40       0xe0 /opt/n64/libragon/mips64-elf/lib/libdragon.a(interrupt.o)
                0x80013e40                __CART_handler
 .text.__RESET_handler
                0x80013f20       0x60 /opt/n64/libragon/mips64-elf/lib/libdragon.a(interrupt.o)
                0x80013f20                __RESET_handler
 .text.register_VI_handler
                0x80013f80       0x60 /opt/n64/libragon/mips64-elf/lib/libdragon.a(interrupt.o)
                0x80013f80                register_VI_handler
 .text.unregister_VI_handler
                0x80013fe0       0x60 /opt/n64/libragon/mips64-elf/lib/libdragon.a(interrupt.o)
                0x80013fe0                unregister_VI_handler
 .text.register_SI_handler
                0x80014040       0x60 /opt/n64/libragon/mips64-elf/lib/libdragon.a(interrupt.o)
                0x80014040                register_SI_handler
 .text.set_VI_interrupt
                0x800140a0       0x40 /opt/n64/libragon/mips64-elf/lib/libdragon.a(interrupt.o)
                0x800140a0                set_VI_interrupt
 .text.set_SI_interrupt
                0x800140e0       0x20 /opt/n64/libragon/mips64-elf/lib/libdragon.a(interrupt.o)
                0x800140e0                set_SI_interrupt
 .text.startup.__init_interrupts
                0x80014100       0x60 /opt/n64/libragon/mips64-elf/lib/libdragon.a(interrupt.o)
                0x80014100                __init_interrupts
 .text.disable_interrupts
                0x80014160       0x40 /opt/n64/libragon/mips64-elf/lib/libdragon.a(interrupt.o)
                0x80014160                disable_interrupts
 .text.enable_interrupts
                0x800141a0       0x80 /opt/n64/libragon/mips64-elf/lib/libdragon.a(interrupt.o)
                0x800141a0                enable_interrupts
 .text.cb.0     0x80014220       0x40 /opt/n64/libragon/mips64-elf/lib/libdragon.a(backtrace.o)
 .text.symt_open
                0x80014260      0x200 /opt/n64/libragon/mips64-elf/lib/libdragon.a(backtrace.o)
 .text.symt_addrtab_entry.isra.0
                0x80014460       0x60 /opt/n64/libragon/mips64-elf/lib/libdragon.a(backtrace.o)
 .text.format_entry
                0x800144c0      0x280 /opt/n64/libragon/mips64-elf/lib/libdragon.a(backtrace.o)
 .text.symt_addrtab_search
                0x80014740      0x1e0 /opt/n64/libragon/mips64-elf/lib/libdragon.a(backtrace.o)
 .text.__symbolize
                0x80014920      0x260 /opt/n64/libragon/mips64-elf/lib/libdragon.a(backtrace.o)
                0x80014920                __symbolize
 .text.__bt_analyze_func
                0x80014b80      0x1a0 /opt/n64/libragon/mips64-elf/lib/libdragon.a(backtrace.o)
                0x80014b80                __bt_analyze_func
 .text.backtrace_foreach.constprop.0
                0x80014d20      0x300 /opt/n64/libragon/mips64-elf/lib/libdragon.a(backtrace.o)
 .text.backtrace
                0x80015020       0xe0 /opt/n64/libragon/mips64-elf/lib/libdragon.a(backtrace.o)
                0x80015020                backtrace
 .text.backtrace_symbols_cb
                0x80015100      0x2c0 /opt/n64/libragon/mips64-elf/lib/libdragon.a(backtrace.o)
                0x80015100                backtrace_symbols_cb
 .text.backtrace_frame_print
                0x800153c0       0xa0 /opt/n64/libragon/mips64-elf/lib/libdragon.a(backtrace.o)
                0x800153c0                backtrace_frame_print
 .text.backtrace_frame_print_compact
                0x80015460      0x140 /opt/n64/libragon/mips64-elf/lib/libdragon.a(backtrace.o)
                0x80015460                backtrace_frame_print_compact
 .text.rompak_search_ext
                0x800155a0      0x240 /opt/n64/libragon/mips64-elf/lib/libdragon.a(rompak.o)
                0x800155a0                rompak_search_ext
 .text.__display_callback
                0x800157e0      0x140 /opt/n64/libragon/mips64-elf/lib/libdragon.a(display.o)
 .text.display_show.part.0
                0x80015920      0x1a0 /opt/n64/libragon/mips64-elf/lib/libdragon.a(display.o)
 .text.display_init
                0x80015ac0      0x5e0 /opt/n64/libragon/mips64-elf/lib/libdragon.a(display.o)
                0x80015ac0                display_init
 .text.display_close
                0x800160a0      0x100 /opt/n64/libragon/mips64-elf/lib/libdragon.a(display.o)
                0x800160a0                display_close
 .text.display_try_get
                0x800161a0       0xc0 /opt/n64/libragon/mips64-elf/lib/libdragon.a(display.o)
                0x800161a0                display_try_get
 .text.display_get
                0x80016260      0x100 /opt/n64/libragon/mips64-elf/lib/libdragon.a(display.o)
                0x80016260                display_get
 .text.display_show
                0x80016360       0x20 /opt/n64/libragon/mips64-elf/lib/libdragon.a(display.o)
                0x80016360                display_show
 .text.display_show_force
                0x80016380       0x40 /opt/n64/libragon/mips64-elf/lib/libdragon.a(display.o)
                0x80016380                display_show_force
 .text.display_get_bitdepth
                0x800163c0       0x20 /opt/n64/libragon/mips64-elf/lib/libdragon.a(display.o)
                0x800163c0                display_get_bitdepth
 .text.surface_alloc
                0x800163e0       0xe0 /opt/n64/libragon/mips64-elf/lib/libdragon.a(surface.o)
                0x800163e0                surface_alloc
 .text.surface_free
                0x800164c0       0x80 /opt/n64/libragon/mips64-elf/lib/libdragon.a(surface.o)
                0x800164c0                surface_free
 .text.graphics_draw_character.part.0
                0x80016540      0x4e0 /opt/n64/libragon/mips64-elf/lib/libdragon.a(graphics.o)
 .text.graphics_set_color
                0x80016a20       0x20 /opt/n64/libragon/mips64-elf/lib/libdragon.a(graphics.o)
                0x80016a20                graphics_set_color
 .text.graphics_draw_box
                0x80016a40      0x120 /opt/n64/libragon/mips64-elf/lib/libdragon.a(graphics.o)
                0x80016a40                graphics_draw_box
 .text.graphics_fill_screen
                0x80016b60       0x80 /opt/n64/libragon/mips64-elf/lib/libdragon.a(graphics.o)
                0x80016b60                graphics_fill_screen
 .text.graphics_set_default_font
                0x80016be0       0x20 /opt/n64/libragon/mips64-elf/lib/libdragon.a(graphics.o)
                0x80016be0                graphics_set_default_font
 .text.graphics_draw_character
                0x80016c00       0x20 /opt/n64/libragon/mips64-elf/lib/libdragon.a(graphics.o)
                0x80016c00                graphics_draw_character
 .text.graphics_draw_text
                0x80016c20      0x120 /opt/n64/libragon/mips64-elf/lib/libdragon.a(graphics.o)
                0x80016c20                graphics_draw_text
 .text.rsp_load_code
                0x80016d40      0x100 /opt/n64/libragon/mips64-elf/lib/libdragon.a(rsp.o)
                0x80016d40                rsp_load_code
 .text.rsp_load_data
                0x80016e40       0xe0 /opt/n64/libragon/mips64-elf/lib/libdragon.a(rsp.o)
                0x80016e40                rsp_load_data
 .text.rsp_read_code
                0x80016f20       0xe0 /opt/n64/libragon/mips64-elf/lib/libdragon.a(rsp.o)
                0x80016f20                rsp_read_code
 .text.rsp_read_data
                0x80017000       0xe0 /opt/n64/libragon/mips64-elf/lib/libdragon.a(rsp.o)
                0x80017000                rsp_read_data
 .text.__rsp_crash
                0x800170e0      0xc40 /opt/n64/libragon/mips64-elf/lib/libdragon.a(rsp.o)
                0x800170e0                __rsp_crash
 .text.__rsp_check_assert
                0x80017d20       0x80 /opt/n64/libragon/mips64-elf/lib/libdragon.a(rsp.o)
                0x80017d20                __rsp_check_assert
 .text.rsp_wait
                0x80017da0      0x100 /opt/n64/libragon/mips64-elf/lib/libdragon.a(rsp.o)
                0x80017da0                rsp_wait
 .text.rsp_run  0x80017ea0       0x60 /opt/n64/libragon/mips64-elf/lib/libdragon.a(rsp.o)
                0x80017ea0                rsp_run
 .text.__console_render.part.0
                0x80017f00      0x100 /opt/n64/libragon/mips64-elf/lib/libdragon.a(console.o)
 .text.__console_write
                0x80018000      0x2c0 /opt/n64/libragon/mips64-elf/lib/libdragon.a(console.o)
 .text.console_set_render_mode
                0x800182c0       0x20 /opt/n64/libragon/mips64-elf/lib/libdragon.a(console.o)
                0x800182c0                console_set_render_mode
 .text.console_init
                0x800182e0       0xe0 /opt/n64/libragon/mips64-elf/lib/libdragon.a(console.o)
                0x800182e0                console_init
 .text.console_render
                0x800183c0       0x40 /opt/n64/libragon/mips64-elf/lib/libdragon.a(console.o)
                0x800183c0                console_render
 .text.console_set_debug
                0x80018400       0x20 /opt/n64/libragon/mips64-elf/lib/libdragon.a(console.o)
                0x80018400                console_set_debug
 .text.close    0x80018420       0xe0 /opt/n64/libragon/mips64-elf/lib/libdragonsys.a(system.o)
                0x80018420                close
 .text._exit    0x80018500       0x20 /opt/n64/libragon/mips64-elf/lib/libdragonsys.a(system.o)
                0x80018500                _exit
 .text.fstat    0x80018520      0x100 /opt/n64/libragon/mips64-elf/lib/libdragonsys.a(system.o)
                0x80018520                fstat
 .text.getpid   0x80018620       0x40 /opt/n64/libragon/mips64-elf/lib/libdragonsys.a(system.o)
                0x80018620                getpid
 .text.isatty   0x80018660       0x40 /opt/n64/libragon/mips64-elf/lib/libdragonsys.a(system.o)
                0x80018660                isatty
 .text.kill     0x800186a0       0x40 /opt/n64/libragon/mips64-elf/lib/libdragonsys.a(system.o)
                0x800186a0                kill
 .text.lseek    0x800186e0      0x100 /opt/n64/libragon/mips64-elf/lib/libdragonsys.a(system.o)
                0x800186e0                lseek
 .text.read     0x800187e0      0x140 /opt/n64/libragon/mips64-elf/lib/libdragonsys.a(system.o)
                0x800187e0                read
 .text.sbrk     0x80018920      0x120 /opt/n64/libragon/mips64-elf/lib/libdragonsys.a(system.o)
                0x80018920                sbrk
 .text.write    0x80018a40      0x140 /opt/n64/libragon/mips64-elf/lib/libdragonsys.a(system.o)
                0x80018a40                write
 .text.hook_stdio_calls
                0x80018b80       0x60 /opt/n64/libragon/mips64-elf/lib/libdragonsys.a(system.o)
                0x80018b80                hook_stdio_calls
 .text._flush_cache
                0x80018be0       0x40 /opt/n64/libragon/mips64-elf/lib/libdragonsys.a(system.o)
                0x80018be0                _flush_cache
 .text.__assert_func
                0x80018c20       0x20 /opt/n64/libragon/mips64-elf/lib/libdragonsys.a(system.o)
                0x80018c20                __assert_func
 *(keep.text.*)
 *(.init)
 .init          0x80018c40        0x8 /opt/n64/libragon_gcc/lib/gcc/mips64-elf/13.2.0/crti.o
                0x80018c40                _init
 *(.fini)
 .fini          0x80018c48        0x8 /opt/n64/libragon_gcc/lib/gcc/mips64-elf/13.2.0/crti.o
                0x80018c48                _fini
 *(.gnu.linkonce.t.*)
                0x80018c50                        . = ALIGN (0x10)
                0x80018c50                        __text_end = .

.eh_frame_hdr
 *(.eh_frame_hdr)

.eh_frame       0x80018c50        0x4
                0x80018c50                        __EH_FRAME_BEGIN__ = .
 *(.eh_frame)
 .eh_frame      0x80018c50        0x0 /opt/n64/libragon_gcc/lib/gcc/mips64-elf/13.2.0/crtbegin.o
 .eh_frame      0x80018c50        0x4 /opt/n64/libragon_gcc/lib/gcc/mips64-elf/13.2.0/crtend.o

.gcc_except_table
 *(.gcc_except_table*)

.jcr
 *(.jcr)

.rodata         0x80018c58     0x4778
 *(.rdata)
 *(.rodata)
 .rodata        0x80018c58      0x188 /opt/n64/libragon_gcc/lib/gcc/mips64-elf/13.2.0/../../../../mips64-elf/lib/libc.a(libc_a-vfprintf.o)
 .rodata        0x80018de0      0x188 /opt/n64/libragon_gcc/lib/gcc/mips64-elf/13.2.0/../../../../mips64-elf/lib/libc.a(libc_a-vfiprintf.o)
 .rodata        0x80018f68      0x128 /opt/n64/libragon_gcc/lib/gcc/mips64-elf/13.2.0/../../../../mips64-elf/lib/libc.a(libc_a-mprec.o)
                0x80018f78                __mprec_tinytens
                0x80018fa0                __mprec_bigtens
                0x80018fc8                __mprec_tens
 .rodata        0x80019090      0x288 /opt/n64/libragon_gcc/lib/gcc/mips64-elf/13.2.0/../../../../mips64-elf/lib/libc.a(libc_a-ctype_.o)
                0x80019090                _ctype_
                0x80019198                _ctype_b
 .rodata        0x80019318      0x188 /opt/n64/libragon_gcc/lib/gcc/mips64-elf/13.2.0/../../../../mips64-elf/lib/libc.a(libc_a-svfprintf.o)
 .rodata        0x800194a0      0x188 /opt/n64/libragon_gcc/lib/gcc/mips64-elf/13.2.0/../../../../mips64-elf/lib/libc.a(libc_a-svfiprintf.o)
 *(.rodata.*)
 .rodata.cb.0.str1.8
                0x80019628     0x2bda /opt/n64/libragon/mips64-elf/lib/libdragon.a(debug.o)
                                 0x1d (size before relaxing)
 .rodata.debug_assert_func_f.str1.8
                0x8001c202       0x45 /opt/n64/libragon/mips64-elf/lib/libdragon.a(debug.o)
 .rodata.debug_hexdump.str1.8
                0x8001c202       0x33 /opt/n64/libragon/mips64-elf/lib/libdragon.a(debug.o)
 .rodata.__debug_backtrace.str1.8
                0x8001c202        0xc /opt/n64/libragon/mips64-elf/lib/libdragon.a(debug.o)
 .rodata.cb.2.str1.8
                0x8001c202       0x22 /opt/n64/libragon/mips64-elf/lib/libdragon.a(inspector.o)
 .rodata.cb.1.str1.8
                0x8001c202        0xc /opt/n64/libragon/mips64-elf/lib/libdragon.a(inspector.o)
 .rodata.cb.0.str1.8
                0x8001c202       0x27 /opt/n64/libragon/mips64-elf/lib/libdragon.a(inspector.o)
 .rodata.cb.3.str1.8
                0x8001c202       0x2a /opt/n64/libragon/mips64-elf/lib/libdragon.a(inspector.o)
 *fill*         0x8001c202        0x2 
 .rodata.inspector_stdout
                0x8001c204       0x54 /opt/n64/libragon/mips64-elf/lib/libdragon.a(inspector.o)
 .rodata.mips_disasm.str1.8
                0x8001c258      0x216 /opt/n64/libragon/mips64-elf/lib/libdragon.a(inspector.o)
 .rodata.mips_disasm
                0x8001c258      0x124 /opt/n64/libragon/mips64-elf/lib/libdragon.a(inspector.o)
 .rodata.inspector.str1.8
                0x8001c37c      0x22c /opt/n64/libragon/mips64-elf/lib/libdragon.a(inspector.o)
 .rodata.inspector
                0x8001c37c       0x14 /opt/n64/libragon/mips64-elf/lib/libdragon.a(inspector.o)
 .rodata.str1.8
                0x8001c390      0x843 /opt/n64/libragon/mips64-elf/lib/libdragon.a(inspector.o)
 .rodata.CSWTCH.136
                0x8001c390       0x14 /opt/n64/libragon/mips64-elf/lib/libdragon.a(inspector.o)
 *fill*         0x8001c3a4        0x4 
 .rodata.cop0_regname.7
                0x8001c3a8       0x80 /opt/n64/libragon/mips64-elf/lib/libdragon.a(inspector.o)
 .rodata.fpu_ops.8
                0x8001c428      0x100 /opt/n64/libragon/mips64-elf/lib/libdragon.a(inspector.o)
 .rodata.special.9
                0x8001c528      0x100 /opt/n64/libragon/mips64-elf/lib/libdragon.a(inspector.o)
 .rodata.ops.10
                0x8001c628      0x100 /opt/n64/libragon/mips64-elf/lib/libdragon.a(inspector.o)
 .rodata.RESOLUTION_640x240
                0x8001c728        0xc /opt/n64/libragon/mips64-elf/lib/libdragon.a(inspector.o)
 .rodata.dma_write_raw_async.part.0.str1.8
                0x8001c734       0x12 /opt/n64/libragon/mips64-elf/lib/libdragon.a(dma.o)
 .rodata.dma_read_async.str1.8
                0x8001c734       0x8d /opt/n64/libragon/mips64-elf/lib/libdragon.a(dma.o)
 *fill*         0x8001c734        0x4 
 .rodata.__func__.0
                0x8001c738        0xf /opt/n64/libragon/mips64-elf/lib/libdragon.a(dma.o)
 *fill*         0x8001c747        0x1 
 .rodata.__func__.2
                0x8001c748       0x13 /opt/n64/libragon/mips64-elf/lib/libdragon.a(dma.o)
 .rodata.cb.0.str1.8
                0x8001c75b       0x17 /opt/n64/libragon/mips64-elf/lib/libdragon.a(exception.o)
 .rodata.cb.1.str1.8
                0x8001c75b       0x19 /opt/n64/libragon/mips64-elf/lib/libdragon.a(exception.o)
 .rodata.__get_exception_name.isra.0.str1.8
                0x8001c75b      0x34b /opt/n64/libragon/mips64-elf/lib/libdragon.a(exception.o)
 *fill*         0x8001c75b        0x1 
 .rodata.__get_exception_name.isra.0
                0x8001c75c       0x40 /opt/n64/libragon/mips64-elf/lib/libdragon.a(exception.o)
 .rodata.__exception_dump_header.str1.8
                0x8001c79c      0x1a5 /opt/n64/libragon/mips64-elf/lib/libdragon.a(exception.o)
 .rodata.__exception_dump_header
                0x8001c79c       0x60 /opt/n64/libragon/mips64-elf/lib/libdragon.a(exception.o)
 .rodata.__exception_dump_gpr.str1.8
                0x8001c7fc       0x34 /opt/n64/libragon/mips64-elf/lib/libdragon.a(exception.o)
 .rodata.__exception_dump_fpr.str1.8
                0x8001c7fc       0x3e /opt/n64/libragon/mips64-elf/lib/libdragon.a(exception.o)
 .rodata.exception_default_handler.str1.8
                0x8001c7fc       0x3e /opt/n64/libragon/mips64-elf/lib/libdragon.a(exception.o)
 .rodata.register_syscall_handler.str1.8
                0x8001c7fc      0x143 /opt/n64/libragon/mips64-elf/lib/libdragon.a(exception.o)
 *fill*         0x8001c7fc        0x4 
 .rodata.__func__.2
                0x8001c800       0x19 /opt/n64/libragon/mips64-elf/lib/libdragon.a(exception.o)
 .rodata.str1.8
                0x8001c819      0x166 /opt/n64/libragon/mips64-elf/lib/libdragon.a(exception.o)
 *fill*         0x8001c819        0x7 
 .rodata.exceptionMap.3
                0x8001c820       0x80 /opt/n64/libragon/mips64-elf/lib/libdragon.a(exception.o)
 .rodata.__do_global_ctors.str1.8
                0x8001c8a0       0xa1 /opt/n64/libragon/mips64-elf/lib/libdragon.a(do_ctors.o)
 .rodata.__wrap___do_global_ctors.str1.8
                0x8001c8a0       0xbb /opt/n64/libragon/mips64-elf/lib/libdragon.a(do_ctors.o)
 .rodata.__func__.0
                0x8001c8a0       0x19 /opt/n64/libragon/mips64-elf/lib/libdragon.a(do_ctors.o)
 *fill*         0x8001c8b9        0x7 
 .rodata.SI_read_con_block.6
                0x8001c8c0       0x40 /opt/n64/libragon/mips64-elf/lib/libdragon.a(controller.o)
 .rodata.joybus_msg_send.str1.8
                0x8001c900       0x5c /opt/n64/libragon/mips64-elf/lib/libdragon.a(joybus.o)
 .rodata.si_interrupt.str1.8
                0x8001c900       0x40 /opt/n64/libragon/mips64-elf/lib/libdragon.a(joybus.o)
 .rodata.joybus_exec_async.str1.8
                0x8001c900       0x4a /opt/n64/libragon/mips64-elf/lib/libdragon.a(joybus.o)
 .rodata.__func__.1
                0x8001c900       0x12 /opt/n64/libragon/mips64-elf/lib/libdragon.a(joybus.o)
 *fill*         0x8001c912        0x6 
 .rodata.__func__.2
                0x8001c918       0x10 /opt/n64/libragon/mips64-elf/lib/libdragon.a(joybus.o)
 .rodata.__func__.3
                0x8001c928       0x10 /opt/n64/libragon/mips64-elf/lib/libdragon.a(joybus.o)
 .rodata.__func__.4
                0x8001c938        0xd /opt/n64/libragon/mips64-elf/lib/libdragon.a(joybus.o)
 .rodata.data_cache_hit_invalidate.str1.8
                0x8001c945       0x45 /opt/n64/libragon/mips64-elf/lib/libdragon.a(n64sys.o)
 *fill*         0x8001c945        0x3 
 .rodata.__func__.1
                0x8001c948       0x1a /opt/n64/libragon/mips64-elf/lib/libdragon.a(n64sys.o)
 .rodata.__MI_BB_handler.str1.8
                0x8001c962      0x18e /opt/n64/libragon/mips64-elf/lib/libdragon.a(interrupt.o)
 .rodata.__CART_handler.str1.8
                0x8001c962       0x7a /opt/n64/libragon/mips64-elf/lib/libdragon.a(interrupt.o)
 .rodata.enable_interrupts.str1.8
                0x8001c962       0x3c /opt/n64/libragon/mips64-elf/lib/libdragon.a(interrupt.o)
 *fill*         0x8001c962        0x6 
 .rodata.__func__.0
                0x8001c968       0x12 /opt/n64/libragon/mips64-elf/lib/libdragon.a(interrupt.o)
 *fill*         0x8001c97a        0x6 
 .rodata.__func__.3
                0x8001c980        0xf /opt/n64/libragon/mips64-elf/lib/libdragon.a(interrupt.o)
 *fill*         0x8001c98f        0x1 
 .rodata.__func__.5
                0x8001c990       0x10 /opt/n64/libragon/mips64-elf/lib/libdragon.a(interrupt.o)
 .rodata.symt_open.str1.8
                0x8001c9a0       0xc3 /opt/n64/libragon/mips64-elf/lib/libdragon.a(backtrace.o)
 .rodata.symt_addrtab_entry.isra.0.str1.8
                0x8001c9a0       0x38 /opt/n64/libragon/mips64-elf/lib/libdragon.a(backtrace.o)
 .rodata.format_entry.str1.8
                0x8001c9a0       0x14 /opt/n64/libragon/mips64-elf/lib/libdragon.a(backtrace.o)
 .rodata.__symbolize.str1.8
                0x8001c9a0       0x13 /opt/n64/libragon/mips64-elf/lib/libdragon.a(backtrace.o)
 .rodata.__bt_analyze_func.str1.8
                0x8001c9a0       0x42 /opt/n64/libragon/mips64-elf/lib/libdragon.a(backtrace.o)
 .rodata.backtrace_foreach.constprop.0.str1.8
                0x8001c9a0       0x81 /opt/n64/libragon/mips64-elf/lib/libdragon.a(backtrace.o)
 .rodata.backtrace_symbols_cb.str1.8
                0x8001c9a0       0x22 /opt/n64/libragon/mips64-elf/lib/libdragon.a(backtrace.o)
 .rodata.backtrace_frame_print.str1.8
                0x8001c9a0       0x35 /opt/n64/libragon/mips64-elf/lib/libdragon.a(backtrace.o)
 .rodata.backtrace_frame_print_compact.str1.8
                0x8001c9a0       0x2a /opt/n64/libragon/mips64-elf/lib/libdragon.a(backtrace.o)
 .rodata.__func__.3
                0x8001c9a0       0x13 /opt/n64/libragon/mips64-elf/lib/libdragon.a(backtrace.o)
 .rodata.rompak_search_ext.str1.8
                0x8001c9b3       0xb7 /opt/n64/libragon/mips64-elf/lib/libdragon.a(rompak.o)
 *fill*         0x8001c9b3        0x5 
 .rodata.__func__.0
                0x8001c9b8       0x12 /opt/n64/libragon/mips64-elf/lib/libdragon.a(rompak.o)
 .rodata.display_show.part.0.str1.8
                0x8001c9ca       0xf9 /opt/n64/libragon/mips64-elf/lib/libdragon.a(display.o)
 .rodata.display_init.str1.8
                0x8001c9ca      0x251 /opt/n64/libragon/mips64-elf/lib/libdragon.a(display.o)
 *fill*         0x8001c9ca        0x2 
 .rodata.display_init
                0x8001c9cc       0x14 /opt/n64/libragon/mips64-elf/lib/libdragon.a(display.o)
 .rodata.display_get.str1.8
                0x8001c9e0       0x1c /opt/n64/libragon/mips64-elf/lib/libdragon.a(display.o)
 .rodata.__func__.0
                0x8001c9e0        0xd /opt/n64/libragon/mips64-elf/lib/libdragon.a(display.o)
 *fill*         0x8001c9ed        0x3 
 .rodata.__func__.1
                0x8001c9f0        0xc /opt/n64/libragon/mips64-elf/lib/libdragon.a(display.o)
 *fill*         0x8001c9fc        0x4 
 .rodata.__func__.4
                0x8001ca00        0xd /opt/n64/libragon/mips64-elf/lib/libdragon.a(display.o)
 *fill*         0x8001ca0d        0x3 
 .rodata.vi_config_presets
                0x8001ca10      0x150 /opt/n64/libragon/mips64-elf/lib/libdragon.a(display.o)
 .rodata.surface_alloc.str1.8
                0x8001cb60       0x62 /opt/n64/libragon/mips64-elf/lib/libdragon.a(surface.o)
 .rodata.__func__.1
                0x8001cb60        0xe /opt/n64/libragon/mips64-elf/lib/libdragon.a(surface.o)
 *fill*         0x8001cb6e        0x2 
 .rodata.__font_data
                0x8001cb70      0x800 /opt/n64/libragon/mips64-elf/lib/libdragon.a(graphics.o)
 .rodata.rsp_load_code.str1.8
                0x8001d370       0x47 /opt/n64/libragon/mips64-elf/lib/libdragon.a(rsp.o)
 .rodata.rsp_load_data.str1.8
                0x8001d370       0x17 /opt/n64/libragon/mips64-elf/lib/libdragon.a(rsp.o)
 .rodata.__rsp_crash.str1.8
                0x8001d370      0x7ef /opt/n64/libragon/mips64-elf/lib/libdragon.a(rsp.o)
 .rodata.rsp_wait.str1.8
                0x8001d370       0x1c /opt/n64/libragon/mips64-elf/lib/libdragon.a(rsp.o)
 .rodata.__func__.0
                0x8001d370        0x9 /opt/n64/libragon/mips64-elf/lib/libdragon.a(rsp.o)
 *fill*         0x8001d379        0x7 
 .rodata.__func__.1
                0x8001d380        0xe /opt/n64/libragon/mips64-elf/lib/libdragon.a(rsp.o)
 *fill*         0x8001d38e        0x2 
 .rodata.__func__.2
                0x8001d390        0xe /opt/n64/libragon/mips64-elf/lib/libdragon.a(rsp.o)
 *fill*         0x8001d39e        0x2 
 .rodata.__func__.3
                0x8001d3a0        0xe /opt/n64/libragon/mips64-elf/lib/libdragon.a(rsp.o)
 *fill*         0x8001d3ae        0x2 
 .rodata.__func__.4
                0x8001d3b0        0xe /opt/n64/libragon/mips64-elf/lib/libdragon.a(rsp.o)
 .rodata.str1.8
                0x8001d3be        0xa /opt/n64/libragon/mips64-elf/lib/libdragon.a(rsp.o)
 *fill*         0x8001d3be        0x2 
 .rodata.RESOLUTION_640x240
                0x8001d3c0        0xc /opt/n64/libragon/mips64-elf/lib/libdragon.a(console.o)
 .rodata.str1.8
                0x8001d3cc       0x5a /opt/n64/libragon_gcc/lib/gcc/mips64-elf/13.2.0/../../../../mips64-elf/lib/libc.a(libc_a-vfprintf.o)
 .rodata.str1.8
                0x8001d3cc       0x37 /opt/n64/libragon_gcc/lib/gcc/mips64-elf/13.2.0/../../../../mips64-elf/lib/libc.a(libc_a-vfiprintf.o)
 .rodata.str1.8
                0x8001d3cc        0x2 /opt/n64/libragon_gcc/lib/gcc/mips64-elf/13.2.0/../../../../mips64-elf/lib/libc.a(libc_a-puts.o)
 .rodata.str1.8
                0x8001d3cc       0x1a /opt/n64/libragon_gcc/lib/gcc/mips64-elf/13.2.0/../../../../mips64-elf/lib/libc.a(libc_a-locale.o)
 .rodata.str1.8
                0x8001d3cc       0x71 /opt/n64/libragon_gcc/lib/gcc/mips64-elf/13.2.0/../../../../mips64-elf/lib/libc.a(libc_a-dtoa.o)
 .rodata.str1.8
                0x8001d3cc       0x52 /opt/n64/libragon_gcc/lib/gcc/mips64-elf/13.2.0/../../../../mips64-elf/lib/libc.a(libc_a-mprec.o)
 .rodata.str1.8
                0x8001d3cc       0x5a /opt/n64/libragon_gcc/lib/gcc/mips64-elf/13.2.0/../../../../mips64-elf/lib/libc.a(libc_a-svfprintf.o)
 .rodata.str1.8
                0x8001d3cc       0x37 /opt/n64/libragon_gcc/lib/gcc/mips64-elf/13.2.0/../../../../mips64-elf/lib/libc.a(libc_a-svfiprintf.o)
 *(keep.rodata.*)
 *(.gnu.linkonce.r.*)
                0x8001d440                        . = ALIGN (0x8)
 *fill*         0x8001d3cc        0x4 

.MIPS.abiflags  0x8001d3d0       0x18
 .MIPS.abiflags
                0x8001d3d0       0x18 /opt/n64/libragon_gcc/lib/gcc/mips64-elf/13.2.0/crti.o

.rel.dyn        0x8001d3e8        0x0
 .rel.dyn       0x8001d3e8        0x0 /opt/n64/libragon/mips64-elf/lib/libdragon.a(inspector.o)
                0x8001d3e8                        . = ALIGN (0x4)

.ctors          0x8001d3e8       0x18
                0x8001d3e8                        __CTOR_LIST__ = .
 *(.ctors)
 .ctors         0x8001d3e8        0x4 /opt/n64/libragon_gcc/lib/gcc/mips64-elf/13.2.0/crtbegin.o
 .ctors         0x8001d3ec        0x4 /opt/n64/libragon/mips64-elf/lib/libdragon.a(inspector.o)
 .ctors         0x8001d3f0        0x4 /opt/n64/libragon/mips64-elf/lib/libdragon.a(joybus.o)
 .ctors         0x8001d3f4        0x4 /opt/n64/libragon/mips64-elf/lib/libdragon.a(n64sys.o)
 .ctors         0x8001d3f8        0x4 /opt/n64/libragon/mips64-elf/lib/libdragon.a(interrupt.o)
 .ctors         0x8001d3fc        0x4 /opt/n64/libragon_gcc/lib/gcc/mips64-elf/13.2.0/crtend.o
                0x8001d400                        __CTOR_END__ = .
                0x8001d400                        . = ALIGN (0x8)

.data           0x8001d400      0xae8
                0x8001d400                        __data_start = .
 *(.data)
 .data          0x8001d400      0x1c4 /opt/n64/libragon/mips64-elf/lib/libdragon.a(rsp_crash.o)
                0x8001d400                rsp_crash_text_start
                0x8001d5c0                rsp_crash_data_start
                0x8001d5c0                rsp_crash_text_end
                0x8001d5c4                rsp_crash_data_end
 *fill*         0x8001d5c4        0x4 
 .data          0x8001d5c8      0x408 /opt/n64/libragon_gcc/lib/gcc/mips64-elf/13.2.0/../../../../mips64-elf/lib/libc.a(libc_a-mallocr.o)
                0x8001d5c8                __malloc_av_
 .data          0x8001d9d0        0xc /opt/n64/libragon_gcc/lib/gcc/mips64-elf/13.2.0/../../../../mips64-elf/lib/libc.a(libc_a-findfp.o)
                0x8001d9d0                __sglue
 *fill*         0x8001d9dc        0x4 
 .data          0x8001d9e0      0x16c /opt/n64/libragon_gcc/lib/gcc/mips64-elf/13.2.0/../../../../mips64-elf/lib/libc.a(libc_a-locale.o)
                0x8001d9e0                __global_locale
 *fill*         0x8001db4c        0x4 
 .data          0x8001db50      0x120 /opt/n64/libragon_gcc/lib/gcc/mips64-elf/13.2.0/../../../../mips64-elf/lib/libc.a(libc_a-impure.o)
                0x8001db50                _impure_data
 *(.data.*)
 .data.__mips_fpreg
                0x8001dc70       0x80 /opt/n64/libragon/mips64-elf/lib/libdragon.a(inspector.o)
                0x8001dc70                __mips_fpreg
 .data.__mips_gpr
                0x8001dcf0       0x88 /opt/n64/libragon/mips64-elf/lib/libdragon.a(inspector.o)
                0x8001dcf0                __mips_gpr
 .data.sprite_font
                0x8001dd78        0xc /opt/n64/libragon/mips64-elf/lib/libdragon.a(graphics.o)
 *fill*         0x8001dd84        0x4 
 .data.rsp_crash
                0x8001dd88       0x20 /opt/n64/libragon/mips64-elf/lib/libdragon.a(rsp.o)
                0x8001dd88                rsp_crash
 .data.warning.0
                0x8001dda8       0xba /opt/n64/libragon/mips64-elf/lib/libdragonsys.a(system.o)
 *fill*         0x8001de62        0x6 
 .data.handle_map
                0x8001de68       0x80 /opt/n64/libragon/mips64-elf/lib/libdragonsys.a(system.o)
 *(keep.data.*)
 *(.gnu.linkonce.d.*)
                0x8001dee8                        . = ALIGN (0x8)

.sdata          0x8001dee8       0xb8
                0x80025ee8                        _gp = (. + 0x8000)
 *(.sdata)
 .sdata         0x8001dee8       0x10 /opt/n64/libragon/mips64-elf/lib/libdragon.a(exception.o)
 .sdata         0x8001def8        0x8 /opt/n64/libragon_gcc/lib/gcc/mips64-elf/13.2.0/../../../../mips64-elf/lib/libc.a(libc_a-mallocr.o)
                0x8001def8                __malloc_sbrk_base
                0x8001defc                __malloc_trim_threshold
 .sdata         0x8001df00        0x8 /opt/n64/libragon_gcc/lib/gcc/mips64-elf/13.2.0/../../../../mips64-elf/lib/libc.a(libc_a-vfprintf.o)
 .sdata         0x8001df08        0x4 /opt/n64/libragon_gcc/lib/gcc/mips64-elf/13.2.0/../../../../mips64-elf/lib/libc.a(libc_a-impure.o)
                0x8001df08                _impure_ptr
 *fill*         0x8001df0c        0x4 
 .sdata         0x8001df10       0x48 /opt/n64/libragon_gcc/lib/gcc/mips64-elf/13.2.0/../../../../mips64-elf/lib/libc.a(libc_a-dtoa.o)
 .sdata         0x8001df58       0x10 /opt/n64/libragon_gcc/lib/gcc/mips64-elf/13.2.0/../../../../mips64-elf/lib/libc.a(libc_a-mprec.o)
 .sdata         0x8001df68        0x8 /opt/n64/libragon_gcc/lib/gcc/mips64-elf/13.2.0/../../../../mips64-elf/lib/libc.a(libc_a-svfprintf.o)
 *(.sdata.*)
 .sdata.first_backtrace
                0x8001df70        0x1 /opt/n64/libragon/mips64-elf/lib/libdragon.a(inspector.o)
 *fill*         0x8001df71        0x3 
 .sdata.fpr_show_mode
                0x8001df74        0x4 /opt/n64/libragon/mips64-elf/lib/libdragon.a(inspector.o)
 .sdata.__exception_handler
                0x8001df78        0x4 /opt/n64/libragon/mips64-elf/lib/libdragon.a(exception.o)
 .sdata.__interrupt_depth
                0x8001df7c        0x4 /opt/n64/libragon/mips64-elf/lib/libdragon.a(interrupt.o)
 .sdata.mainexe_symt.4
                0x8001df80        0x4 /opt/n64/libragon/mips64-elf/lib/libdragon.a(backtrace.o)
 .sdata.SYMT_ROM
                0x8001df84        0x4 /opt/n64/libragon/mips64-elf/lib/libdragon.a(backtrace.o)
 .sdata.now_showing
                0x8001df88        0x4 /opt/n64/libragon/mips64-elf/lib/libdragon.a(display.o)
 .sdata.__buffers
                0x8001df8c        0x4 /opt/n64/libragon/mips64-elf/lib/libdragon.a(display.o)
 .sdata.f_color
                0x8001df90        0x4 /opt/n64/libragon/mips64-elf/lib/libdragon.a(graphics.o)
 .sdata.console_redirect_debug
                0x8001df94        0x1 /opt/n64/libragon/mips64-elf/lib/libdragon.a(console.o)
 *fill*         0x8001df95        0x3 
 .sdata.handle_buckets_count
                0x8001df98        0x4 /opt/n64/libragon/mips64-elf/lib/libdragonsys.a(system.o)
 *(.gnu.linkonce.s.*)
                0x8001dfa0                        . = ALIGN (0x8)
 *fill*         0x8001df9c        0x4 

.lit8           0x8001dfa0        0x0
 *(.lit8)
                0x8001dfa0                        . = ALIGN (0x8)

.lit4           0x8001dfa0        0x0
 *(.lit4)
                0x8001dfa0                        . = ALIGN (0x8)
                0x8001dfa0                        . = ALIGN (0x8)
                0x8001dfa0                        __data_end = .
                0x8001dfa0                        . = ALIGN (0x8)
                0x8001dfa0                        __rom_end = .

.sbss           0x8001dfa0      0x114
                0x8001dfa0                        __bss_start = .
 *(.sbss)
 .sbss          0x8001dfa0        0x4 /opt/n64/libragon/mips64-elf/lib/libdragon.a(inthandler.o)
                0x8001dfa0                interrupt_exception_frame
 .sbss          0x8001dfa4        0xc /opt/n64/libragon_gcc/lib/gcc/mips64-elf/13.2.0/../../../../mips64-elf/lib/libc.a(libc_a-mallocr.o)
                0x8001dfa4                __malloc_max_total_mem
                0x8001dfa8                __malloc_max_sbrked_mem
                0x8001dfac                __malloc_top_pad
 .sbss          0x8001dfb0        0x4 /opt/n64/libragon_gcc/lib/gcc/mips64-elf/13.2.0/../../../../mips64-elf/lib/libc.a(libc_a-findfp.o)
                0x8001dfb0                __stdio_exit_handler
 .sbss          0x8001dfb4        0x4 /opt/n64/libragon_gcc/lib/gcc/mips64-elf/13.2.0/../../../../mips64-elf/lib/libc.a(libc_a-reent.o)
                0x8001dfb4                errno
 *(.sbss.*)
 .sbss.backtrace.5
                0x8001dfb8        0x1 /opt/n64/libragon/mips64-elf/lib/libdragon.a(inspector.o)
 .sbss.in_inspector.6
                0x8001dfb9        0x1 /opt/n64/libragon/mips64-elf/lib/libdragon.a(inspector.o)
 *fill*         0x8001dfba        0x2 
 .sbss.module_offset
                0x8001dfbc        0x4 /opt/n64/libragon/mips64-elf/lib/libdragon.a(inspector.o)
 .sbss.disasm_offset
                0x8001dfc0        0x4 /opt/n64/libragon/mips64-elf/lib/libdragon.a(inspector.o)
 .sbss.disasm_max_frames
                0x8001dfc4        0x4 /opt/n64/libragon/mips64-elf/lib/libdragon.a(inspector.o)
 .sbss.disasm_bt_idx
                0x8001dfc8        0x4 /opt/n64/libragon/mips64-elf/lib/libdragon.a(inspector.o)
 .sbss.disp     0x8001dfcc        0x4 /opt/n64/libragon/mips64-elf/lib/libdragon.a(inspector.o)
 .sbss.cursor_wordwrap
                0x8001dfd0        0x4 /opt/n64/libragon/mips64-elf/lib/libdragon.a(inspector.o)
 .sbss.cursor_columns
                0x8001dfd4        0x4 /opt/n64/libragon/mips64-elf/lib/libdragon.a(inspector.o)
 .sbss.cursor_y
                0x8001dfd8        0x4 /opt/n64/libragon/mips64-elf/lib/libdragon.a(inspector.o)
 .sbss.cursor_x
                0x8001dfdc        0x4 /opt/n64/libragon/mips64-elf/lib/libdragon.a(inspector.o)
 .sbss.backtrace_exception.4
                0x8001dfe0        0x1 /opt/n64/libragon/mips64-elf/lib/libdragon.a(exception.o)
 *fill*         0x8001dfe1        0x3 
 .sbss.__dl_num_loaded_modules
                0x8001dfe4        0x4 /opt/n64/libragon/mips64-elf/lib/libdragon.a(dlfcn.o)
                0x8001dfe4                __dl_num_loaded_modules
 .sbss.__dl_list_head
                0x8001dfe8        0x4 /opt/n64/libragon/mips64-elf/lib/libdragon.a(dlfcn.o)
                0x8001dfe8                __dl_list_head
 .sbss.__dl_lookup_module
                0x8001dfec        0x4 /opt/n64/libragon/mips64-elf/lib/libdragon.a(dlfcn.o)
                0x8001dfec                __dl_lookup_module
 .sbss.msgs_ridx
                0x8001dff0        0x4 /opt/n64/libragon/mips64-elf/lib/libdragon.a(joybus.o)
 .sbss.msgs_widx
                0x8001dff4        0x4 /opt/n64/libragon/mips64-elf/lib/libdragon.a(joybus.o)
 .sbss.joybus_state
                0x8001dff8        0x4 /opt/n64/libragon/mips64-elf/lib/libdragon.a(joybus.o)
 *fill*         0x8001dffc        0x4 
 .sbss.ticks64_base
                0x8001e000        0x8 /opt/n64/libragon/mips64-elf/lib/libdragon.a(n64sys.o)
 .sbss.ticks64_base_tick
                0x8001e008        0x4 /opt/n64/libragon/mips64-elf/lib/libdragon.a(n64sys.o)
 .sbss.__expanded_memory_asserted
                0x8001e00c        0x1 /opt/n64/libragon/mips64-elf/lib/libdragon.a(n64sys.o)
                0x8001e00c                __expanded_memory_asserted
 *fill*         0x8001e00d        0x3 
 .sbss.__boot_consoletype
                0x8001e010        0x4 /opt/n64/libragon/mips64-elf/lib/libdragon.a(n64sys.o)
                0x8001e010                __boot_consoletype
 .sbss.__boot_resettype
                0x8001e014        0x4 /opt/n64/libragon/mips64-elf/lib/libdragon.a(n64sys.o)
                0x8001e014                __boot_resettype
 .sbss.__boot_tvtype
                0x8001e018        0x4 /opt/n64/libragon/mips64-elf/lib/libdragon.a(n64sys.o)
                0x8001e018                __boot_tvtype
 .sbss.__boot_memsize
                0x8001e01c        0x4 /opt/n64/libragon/mips64-elf/lib/libdragon.a(n64sys.o)
                0x8001e01c                __boot_memsize
 .sbss.last_cart_interrupt_count.4
                0x8001e020        0x4 /opt/n64/libragon/mips64-elf/lib/libdragon.a(interrupt.o)
 .sbss.__prenmi_tick
                0x8001e024        0x4 /opt/n64/libragon/mips64-elf/lib/libdragon.a(interrupt.o)
 .sbss.BB_MD_callback
                0x8001e028        0x4 /opt/n64/libragon/mips64-elf/lib/libdragon.a(interrupt.o)
                0x8001e028                BB_MD_callback
 .sbss.BB_USB1_callback
                0x8001e02c        0x4 /opt/n64/libragon/mips64-elf/lib/libdragon.a(interrupt.o)
                0x8001e02c                BB_USB1_callback
 .sbss.BB_USB0_callback
                0x8001e030        0x4 /opt/n64/libragon/mips64-elf/lib/libdragon.a(interrupt.o)
                0x8001e030                BB_USB0_callback
 .sbss.BB_AES_callback
                0x8001e034        0x4 /opt/n64/libragon/mips64-elf/lib/libdragon.a(interrupt.o)
                0x8001e034                BB_AES_callback
 .sbss.BB_FLASH_callback
                0x8001e038        0x4 /opt/n64/libragon/mips64-elf/lib/libdragon.a(interrupt.o)
                0x8001e038                BB_FLASH_callback
 .sbss.CART_callback
                0x8001e03c        0x4 /opt/n64/libragon/mips64-elf/lib/libdragon.a(interrupt.o)
                0x8001e03c                CART_callback
 .sbss.TI_callback
                0x8001e040        0x4 /opt/n64/libragon/mips64-elf/lib/libdragon.a(interrupt.o)
                0x8001e040                TI_callback
 .sbss.SP_callback
                0x8001e044        0x4 /opt/n64/libragon/mips64-elf/lib/libdragon.a(interrupt.o)
                0x8001e044                SP_callback
 .sbss.SI_callback
                0x8001e048        0x4 /opt/n64/libragon/mips64-elf/lib/libdragon.a(interrupt.o)
                0x8001e048                SI_callback
 .sbss.DP_callback
                0x8001e04c        0x4 /opt/n64/libragon/mips64-elf/lib/libdragon.a(interrupt.o)
                0x8001e04c                DP_callback
 .sbss.PI_callback
                0x8001e050        0x4 /opt/n64/libragon/mips64-elf/lib/libdragon.a(interrupt.o)
                0x8001e050                PI_callback
 .sbss.VI_callback
                0x8001e054        0x4 /opt/n64/libragon/mips64-elf/lib/libdragon.a(interrupt.o)
                0x8001e054                VI_callback
 .sbss.AI_callback
                0x8001e058        0x4 /opt/n64/libragon/mips64-elf/lib/libdragon.a(interrupt.o)
                0x8001e058                AI_callback
 .sbss.__interrupt_sr
                0x8001e05c        0x4 /opt/n64/libragon/mips64-elf/lib/libdragon.a(interrupt.o)
 .sbss.addrtable_base
                0x8001e060        0x4 /opt/n64/libragon/mips64-elf/lib/libdragon.a(backtrace.o)
 .sbss.toc_addr.1
                0x8001e064        0x4 /opt/n64/libragon/mips64-elf/lib/libdragon.a(rompak.o)
 .sbss.rompak_corrupted.2
                0x8001e068        0x1 /opt/n64/libragon/mips64-elf/lib/libdragon.a(rompak.o)
 *fill*         0x8001e069        0x3 
 .sbss.frame_times_duration
                0x8001e06c        0x4 /opt/n64/libragon/mips64-elf/lib/libdragon.a(display.o)
 .sbss.frame_times_index
                0x8001e070        0x4 /opt/n64/libragon/mips64-elf/lib/libdragon.a(display.o)
 .sbss.ready_mask
                0x8001e074        0x4 /opt/n64/libragon/mips64-elf/lib/libdragon.a(display.o)
 .sbss.drawing_mask
                0x8001e078        0x4 /opt/n64/libragon/mips64-elf/lib/libdragon.a(display.o)
 .sbss.__height
                0x8001e07c        0x4 /opt/n64/libragon/mips64-elf/lib/libdragon.a(display.o)
 .sbss.__width  0x8001e080        0x4 /opt/n64/libragon/mips64-elf/lib/libdragon.a(display.o)
 .sbss.__bitdepth
                0x8001e084        0x4 /opt/n64/libragon/mips64-elf/lib/libdragon.a(display.o)
 .sbss.surfaces
                0x8001e088        0x4 /opt/n64/libragon/mips64-elf/lib/libdragon.a(display.o)
 .sbss.b_color  0x8001e08c        0x4 /opt/n64/libragon/mips64-elf/lib/libdragon.a(graphics.o)
 .sbss.cur_ucode
                0x8001e090        0x4 /opt/n64/libragon/mips64-elf/lib/libdragon.a(rsp.o)
 .sbss.rdpq_trace
                0x8001e094        0x4 /opt/n64/libragon/mips64-elf/lib/libdragon.a(rdpq_debug.o)
                0x8001e094                rdpq_trace
 .sbss.render_now
                0x8001e098        0x4 /opt/n64/libragon/mips64-elf/lib/libdragon.a(console.o)
 .sbss.render_buffer
                0x8001e09c        0x4 /opt/n64/libragon/mips64-elf/lib/libdragon.a(console.o)
 .sbss.handle_open_count
                0x8001e0a0        0x4 /opt/n64/libragon/mips64-elf/lib/libdragonsys.a(system.o)
 .sbss.__assert_func_ptr
                0x8001e0a4        0x4 /opt/n64/libragon/mips64-elf/lib/libdragonsys.a(system.o)
                0x8001e0a4                __assert_func_ptr
 .sbss.__heap_top
                0x8001e0a8        0x4 /opt/n64/libragon/mips64-elf/lib/libdragonsys.a(system.o)
                0x8001e0a8                __heap_top
 .sbss.__heap_end
                0x8001e0ac        0x4 /opt/n64/libragon/mips64-elf/lib/libdragonsys.a(system.o)
                0x8001e0ac                __heap_end
 .sbss.__heap_total_size
                0x8001e0b0        0x4 /opt/n64/libragon/mips64-elf/lib/libdragonsys.a(system.o)
                0x8001e0b0                __heap_total_size
 *(.gnu.linkonce.sb.*)
 *(.scommon)
 *(.scommon.*)
                0x8001e0b8                        . = ALIGN (0x8)

.bss            0x8001e0c0      0x660
 *(.bss)
 .bss           0x8001e0c0        0x4 build/./src/file.o
 *fill*         0x8001e0c4        0x4 
 .bss           0x8001e0c8       0x28 /opt/n64/libragon_gcc/lib/gcc/mips64-elf/13.2.0/../../../../mips64-elf/lib/libc.a(libc_a-mallocr.o)
                0x8001e0c8                __malloc_current_mallinfo
 .bss           0x8001e0f0      0x138 /opt/n64/libragon_gcc/lib/gcc/mips64-elf/13.2.0/../../../../mips64-elf/lib/libc.a(libc_a-findfp.o)
                0x8001e0f0                __sf
 *(.bss*)
 .bss.__syscall_handlers
                0x8001e228       0x30 /opt/n64/libragon/mips64-elf/lib/libdragon.a(exception.o)
 .bss.eh_frame_object
                0x8001e258       0x18 /opt/n64/libragon/mips64-elf/lib/libdragon.a(do_ctors.o)
 .bss.joybus_msgs
                0x8001e270      0x280 /opt/n64/libragon/mips64-elf/lib/libdragon.a(joybus.o)
 .bss.joybus_outbuf
                0x8001e4f0       0x40 /opt/n64/libragon/mips64-elf/lib/libdragon.a(joybus.o)
 .bss.__prenmi_handlers
                0x8001e530       0x10 /opt/n64/libragon/mips64-elf/lib/libdragon.a(interrupt.o)
 .bss.frame_times
                0x8001e540       0x80 /opt/n64/libragon/mips64-elf/lib/libdragon.a(display.o)
 .bss.__safe_buffer
                0x8001e5c0       0x80 /opt/n64/libragon/mips64-elf/lib/libdragon.a(display.o)
 .bss.stdio_hooks
                0x8001e640        0xc /opt/n64/libragon/mips64-elf/lib/libdragonsys.a(system.o)
 *fill*         0x8001e64c        0x4 
 .bss.filesystems
                0x8001e650       0x50 /opt/n64/libragon/mips64-elf/lib/libdragonsys.a(system.o)
 .bss.handle_first_bucket
                0x8001e6a0       0x80 /opt/n64/libragon/mips64-elf/lib/libdragonsys.a(system.o)
 *(.gnu.linkonce.b.*)
 *(COMMON)
                0x8001e720                        . = ALIGN (0x8)
                0x8001e720                        __bss_end = .
                0x8001e720                        . = ALIGN (0x8)
                0x8001e720                        end = .
                0x00000001                        ASSERT (((end - __text_start) <= 0x7efc00), ERROR: the generated ELF is too big for N64 memory)
LOAD /opt/n64/libragon_gcc/lib/gcc/mips64-elf/13.2.0/../../../../mips64-elf/lib/libstdc++.a
LOAD /opt/n64/libragon_gcc/lib/gcc/mips64-elf/13.2.0/../../../../mips64-elf/lib/libm.a
LOAD /opt/n64/libragon_gcc/lib/gcc/mips64-elf/13.2.0/../../../../mips64-elf/lib/libc.a
LOAD /opt/n64/libragon_gcc/lib/gcc/mips64-elf/13.2.0/libgcc.a
LOAD /opt/n64/libragon_gcc/lib/gcc/mips64-elf/13.2.0/libgcc.a
LOAD /opt/n64/libragon_gcc/lib/gcc/mips64-elf/13.2.0/crtend.o
LOAD /opt/n64/libragon_gcc/lib/gcc/mips64-elf/13.2.0/crtn.o
OUTPUT(build/call_in_textbin.elf elf32-bigmips)

.reginfo        0x00000000       0x18
 .reginfo       0x00000000       0x18 /opt/n64/libragon_gcc/lib/gcc/mips64-elf/13.2.0/crti.o

.pdr            0x00000000        0x0
 .pdr           0x00000000        0x0 /opt/n64/libragon_gcc/lib/gcc/mips64-elf/13.2.0/crti.o
 .pdr           0x00000000        0x0 /opt/n64/libragon_gcc/lib/gcc/mips64-elf/13.2.0/crtbegin.o
 .pdr           0x00000000        0x0 build/./src/file.o
 .pdr           0x00000000        0x0 /opt/n64/libragon/mips64-elf/lib/libdragon.a(inthandler.o)
 .pdr           0x00000000        0x0 /opt/n64/libragon_gcc/lib/gcc/mips64-elf/13.2.0/../../../../mips64-elf/lib/libc.a(libc_a-impure.o)
 .pdr           0x00000000        0x0 /opt/n64/libragon_gcc/lib/gcc/mips64-elf/13.2.0/../../../../mips64-elf/lib/libc.a(libc_a-ctype_.o)
 .pdr           0x00000000        0x0 /opt/n64/libragon_gcc/lib/gcc/mips64-elf/13.2.0/crtend.o

.gnu.attributes
                0x00000000       0x10
 .gnu.attributes
                0x00000000       0x10 /opt/n64/libragon_gcc/lib/gcc/mips64-elf/13.2.0/crti.o
 .gnu.attributes
                0x00000010       0x10 /opt/n64/libragon_gcc/lib/gcc/mips64-elf/13.2.0/crtbegin.o
 .gnu.attributes
                0x00000020       0x10 build/./src/main.o
 .gnu.attributes
                0x00000030       0x10 build/./src/file.o
 .gnu.attributes
                0x00000040       0x10 /opt/n64/libragon/mips64-elf/lib/libdragon.a(debug.o)
 .gnu.attributes
                0x00000050       0x10 /opt/n64/libragon/mips64-elf/lib/libdragon.a(inspector.o)
 .gnu.attributes
                0x00000060       0x10 /opt/n64/libragon/mips64-elf/lib/libdragon.a(dma.o)
 .gnu.attributes
                0x00000070       0x10 /opt/n64/libragon/mips64-elf/lib/libdragon.a(exception.o)
 .gnu.attributes
                0x00000080       0x10 /opt/n64/libragon/mips64-elf/lib/libdragon.a(do_ctors.o)
 .gnu.attributes
                0x00000090       0x10 /opt/n64/libragon/mips64-elf/lib/libdragon.a(dlfcn.o)
 .gnu.attributes
                0x000000a0       0x10 /opt/n64/libragon/mips64-elf/lib/libdragon.a(controller.o)
 .gnu.attributes
                0x000000b0       0x10 /opt/n64/libragon/mips64-elf/lib/libdragon.a(joybus.o)
 .gnu.attributes
                0x000000c0       0x10 /opt/n64/libragon/mips64-elf/lib/libdragon.a(n64sys.o)
 .gnu.attributes
                0x000000d0       0x10 /opt/n64/libragon/mips64-elf/lib/libdragon.a(interrupt.o)
 .gnu.attributes
                0x000000e0       0x10 /opt/n64/libragon/mips64-elf/lib/libdragon.a(backtrace.o)
 .gnu.attributes
                0x000000f0       0x10 /opt/n64/libragon/mips64-elf/lib/libdragon.a(inthandler.o)
 .gnu.attributes
                0x00000100       0x10 /opt/n64/libragon/mips64-elf/lib/libdragon.a(rompak.o)
 .gnu.attributes
                0x00000110       0x10 /opt/n64/libragon/mips64-elf/lib/libdragon.a(display.o)
 .gnu.attributes
                0x00000120       0x10 /opt/n64/libragon/mips64-elf/lib/libdragon.a(surface.o)
 .gnu.attributes
                0x00000130       0x10 /opt/n64/libragon/mips64-elf/lib/libdragon.a(graphics.o)
 .gnu.attributes
                0x00000140       0x10 /opt/n64/libragon/mips64-elf/lib/libdragon.a(rsp.o)
 .gnu.attributes
                0x00000150       0x10 /opt/n64/libragon/mips64-elf/lib/libdragon.a(rdpq_debug.o)
 .gnu.attributes
                0x00000160       0x10 /opt/n64/libragon/mips64-elf/lib/libdragon.a(console.o)
 .gnu.attributes
                0x00000170       0x10 /opt/n64/libragon/mips64-elf/lib/libdragonsys.a(system.o)
 .gnu.attributes
                0x00000180       0x10 /opt/n64/libragon_gcc/lib/gcc/mips64-elf/13.2.0/../../../../mips64-elf/lib/libc.a(libc_a-abort.o)
 .gnu.attributes
                0x00000190       0x10 /opt/n64/libragon_gcc/lib/gcc/mips64-elf/13.2.0/../../../../mips64-elf/lib/libc.a(libc_a-callocr.o)
 .gnu.attributes
                0x000001a0       0x10 /opt/n64/libragon_gcc/lib/gcc/mips64-elf/13.2.0/../../../../mips64-elf/lib/libc.a(libc_a-malloc.o)
 .gnu.attributes
                0x000001b0       0x10 /opt/n64/libragon_gcc/lib/gcc/mips64-elf/13.2.0/../../../../mips64-elf/lib/libc.a(libc_a-mallocr.o)
 .gnu.attributes
                0x000001c0       0x10 /opt/n64/libragon_gcc/lib/gcc/mips64-elf/13.2.0/../../../../mips64-elf/lib/libc.a(libc_a-mlock.o)
 .gnu.attributes
                0x000001d0       0x10 /opt/n64/libragon_gcc/lib/gcc/mips64-elf/13.2.0/../../../../mips64-elf/lib/libc.a(libc_a-reallocr.o)
 .gnu.attributes
                0x000001e0       0x10 /opt/n64/libragon_gcc/lib/gcc/mips64-elf/13.2.0/../../../../mips64-elf/lib/libc.a(libc_a-malign.o)
 .gnu.attributes
                0x000001f0       0x10 /opt/n64/libragon_gcc/lib/gcc/mips64-elf/13.2.0/../../../../mips64-elf/lib/libc.a(libc_a-malignr.o)
 .gnu.attributes
                0x00000200       0x10 /opt/n64/libragon_gcc/lib/gcc/mips64-elf/13.2.0/../../../../mips64-elf/lib/libc.a(libc_a-vfprintf.o)
 .gnu.attributes
                0x00000210       0x10 /opt/n64/libragon_gcc/lib/gcc/mips64-elf/13.2.0/../../../../mips64-elf/lib/libc.a(libc_a-vfiprintf.o)
 .gnu.attributes
                0x00000220       0x10 /opt/n64/libragon_gcc/lib/gcc/mips64-elf/13.2.0/../../../../mips64-elf/lib/libc.a(libc_a-fflush.o)
 .gnu.attributes
                0x00000230       0x10 /opt/n64/libragon_gcc/lib/gcc/mips64-elf/13.2.0/../../../../mips64-elf/lib/libc.a(libc_a-findfp.o)
 .gnu.attributes
                0x00000240       0x10 /opt/n64/libragon_gcc/lib/gcc/mips64-elf/13.2.0/../../../../mips64-elf/lib/libc.a(libc_a-fprintf.o)
 .gnu.attributes
                0x00000250       0x10 /opt/n64/libragon_gcc/lib/gcc/mips64-elf/13.2.0/../../../../mips64-elf/lib/libc.a(libc_a-fputc.o)
 .gnu.attributes
                0x00000260       0x10 /opt/n64/libragon_gcc/lib/gcc/mips64-elf/13.2.0/../../../../mips64-elf/lib/libc.a(libc_a-fvwrite.o)
 .gnu.attributes
                0x00000270       0x10 /opt/n64/libragon_gcc/lib/gcc/mips64-elf/13.2.0/../../../../mips64-elf/lib/libc.a(libc_a-fwalk.o)
 .gnu.attributes
                0x00000280       0x10 /opt/n64/libragon_gcc/lib/gcc/mips64-elf/13.2.0/../../../../mips64-elf/lib/libc.a(libc_a-fwrite.o)
 .gnu.attributes
                0x00000290       0x10 /opt/n64/libragon_gcc/lib/gcc/mips64-elf/13.2.0/../../../../mips64-elf/lib/libc.a(libc_a-printf.o)
 .gnu.attributes
                0x000002a0       0x10 /opt/n64/libragon_gcc/lib/gcc/mips64-elf/13.2.0/../../../../mips64-elf/lib/libc.a(libc_a-putc.o)
 .gnu.attributes
                0x000002b0       0x10 /opt/n64/libragon_gcc/lib/gcc/mips64-elf/13.2.0/../../../../mips64-elf/lib/libc.a(libc_a-putchar.o)
 .gnu.attributes
                0x000002c0       0x10 /opt/n64/libragon_gcc/lib/gcc/mips64-elf/13.2.0/../../../../mips64-elf/lib/libc.a(libc_a-puts.o)
 .gnu.attributes
                0x000002d0       0x10 /opt/n64/libragon_gcc/lib/gcc/mips64-elf/13.2.0/../../../../mips64-elf/lib/libc.a(libc_a-snprintf.o)
 .gnu.attributes
                0x000002e0       0x10 /opt/n64/libragon_gcc/lib/gcc/mips64-elf/13.2.0/../../../../mips64-elf/lib/libc.a(libc_a-sprintf.o)
 .gnu.attributes
                0x000002f0       0x10 /opt/n64/libragon_gcc/lib/gcc/mips64-elf/13.2.0/../../../../mips64-elf/lib/libc.a(libc_a-stdio.o)
 .gnu.attributes
                0x00000300       0x10 /opt/n64/libragon_gcc/lib/gcc/mips64-elf/13.2.0/../../../../mips64-elf/lib/libc.a(libc_a-vprintf.o)
 .gnu.attributes
                0x00000310       0x10 /opt/n64/libragon_gcc/lib/gcc/mips64-elf/13.2.0/../../../../mips64-elf/lib/libc.a(libc_a-wbuf.o)
 .gnu.attributes
                0x00000320       0x10 /opt/n64/libragon_gcc/lib/gcc/mips64-elf/13.2.0/../../../../mips64-elf/lib/libc.a(libc_a-wsetup.o)
 .gnu.attributes
                0x00000330       0x10 /opt/n64/libragon_gcc/lib/gcc/mips64-elf/13.2.0/../../../../mips64-elf/lib/libc.a(libc_a-fputwc.o)
 .gnu.attributes
                0x00000340       0x10 /opt/n64/libragon_gcc/lib/gcc/mips64-elf/13.2.0/../../../../mips64-elf/lib/libc.a(libc_a-memchr.o)
 .gnu.attributes
                0x00000350       0x10 /opt/n64/libragon_gcc/lib/gcc/mips64-elf/13.2.0/../../../../mips64-elf/lib/libc.a(libc_a-memcmp.o)
 .gnu.attributes
                0x00000360       0x10 /opt/n64/libragon_gcc/lib/gcc/mips64-elf/13.2.0/../../../../mips64-elf/lib/libc.a(libc_a-memmove.o)
 .gnu.attributes
                0x00000370       0x10 /opt/n64/libragon_gcc/lib/gcc/mips64-elf/13.2.0/../../../../mips64-elf/lib/libc.a(libc_a-strcat.o)
 .gnu.attributes
                0x00000380       0x10 /opt/n64/libragon_gcc/lib/gcc/mips64-elf/13.2.0/../../../../mips64-elf/lib/libc.a(libc_a-strchr.o)
 .gnu.attributes
                0x00000390       0x10 /opt/n64/libragon_gcc/lib/gcc/mips64-elf/13.2.0/../../../../mips64-elf/lib/libc.a(libc_a-strcpy.o)
 .gnu.attributes
                0x000003a0       0x10 /opt/n64/libragon_gcc/lib/gcc/mips64-elf/13.2.0/../../../../mips64-elf/lib/libc.a(libc_a-strrchr.o)
 .gnu.attributes
                0x000003b0       0x10 /opt/n64/libragon_gcc/lib/gcc/mips64-elf/13.2.0/../../../../mips64-elf/lib/libc.a(libc_a-strstr.o)
 .gnu.attributes
                0x000003c0       0x10 /opt/n64/libragon_gcc/lib/gcc/mips64-elf/13.2.0/../../../../mips64-elf/lib/libc.a(libc_a-signal.o)
 .gnu.attributes
                0x000003d0       0x10 /opt/n64/libragon_gcc/lib/gcc/mips64-elf/13.2.0/../../../../mips64-elf/lib/libc.a(libc_a-locale.o)
 .gnu.attributes
                0x000003e0       0x10 /opt/n64/libragon_gcc/lib/gcc/mips64-elf/13.2.0/../../../../mips64-elf/lib/libc.a(libc_a-localeconv.o)
 .gnu.attributes
                0x000003f0       0x10 /opt/n64/libragon_gcc/lib/gcc/mips64-elf/13.2.0/../../../../mips64-elf/lib/libc.a(libc_a-closer.o)
 .gnu.attributes
                0x00000400       0x10 /opt/n64/libragon_gcc/lib/gcc/mips64-elf/13.2.0/../../../../mips64-elf/lib/libc.a(libc_a-reent.o)
 .gnu.attributes
                0x00000410       0x10 /opt/n64/libragon_gcc/lib/gcc/mips64-elf/13.2.0/../../../../mips64-elf/lib/libc.a(libc_a-impure.o)
 .gnu.attributes
                0x00000420       0x10 /opt/n64/libragon_gcc/lib/gcc/mips64-elf/13.2.0/../../../../mips64-elf/lib/libc.a(libc_a-fstatr.o)
 .gnu.attributes
                0x00000430       0x10 /opt/n64/libragon_gcc/lib/gcc/mips64-elf/13.2.0/../../../../mips64-elf/lib/libc.a(libc_a-lseekr.o)
 .gnu.attributes
                0x00000440       0x10 /opt/n64/libragon_gcc/lib/gcc/mips64-elf/13.2.0/../../../../mips64-elf/lib/libc.a(libc_a-readr.o)
 .gnu.attributes
                0x00000450       0x10 /opt/n64/libragon_gcc/lib/gcc/mips64-elf/13.2.0/../../../../mips64-elf/lib/libc.a(libc_a-signalr.o)
 .gnu.attributes
                0x00000460       0x10 /opt/n64/libragon_gcc/lib/gcc/mips64-elf/13.2.0/../../../../mips64-elf/lib/libc.a(libc_a-sbrkr.o)
 .gnu.attributes
                0x00000470       0x10 /opt/n64/libragon_gcc/lib/gcc/mips64-elf/13.2.0/../../../../mips64-elf/lib/libc.a(libc_a-writer.o)
 .gnu.attributes
                0x00000480       0x10 /opt/n64/libragon_gcc/lib/gcc/mips64-elf/13.2.0/../../../../mips64-elf/lib/libc.a(libc_a-errno.o)
 .gnu.attributes
                0x00000490       0x10 /opt/n64/libragon_gcc/lib/gcc/mips64-elf/13.2.0/../../../../mips64-elf/lib/libc.a(libc_a-strlen.o)
 .gnu.attributes
                0x000004a0       0x10 /opt/n64/libragon_gcc/lib/gcc/mips64-elf/13.2.0/../../../../mips64-elf/lib/libc.a(libc_a-strcmp.o)
 .gnu.attributes
                0x000004b0       0x10 /opt/n64/libragon_gcc/lib/gcc/mips64-elf/13.2.0/../../../../mips64-elf/lib/libc.a(libc_a-memset.o)
 .gnu.attributes
                0x000004c0       0x10 /opt/n64/libragon_gcc/lib/gcc/mips64-elf/13.2.0/../../../../mips64-elf/lib/libc.a(libc_a-memcpy.o)
 .gnu.attributes
                0x000004d0       0x10 /opt/n64/libragon_gcc/lib/gcc/mips64-elf/13.2.0/../../../../mips64-elf/lib/libc.a(libc_a-dtoa.o)
 .gnu.attributes
                0x000004e0       0x10 /opt/n64/libragon_gcc/lib/gcc/mips64-elf/13.2.0/../../../../mips64-elf/lib/libc.a(libc_a-freer.o)
 .gnu.attributes
                0x000004f0       0x10 /opt/n64/libragon_gcc/lib/gcc/mips64-elf/13.2.0/../../../../mips64-elf/lib/libc.a(libc_a-mbtowc_r.o)
 .gnu.attributes
                0x00000500       0x10 /opt/n64/libragon_gcc/lib/gcc/mips64-elf/13.2.0/../../../../mips64-elf/lib/libc.a(libc_a-mprec.o)
 .gnu.attributes
                0x00000510       0x10 /opt/n64/libragon_gcc/lib/gcc/mips64-elf/13.2.0/../../../../mips64-elf/lib/libc.a(libc_a-wctomb_r.o)
 .gnu.attributes
                0x00000520       0x10 /opt/n64/libragon_gcc/lib/gcc/mips64-elf/13.2.0/../../../../mips64-elf/lib/libc.a(libc_a-wcrtomb.o)
 .gnu.attributes
                0x00000530       0x10 /opt/n64/libragon_gcc/lib/gcc/mips64-elf/13.2.0/../../../../mips64-elf/lib/libc.a(libc_a-ctype_.o)
 .gnu.attributes
                0x00000540       0x10 /opt/n64/libragon_gcc/lib/gcc/mips64-elf/13.2.0/../../../../mips64-elf/lib/libc.a(libc_a-svfprintf.o)
 .gnu.attributes
                0x00000550       0x10 /opt/n64/libragon_gcc/lib/gcc/mips64-elf/13.2.0/../../../../mips64-elf/lib/libc.a(libc_a-fclose.o)
 .gnu.attributes
                0x00000560       0x10 /opt/n64/libragon_gcc/lib/gcc/mips64-elf/13.2.0/../../../../mips64-elf/lib/libc.a(libc_a-makebuf.o)
 .gnu.attributes
                0x00000570       0x10 /opt/n64/libragon_gcc/lib/gcc/mips64-elf/13.2.0/../../../../mips64-elf/lib/libc.a(libc_a-strnlen.o)
 .gnu.attributes
                0x00000580       0x10 /opt/n64/libragon_gcc/lib/gcc/mips64-elf/13.2.0/../../../../mips64-elf/lib/libc.a(libc_a-isattyr.o)
 .gnu.attributes
                0x00000590       0x10 /opt/n64/libragon_gcc/lib/gcc/mips64-elf/13.2.0/../../../../mips64-elf/lib/libc.a(libc_a-svfiprintf.o)
 .gnu.attributes
                0x000005a0       0x10 /opt/n64/libragon_gcc/lib/gcc/mips64-elf/13.2.0/crtend.o

.mdebug.abiO64  0x00000000        0x0
 .mdebug.abiO64
                0x00000000        0x0 /opt/n64/libragon_gcc/lib/gcc/mips64-elf/13.2.0/crtbegin.o
 .mdebug.abiO64
                0x00000000        0x0 build/./src/main.o
 .mdebug.abiO64
                0x00000000        0x0 /opt/n64/libragon/mips64-elf/lib/libdragon.a(debug.o)
 .mdebug.abiO64
                0x00000000        0x0 /opt/n64/libragon/mips64-elf/lib/libdragon.a(inspector.o)
 .mdebug.abiO64
                0x00000000        0x0 /opt/n64/libragon/mips64-elf/lib/libdragon.a(dma.o)
 .mdebug.abiO64
                0x00000000        0x0 /opt/n64/libragon/mips64-elf/lib/libdragon.a(exception.o)
 .mdebug.abiO64
                0x00000000        0x0 /opt/n64/libragon/mips64-elf/lib/libdragon.a(do_ctors.o)
 .mdebug.abiO64
                0x00000000        0x0 /opt/n64/libragon/mips64-elf/lib/libdragon.a(dlfcn.o)
 .mdebug.abiO64
                0x00000000        0x0 /opt/n64/libragon/mips64-elf/lib/libdragon.a(controller.o)
 .mdebug.abiO64
                0x00000000        0x0 /opt/n64/libragon/mips64-elf/lib/libdragon.a(joybus.o)
 .mdebug.abiO64
                0x00000000        0x0 /opt/n64/libragon/mips64-elf/lib/libdragon.a(n64sys.o)
 .mdebug.abiO64
                0x00000000        0x0 /opt/n64/libragon/mips64-elf/lib/libdragon.a(interrupt.o)
 .mdebug.abiO64
                0x00000000        0x0 /opt/n64/libragon/mips64-elf/lib/libdragon.a(backtrace.o)
 .mdebug.abiO64
                0x00000000        0x0 /opt/n64/libragon/mips64-elf/lib/libdragon.a(rompak.o)
 .mdebug.abiO64
                0x00000000        0x0 /opt/n64/libragon/mips64-elf/lib/libdragon.a(display.o)
 .mdebug.abiO64
                0x00000000        0x0 /opt/n64/libragon/mips64-elf/lib/libdragon.a(surface.o)
 .mdebug.abiO64
                0x00000000        0x0 /opt/n64/libragon/mips64-elf/lib/libdragon.a(graphics.o)
 .mdebug.abiO64
                0x00000000        0x0 /opt/n64/libragon/mips64-elf/lib/libdragon.a(rsp.o)
 .mdebug.abiO64
                0x00000000        0x0 /opt/n64/libragon/mips64-elf/lib/libdragon.a(rdpq_debug.o)
 .mdebug.abiO64
                0x00000000        0x0 /opt/n64/libragon/mips64-elf/lib/libdragon.a(console.o)
 .mdebug.abiO64
                0x00000000        0x0 /opt/n64/libragon/mips64-elf/lib/libdragonsys.a(system.o)
 .mdebug.abiO64
                0x00000000        0x0 /opt/n64/libragon_gcc/lib/gcc/mips64-elf/13.2.0/../../../../mips64-elf/lib/libc.a(libc_a-abort.o)
 .mdebug.abiO64
                0x00000000        0x0 /opt/n64/libragon_gcc/lib/gcc/mips64-elf/13.2.0/../../../../mips64-elf/lib/libc.a(libc_a-callocr.o)
 .mdebug.abiO64
                0x00000000        0x0 /opt/n64/libragon_gcc/lib/gcc/mips64-elf/13.2.0/../../../../mips64-elf/lib/libc.a(libc_a-malloc.o)
 .mdebug.abiO64
                0x00000000        0x0 /opt/n64/libragon_gcc/lib/gcc/mips64-elf/13.2.0/../../../../mips64-elf/lib/libc.a(libc_a-mallocr.o)
 .mdebug.abiO64
                0x00000000        0x0 /opt/n64/libragon_gcc/lib/gcc/mips64-elf/13.2.0/../../../../mips64-elf/lib/libc.a(libc_a-mlock.o)
 .mdebug.abiO64
                0x00000000        0x0 /opt/n64/libragon_gcc/lib/gcc/mips64-elf/13.2.0/../../../../mips64-elf/lib/libc.a(libc_a-reallocr.o)
 .mdebug.abiO64
                0x00000000        0x0 /opt/n64/libragon_gcc/lib/gcc/mips64-elf/13.2.0/../../../../mips64-elf/lib/libc.a(libc_a-malign.o)
 .mdebug.abiO64
                0x00000000        0x0 /opt/n64/libragon_gcc/lib/gcc/mips64-elf/13.2.0/../../../../mips64-elf/lib/libc.a(libc_a-malignr.o)
 .mdebug.abiO64
                0x00000000        0x0 /opt/n64/libragon_gcc/lib/gcc/mips64-elf/13.2.0/../../../../mips64-elf/lib/libc.a(libc_a-vfprintf.o)
 .mdebug.abiO64
                0x00000000        0x0 /opt/n64/libragon_gcc/lib/gcc/mips64-elf/13.2.0/../../../../mips64-elf/lib/libc.a(libc_a-vfiprintf.o)
 .mdebug.abiO64
                0x00000000        0x0 /opt/n64/libragon_gcc/lib/gcc/mips64-elf/13.2.0/../../../../mips64-elf/lib/libc.a(libc_a-fflush.o)
 .mdebug.abiO64
                0x00000000        0x0 /opt/n64/libragon_gcc/lib/gcc/mips64-elf/13.2.0/../../../../mips64-elf/lib/libc.a(libc_a-findfp.o)
 .mdebug.abiO64
                0x00000000        0x0 /opt/n64/libragon_gcc/lib/gcc/mips64-elf/13.2.0/../../../../mips64-elf/lib/libc.a(libc_a-fprintf.o)
 .mdebug.abiO64
                0x00000000        0x0 /opt/n64/libragon_gcc/lib/gcc/mips64-elf/13.2.0/../../../../mips64-elf/lib/libc.a(libc_a-fputc.o)
 .mdebug.abiO64
                0x00000000        0x0 /opt/n64/libragon_gcc/lib/gcc/mips64-elf/13.2.0/../../../../mips64-elf/lib/libc.a(libc_a-fvwrite.o)
 .mdebug.abiO64
                0x00000000        0x0 /opt/n64/libragon_gcc/lib/gcc/mips64-elf/13.2.0/../../../../mips64-elf/lib/libc.a(libc_a-fwalk.o)
 .mdebug.abiO64
                0x00000000        0x0 /opt/n64/libragon_gcc/lib/gcc/mips64-elf/13.2.0/../../../../mips64-elf/lib/libc.a(libc_a-fwrite.o)
 .mdebug.abiO64
                0x00000000        0x0 /opt/n64/libragon_gcc/lib/gcc/mips64-elf/13.2.0/../../../../mips64-elf/lib/libc.a(libc_a-printf.o)
 .mdebug.abiO64
                0x00000000        0x0 /opt/n64/libragon_gcc/lib/gcc/mips64-elf/13.2.0/../../../../mips64-elf/lib/libc.a(libc_a-putc.o)
 .mdebug.abiO64
                0x00000000        0x0 /opt/n64/libragon_gcc/lib/gcc/mips64-elf/13.2.0/../../../../mips64-elf/lib/libc.a(libc_a-putchar.o)
 .mdebug.abiO64
                0x00000000        0x0 /opt/n64/libragon_gcc/lib/gcc/mips64-elf/13.2.0/../../../../mips64-elf/lib/libc.a(libc_a-puts.o)
 .mdebug.abiO64
                0x00000000        0x0 /opt/n64/libragon_gcc/lib/gcc/mips64-elf/13.2.0/../../../../mips64-elf/lib/libc.a(libc_a-snprintf.o)
 .mdebug.abiO64
                0x00000000        0x0 /opt/n64/libragon_gcc/lib/gcc/mips64-elf/13.2.0/../../../../mips64-elf/lib/libc.a(libc_a-sprintf.o)
 .mdebug.abiO64
                0x00000000        0x0 /opt/n64/libragon_gcc/lib/gcc/mips64-elf/13.2.0/../../../../mips64-elf/lib/libc.a(libc_a-stdio.o)
 .mdebug.abiO64
                0x00000000        0x0 /opt/n64/libragon_gcc/lib/gcc/mips64-elf/13.2.0/../../../../mips64-elf/lib/libc.a(libc_a-vprintf.o)
 .mdebug.abiO64
                0x00000000        0x0 /opt/n64/libragon_gcc/lib/gcc/mips64-elf/13.2.0/../../../../mips64-elf/lib/libc.a(libc_a-wbuf.o)
 .mdebug.abiO64
                0x00000000        0x0 /opt/n64/libragon_gcc/lib/gcc/mips64-elf/13.2.0/../../../../mips64-elf/lib/libc.a(libc_a-wsetup.o)
 .mdebug.abiO64
                0x00000000        0x0 /opt/n64/libragon_gcc/lib/gcc/mips64-elf/13.2.0/../../../../mips64-elf/lib/libc.a(libc_a-fputwc.o)
 .mdebug.abiO64
                0x00000000        0x0 /opt/n64/libragon_gcc/lib/gcc/mips64-elf/13.2.0/../../../../mips64-elf/lib/libc.a(libc_a-memchr.o)
 .mdebug.abiO64
                0x00000000        0x0 /opt/n64/libragon_gcc/lib/gcc/mips64-elf/13.2.0/../../../../mips64-elf/lib/libc.a(libc_a-memcmp.o)
 .mdebug.abiO64
                0x00000000        0x0 /opt/n64/libragon_gcc/lib/gcc/mips64-elf/13.2.0/../../../../mips64-elf/lib/libc.a(libc_a-memmove.o)
 .mdebug.abiO64
                0x00000000        0x0 /opt/n64/libragon_gcc/lib/gcc/mips64-elf/13.2.0/../../../../mips64-elf/lib/libc.a(libc_a-strcat.o)
 .mdebug.abiO64
                0x00000000        0x0 /opt/n64/libragon_gcc/lib/gcc/mips64-elf/13.2.0/../../../../mips64-elf/lib/libc.a(libc_a-strchr.o)
 .mdebug.abiO64
                0x00000000        0x0 /opt/n64/libragon_gcc/lib/gcc/mips64-elf/13.2.0/../../../../mips64-elf/lib/libc.a(libc_a-strcpy.o)
 .mdebug.abiO64
                0x00000000        0x0 /opt/n64/libragon_gcc/lib/gcc/mips64-elf/13.2.0/../../../../mips64-elf/lib/libc.a(libc_a-strrchr.o)
 .mdebug.abiO64
                0x00000000        0x0 /opt/n64/libragon_gcc/lib/gcc/mips64-elf/13.2.0/../../../../mips64-elf/lib/libc.a(libc_a-strstr.o)
 .mdebug.abiO64
                0x00000000        0x0 /opt/n64/libragon_gcc/lib/gcc/mips64-elf/13.2.0/../../../../mips64-elf/lib/libc.a(libc_a-signal.o)
 .mdebug.abiO64
                0x00000000        0x0 /opt/n64/libragon_gcc/lib/gcc/mips64-elf/13.2.0/../../../../mips64-elf/lib/libc.a(libc_a-locale.o)
 .mdebug.abiO64
                0x00000000        0x0 /opt/n64/libragon_gcc/lib/gcc/mips64-elf/13.2.0/../../../../mips64-elf/lib/libc.a(libc_a-localeconv.o)
 .mdebug.abiO64
                0x00000000        0x0 /opt/n64/libragon_gcc/lib/gcc/mips64-elf/13.2.0/../../../../mips64-elf/lib/libc.a(libc_a-closer.o)
 .mdebug.abiO64
                0x00000000        0x0 /opt/n64/libragon_gcc/lib/gcc/mips64-elf/13.2.0/../../../../mips64-elf/lib/libc.a(libc_a-reent.o)
 .mdebug.abiO64
                0x00000000        0x0 /opt/n64/libragon_gcc/lib/gcc/mips64-elf/13.2.0/../../../../mips64-elf/lib/libc.a(libc_a-impure.o)
 .mdebug.abiO64
                0x00000000        0x0 /opt/n64/libragon_gcc/lib/gcc/mips64-elf/13.2.0/../../../../mips64-elf/lib/libc.a(libc_a-fstatr.o)
 .mdebug.abiO64
                0x00000000        0x0 /opt/n64/libragon_gcc/lib/gcc/mips64-elf/13.2.0/../../../../mips64-elf/lib/libc.a(libc_a-lseekr.o)
 .mdebug.abiO64
                0x00000000        0x0 /opt/n64/libragon_gcc/lib/gcc/mips64-elf/13.2.0/../../../../mips64-elf/lib/libc.a(libc_a-readr.o)
 .mdebug.abiO64
                0x00000000        0x0 /opt/n64/libragon_gcc/lib/gcc/mips64-elf/13.2.0/../../../../mips64-elf/lib/libc.a(libc_a-signalr.o)
 .mdebug.abiO64
                0x00000000        0x0 /opt/n64/libragon_gcc/lib/gcc/mips64-elf/13.2.0/../../../../mips64-elf/lib/libc.a(libc_a-sbrkr.o)
 .mdebug.abiO64