Archive member included to satisfy reference by file (symbol)

/opt/n64/libragon/mips64-elf/lib/libdragon.a(entrypoint.o)
                              (_start)
/opt/n64/libragon/mips64-elf/lib/libdragon.a(debug.o)
                              /opt/n64/libragon/mips64-elf/lib/libdragon.a(entrypoint.o) (debug_assert_func)
/opt/n64/libragon/mips64-elf/lib/libdragon.a(usb.o)
                              /opt/n64/libragon/mips64-elf/lib/libdragon.a(debug.o) (usb_write)
/opt/n64/libragon/mips64-elf/lib/libdragon.a(cart.o)
                              /opt/n64/libragon/mips64-elf/lib/libdragon.a(debug.o) (cart_init)
/opt/n64/libragon/mips64-elf/lib/libdragon.a(ff.o)
                              /opt/n64/libragon/mips64-elf/lib/libdragon.a(debug.o) (f_mount)
/opt/n64/libragon/mips64-elf/lib/libdragon.a(ffunicode.o)
                              /opt/n64/libragon/mips64-elf/lib/libdragon.a(ff.o) (ff_uni2oem)
/opt/n64/libragon/mips64-elf/lib/libdragon.a(inspector.o)
                              /opt/n64/libragon/mips64-elf/lib/libdragon.a(debug.o) (__inspector_assertion)
/opt/n64/libragon/mips64-elf/lib/libdragon.a(dma.o)
                              /opt/n64/libragon/mips64-elf/lib/libdragon.a(debug.o) (io_accessible)
/opt/n64/libragon/mips64-elf/lib/libdragon.a(exception.o)
                              /opt/n64/libragon/mips64-elf/lib/libdragon.a(inspector.o) (__exception_dump_header)
/opt/n64/libragon/mips64-elf/lib/libdragon.a(do_ctors.o)
                              /opt/n64/libragon/mips64-elf/lib/libdragon.a(entrypoint.o) (__wrap___do_global_ctors)
/opt/n64/libragon/mips64-elf/lib/libdragon.a(n64sys.o)
                              /opt/n64/libragon/mips64-elf/lib/libdragon.a(debug.o) (sys_bbplayer)
/opt/n64/libragon/mips64-elf/lib/libdragon.a(interrupt.o)
                              /opt/n64/libragon/mips64-elf/lib/libdragon.a(debug.o) (disable_interrupts)
/opt/n64/libragon/mips64-elf/lib/libdragon.a(backtrace.o)
                              /opt/n64/libragon/mips64-elf/lib/libdragon.a(inspector.o) (__symbolize)
/opt/n64/libragon/mips64-elf/lib/libdragon.a(inthandler.o)
                              /opt/n64/libragon/mips64-elf/lib/libdragon.a(entrypoint.o) (inthandler)
/opt/n64/libragon/mips64-elf/lib/libdragon.a(rompak.o)
                              /opt/n64/libragon/mips64-elf/lib/libdragon.a(backtrace.o) (rompak_search_ext)
/opt/n64/libragon/mips64-elf/lib/libdragon.a(display.o)
                              /opt/n64/libragon/mips64-elf/lib/libdragon.a(inspector.o) (display_init)
/opt/n64/libragon/mips64-elf/lib/libdragon.a(surface.o)
                              /opt/n64/libragon/mips64-elf/lib/libdragon.a(display.o) (surface_alloc)
/opt/n64/libragon/mips64-elf/lib/libdragon.a(controller.o)
                              /opt/n64/libragon/mips64-elf/lib/libdragon.a(inspector.o) (controller_read)
/opt/n64/libragon/mips64-elf/lib/libdragon.a(graphics.o)
                              /opt/n64/libragon/mips64-elf/lib/libdragon.a(inspector.o) (graphics_set_color)
/opt/n64/libragon/mips64-elf/lib/libdragon.a(rsp.o)
                              /opt/n64/libragon/mips64-elf/lib/libdragon.a(display.o) (__rsp_crash)
/opt/n64/libragon/mips64-elf/lib/libdragon.a(rsp_crash.o)
                              /opt/n64/libragon/mips64-elf/lib/libdragon.a(rsp.o) (rsp_crash_data_start)
/opt/n64/libragon/mips64-elf/lib/libdragon.a(sprite.o)
                              /opt/n64/libragon/mips64-elf/lib/libdragon.a(graphics.o) (__sprite_upgrade)
/opt/n64/libragon/mips64-elf/lib/libdragon.a(rdpq_debug.o)
                              /opt/n64/libragon/mips64-elf/lib/libdragon.a(rsp.o) (rdpq_trace)
/opt/n64/libragon/mips64-elf/lib/libdragon.a(rdpq_rect.o)
                              /opt/n64/libragon/mips64-elf/lib/libdragon.a(rdpq_debug.o) (__rdpq_texture_rectangle)
/opt/n64/libragon/mips64-elf/lib/libdragon.a(rdpq_mode.o)
                              /opt/n64/libragon/mips64-elf/lib/libdragon.a(rdpq_debug.o) (rdpq_mode_push)
/opt/n64/libragon/mips64-elf/lib/libdragon.a(rdpq_attach.o)
                              /opt/n64/libragon/mips64-elf/lib/libdragon.a(rdpq_debug.o) (rdpq_attach)
/opt/n64/libragon/mips64-elf/lib/libdragon.a(console.o)
                              /opt/n64/libragon/mips64-elf/lib/libdragon.a(rsp.o) (console_set_render_mode)
/opt/n64/libragon/mips64-elf/lib/libdragon.a(asset.o)
                              /opt/n64/libragon/mips64-elf/lib/libdragon.a(sprite.o) (asset_load)
/opt/n64/libragon/mips64-elf/lib/libdragon.a(lz4_dec.o)
                              /opt/n64/libragon/mips64-elf/lib/libdragon.a(asset.o) (decompress_lz4_full_inplace)
/opt/n64/libragon/mips64-elf/lib/libdragon.a(lz4_dec_fast.o)
                              /opt/n64/libragon/mips64-elf/lib/libdragon.a(lz4_dec.o) (decompress_lz4_full_fast)
/opt/n64/libragon/mips64-elf/lib/libdragon.a(ringbuf.o)
                              /opt/n64/libragon/mips64-elf/lib/libdragon.a(lz4_dec.o) (__ringbuf_init)
[...]
Memory Configuration

Name             Origin             Length             Attributes
mem              0x80000000         0x00400000
*default*        0x00000000         0xffffffff

Linker script and memory map

LOAD /opt/n64/libragon_gcc/lib/gcc/mips64-elf/13.2.0/crti.o
LOAD /opt/n64/libragon_gcc/lib/gcc/mips64-elf/13.2.0/crtbegin.o
LOAD /opt/n64/libragon/mips64-elf/lib/libdragon.a
LOAD /opt/n64/libragon/mips64-elf/lib/libdragonsys.a
LOAD build/src/main.o
                0x00000058                        thedevs_data = 0x58
                0x00000000                        thedevs_data_count = 0x0
LOAD /opt/n64/libragon/mips64-elf/lib/libdragon.a
LOAD /opt/n64/libragon_gcc/lib/gcc/mips64-elf/13.2.0/../../../../mips64-elf/lib/libm.a
LOAD /opt/n64/libragon/mips64-elf/lib/libdragonsys.a
                0x80000000                        __kseg0_start = 0x80000000
                0x80000400                        __libdragon_text_start = (__kseg0_start + 0x400)

.text           0x80000400    0x2b7f0
 *(.boot)
 .boot          0x80000400      0x18c /opt/n64/libragon/mips64-elf/lib/libdragon.a(entrypoint.o)
                0x80000400                _start
                0x80000590                        . = ALIGN (0x10)
 *fill*         0x8000058c        0x4 
                0x80000590                        __text_start = .
 *(.text)
 *fill*         0x80000590       0x10 
 .text          0x800005a0      0x380 /opt/n64/libragon/mips64-elf/lib/libdragon.a(inthandler.o)
                0x800005a0                inthandler
                0x80000920                inthandler_end
 .text          0x80000920       0x18 /opt/n64/libragon_gcc/lib/gcc/mips64-elf/13.2.0/../../../../mips64-elf/lib/libc.a(libc_a-abort.o)
                0x80000920                abort
 .text          0x80000938       0x18 /opt/n64/libragon_gcc/lib/gcc/mips64-elf/13.2.0/../../../../mips64-elf/lib/libc.a(libc_a-calloc.o)
                0x80000938                calloc
 .text          0x80000950      0x120 /opt/n64/libragon_gcc/lib/gcc/mips64-elf/13.2.0/../../../../mips64-elf/lib/libc.a(libc_a-callocr.o)
                0x80000950                _calloc_r
 .text          0x80000a70       0x20 /opt/n64/libragon_gcc/lib/gcc/mips64-elf/13.2.0/../../../../mips64-elf/lib/libc.a(libc_a-malloc.o)
                0x80000a70                malloc
                0x80000a80                free
 .text          0x80000a90      0x888 /opt/n64/libragon_gcc/lib/gcc/mips64-elf/13.2.0/../../../../mips64-elf/lib/libc.a(libc_a-mallocr.o)
                0x80000a90                _malloc_r
 .text          0x80001318       0x10 /opt/n64/libragon_gcc/lib/gcc/mips64-elf/13.2.0/../../../../mips64-elf/lib/libc.a(libc_a-mlock.o)
                0x80001318                __malloc_lock
                0x80001320                __malloc_unlock
 .text          0x80001328       0x18 /opt/n64/libragon_gcc/lib/gcc/mips64-elf/13.2.0/../../../../mips64-elf/lib/libc.a(libc_a-realloc.o)
                0x80001328                realloc
 .text          0x80001340      0x5d0 /opt/n64/libragon_gcc/lib/gcc/mips64-elf/13.2.0/../../../../mips64-elf/lib/libc.a(libc_a-reallocr.o)
                0x80001340                _realloc_r
 .text          0x80001910       0x18 /opt/n64/libragon_gcc/lib/gcc/mips64-elf/13.2.0/../../../../mips64-elf/lib/libc.a(libc_a-malign.o)
                0x80001910                memalign
 .text          0x80001928      0x1f8 /opt/n64/libragon_gcc/lib/gcc/mips64-elf/13.2.0/../../../../mips64-elf/lib/libc.a(libc_a-malignr.o)
                0x80001928                _memalign_r
 .text          0x80001b20     0x21e8 /opt/n64/libragon_gcc/lib/gcc/mips64-elf/13.2.0/../../../../mips64-elf/lib/libc.a(libc_a-vfprintf.o)
                0x80001b20                _vfprintf_r
                0x80003c20                vfprintf
 .text          0x80003d08     0x1390 /opt/n64/libragon_gcc/lib/gcc/mips64-elf/13.2.0/../../../../mips64-elf/lib/libc.a(libc_a-vfiprintf.o)
                0x80003e40                __sprint_r
                0x80003e60                _vfiprintf_r
                0x80004fb0                vfiprintf
 .text          0x80005098      0x140 /opt/n64/libragon_gcc/lib/gcc/mips64-elf/13.2.0/../../../../mips64-elf/lib/libc.a(libc_a-fclose.o)
                0x80005098                _fclose_r
                0x800051c8                fclose
 .text          0x800051d8      0x338 /opt/n64/libragon_gcc/lib/gcc/mips64-elf/13.2.0/../../../../mips64-elf/lib/libc.a(libc_a-fflush.o)
                0x800051d8                __sflush_r
                0x80005430                _fflush_r
                0x80005490                fflush
 .text          0x80005510      0x3a8 /opt/n64/libragon_gcc/lib/gcc/mips64-elf/13.2.0/../../../../mips64-elf/lib/libc.a(libc_a-findfp.o)
                0x80005708                __sfp
                0x80005848                __sinit
                0x80005878                __sfp_lock_acquire
                0x80005880                __sfp_lock_release
                0x80005888                __fp_lock_all
                0x800058a0                __fp_unlock_all
 .text          0x800058b8      0x138 /opt/n64/libragon_gcc/lib/gcc/mips64-elf/13.2.0/../../../../mips64-elf/lib/libc.a(libc_a-fopen.o)
                0x800058b8                _fopen_r
                0x800059d8                fopen
 .text          0x800059f0       0x68 /opt/n64/libragon_gcc/lib/gcc/mips64-elf/13.2.0/../../../../mips64-elf/lib/libc.a(libc_a-fprintf.o)
                0x800059f0                _fprintf_r
                0x80005a18                fprintf
 .text          0x80005a58       0xd0 /opt/n64/libragon_gcc/lib/gcc/mips64-elf/13.2.0/../../../../mips64-elf/lib/libc.a(libc_a-fputc.o)
                0x80005a58                _fputc_r
                0x80005ab8                fputc
 .text          0x80005b28      0x330 /opt/n64/libragon_gcc/lib/gcc/mips64-elf/13.2.0/../../../../mips64-elf/lib/libc.a(libc_a-fread.o)
                0x80005b28                _fread_r
                0x80005e28                fread
 .text          0x80005e58       0x20 /opt/n64/libragon_gcc/lib/gcc/mips64-elf/13.2.0/../../../../mips64-elf/lib/libc.a(libc_a-fseek.o)
                0x80005e58                _fseek_r
                0x80005e60                fseek
 .text          0x80005e78       0x18 /opt/n64/libragon_gcc/lib/gcc/mips64-elf/13.2.0/../../../../mips64-elf/lib/libc.a(libc_a-ftell.o)
                0x80005e78                _ftell_r
                0x80005e80                ftell
 .text          0x80005e90      0x570 /opt/n64/libragon_gcc/lib/gcc/mips64-elf/13.2.0/../../../../mips64-elf/lib/libc.a(libc_a-fvwrite.o)
                0x80005e90                __sfvwrite_r
 .text          0x80006400       0xc0 /opt/n64/libragon_gcc/lib/gcc/mips64-elf/13.2.0/../../../../mips64-elf/lib/libc.a(libc_a-fwalk.o)
                0x80006400                _fwalk_sglue
 .text          0x800064c0      0x1f8 /opt/n64/libragon_gcc/lib/gcc/mips64-elf/13.2.0/../../../../mips64-elf/lib/libc.a(libc_a-fwrite.o)
                0x800064c0                _fwrite_r
                0x800065c8                fwrite
 .text          0x800066b8       0x70 /opt/n64/libragon_gcc/lib/gcc/mips64-elf/13.2.0/../../../../mips64-elf/lib/libc.a(libc_a-printf.o)
                0x800066b8                _printf_r
                0x800066e8                printf
 .text          0x80006728      0x160 /opt/n64/libragon_gcc/lib/gcc/mips64-elf/13.2.0/../../../../mips64-elf/lib/libc.a(libc_a-putc.o)
                0x80006728                _putc_r
                0x800067d0                putc
 .text          0x80006888       0x20 /opt/n64/libragon_gcc/lib/gcc/mips64-elf/13.2.0/../../../../mips64-elf/lib/libc.a(libc_a-putchar.o)
                0x80006888                _putchar_r
                0x80006890                putchar
 .text          0x800068a8       0xe0 /opt/n64/libragon_gcc/lib/gcc/mips64-elf/13.2.0/../../../../mips64-elf/lib/libc.a(libc_a-puts.o)
                0x800068a8                _puts_r
                0x80006978                puts
 .text          0x80006988      0x228 /opt/n64/libragon_gcc/lib/gcc/mips64-elf/13.2.0/../../../../mips64-elf/lib/libc.a(libc_a-refill.o)
                0x800069b0                __srefill_r
 .text          0x80006bb0      0x270 /opt/n64/libragon_gcc/lib/gcc/mips64-elf/13.2.0/../../../../mips64-elf/lib/libc.a(libc_a-setvbuf.o)
                0x80006bb0                setvbuf
 .text          0x80006e20      0x1c8 /opt/n64/libragon_gcc/lib/gcc/mips64-elf/13.2.0/../../../../mips64-elf/lib/libc.a(libc_a-snprintf.o)
                0x80006e20                _snprintf_r
                0x80006f00                snprintf
 .text          0x80006fe8       0xd8 /opt/n64/libragon_gcc/lib/gcc/mips64-elf/13.2.0/../../../../mips64-elf/lib/libc.a(libc_a-sprintf.o)
                0x80006fe8                _sprintf_r
                0x80007050                sprintf
 .text          0x800070c0      0x190 /opt/n64/libragon_gcc/lib/gcc/mips64-elf/13.2.0/../../../../mips64-elf/lib/libc.a(libc_a-stdio.o)
                0x800070c0                __sread
                0x80007118                __seofread
                0x80007120                __swrite
                0x800071e0                __sseek
                0x80007248                __sclose
 .text          0x80007250       0x30 /opt/n64/libragon_gcc/lib/gcc/mips64-elf/13.2.0/../../../../mips64-elf/lib/libc.a(libc_a-vprintf.o)
                0x80007250                vprintf
                0x80007268                _vprintf_r
 .text          0x80007280      0x1b8 /opt/n64/libragon_gcc/lib/gcc/mips64-elf/13.2.0/../../../../mips64-elf/lib/libc.a(libc_a-wbuf.o)
                0x80007280                __swbuf_r
                0x80007420                __swbuf
 .text          0x80007438      0x170 /opt/n64/libragon_gcc/lib/gcc/mips64-elf/13.2.0/../../../../mips64-elf/lib/libc.a(libc_a-wsetup.o)
                0x80007438                __swsetup_r
 .text          0x800075a8      0x4b8 /opt/n64/libragon_gcc/lib/gcc/mips64-elf/13.2.0/../../../../mips64-elf/lib/libc.a(libc_a-fseeko.o)
                0x800075a8                _fseeko_r
                0x80007a48                fseeko
 .text          0x80007a60      0x148 /opt/n64/libragon_gcc/lib/gcc/mips64-elf/13.2.0/../../../../mips64-elf/lib/libc.a(libc_a-ftello.o)
                0x80007a60                _ftello_r
                0x80007b98                ftello
 .text          0x80007ba8      0x1b8 /opt/n64/libragon_gcc/lib/gcc/mips64-elf/13.2.0/../../../../mips64-elf/lib/libc.a(libc_a-fputwc.o)
                0x80007ba8                __fputwc
                0x80007cc0                _fputwc_r
                0x80007ce8                fputwc
 .text          0x80007d60       0xf8 /opt/n64/libragon_gcc/lib/gcc/mips64-elf/13.2.0/../../../../mips64-elf/lib/libc.a(libc_a-memchr.o)
                0x80007d60                memchr
 .text          0x80007e58       0x88 /opt/n64/libragon_gcc/lib/gcc/mips64-elf/13.2.0/../../../../mips64-elf/lib/libc.a(libc_a-memcmp.o)
                0x80007e58                memcmp
 .text          0x80007ee0      0x140 /opt/n64/libragon_gcc/lib/gcc/mips64-elf/13.2.0/../../../../mips64-elf/lib/libc.a(libc_a-memmove.o)
                0x80007ee0                memmove
 .text          0x80008020       0x98 /opt/n64/libragon_gcc/lib/gcc/mips64-elf/13.2.0/../../../../mips64-elf/lib/libc.a(libc_a-strcat.o)
                0x80008020                strcat
 .text          0x800080b8      0x188 /opt/n64/libragon_gcc/lib/gcc/mips64-elf/13.2.0/../../../../mips64-elf/lib/libc.a(libc_a-strchr.o)
                0x800080b8                strchr
 .text          0x80008240       0xa8 /opt/n64/libragon_gcc/lib/gcc/mips64-elf/13.2.0/../../../../mips64-elf/lib/libc.a(libc_a-strcpy.o)
                0x80008240                strcpy
 .text          0x800082e8      0x460 /opt/n64/libragon_gcc/lib/gcc/mips64-elf/13.2.0/../../../../mips64-elf/lib/libc.a(libc_a-strerror.o)
                0x800082e8                _strerror_r
                0x80008718                strerror
                0x80008730                strerror_l
 .text          0x80008748       0x50 /opt/n64/libragon_gcc/lib/gcc/mips64-elf/13.2.0/../../../../mips64-elf/lib/libc.a(libc_a-strlcpy.o)
                0x80008748                strlcpy
 .text          0x80008798       0xf0 /opt/n64/libragon_gcc/lib/gcc/mips64-elf/13.2.0/../../../../mips64-elf/lib/libc.a(libc_a-strncmp.o)
                0x80008798                strncmp
 .text          0x80008888       0x70 /opt/n64/libragon_gcc/lib/gcc/mips64-elf/13.2.0/../../../../mips64-elf/lib/libc.a(libc_a-strrchr.o)
                0x80008888                strrchr
 .text          0x800088f8      0xb50 /opt/n64/libragon_gcc/lib/gcc/mips64-elf/13.2.0/../../../../mips64-elf/lib/libc.a(libc_a-strstr.o)
                0x80009158                strstr
 .text          0x80009448        0x8 /opt/n64/libragon_gcc/lib/gcc/mips64-elf/13.2.0/../../../../mips64-elf/lib/libc.a(libc_a-u_strerr.o)
                0x80009448                _user_strerror
 .text          0x80009450      0x570 /opt/n64/libragon_gcc/lib/gcc/mips64-elf/13.2.0/../../../../mips64-elf/lib/libc.a(libc_a-signal.o)
                0x80009450                _init_signal_r
                0x800094b8                _signal_r
                0x80009558                _raise_r
                0x80009610                __sigtramp_r
                0x80009700                raise
                0x800097c8                signal
                0x80009868                _init_signal
                0x800098d8                __sigtramp
 .text          0x800099c0       0x10 /opt/n64/libragon_gcc/lib/gcc/mips64-elf/13.2.0/../../../../mips64-elf/lib/libc.a(libc_a-lcltime.o)
                0x800099c0                localtime
 .text          0x800099d0      0x4b0 /opt/n64/libragon_gcc/lib/gcc/mips64-elf/13.2.0/../../../../mips64-elf/lib/libc.a(libc_a-lcltime_r.o)
                0x800099d0                localtime_r
 .text          0x80009e80       0x50 /opt/n64/libragon_gcc/lib/gcc/mips64-elf/13.2.0/../../../../mips64-elf/lib/libc.a(libc_a-time.o)
                0x80009e80                time
 .text          0x80009ed0      0x330 /opt/n64/libragon_gcc/lib/gcc/mips64-elf/13.2.0/../../../../mips64-elf/lib/libc.a(libc_a-tzcalc_limits.o)
                0x80009ed0                __tzcalc_limits
 .text          0x8000a200       0x10 /opt/n64/libragon_gcc/lib/gcc/mips64-elf/13.2.0/../../../../mips64-elf/lib/libc.a(libc_a-tzlock.o)
                0x8000a200                __tz_lock
                0x8000a208                __tz_unlock
 .text          0x8000a210       0x30 /opt/n64/libragon_gcc/lib/gcc/mips64-elf/13.2.0/../../../../mips64-elf/lib/libc.a(libc_a-tzset.o)
                0x8000a210                _tzset_unlocked
                0x8000a218                tzset
 .text          0x8000a240      0x6d8 /opt/n64/libragon_gcc/lib/gcc/mips64-elf/13.2.0/../../../../mips64-elf/lib/libc.a(libc_a-tzset_r.o)
                0x8000a240                _tzset_unlocked_r
                0x8000a8e8                _tzset_r
 .text          0x8000a918      0x120 /opt/n64/libragon_gcc/lib/gcc/mips64-elf/13.2.0/../../../../mips64-elf/lib/libc.a(libc_a-locale.o)
                0x8000a918                _setlocale_r
                0x8000a9a0                __locale_mb_cur_max
                0x8000a9b0                setlocale
 .text          0x8000aa38       0x28 /opt/n64/libragon_gcc/lib/gcc/mips64-elf/13.2.0/../../../../mips64-elf/lib/libc.a(libc_a-localeconv.o)
                0x8000aa38                __localeconv_l
                0x8000aa40                _localeconv_r
                0x8000aa50                localeconv
 .text          0x8000aa60       0x50 /opt/n64/libragon_gcc/lib/gcc/mips64-elf/13.2.0/../../../../mips64-elf/lib/libc.a(libc_a-closer.o)
                0x8000aa60                _close_r
 .text          0x8000aab0       0x58 /opt/n64/libragon_gcc/lib/gcc/mips64-elf/13.2.0/../../../../mips64-elf/lib/libc.a(libc_a-fstatr.o)
                0x8000aab0                _fstat_r
 .text          0x8000ab08       0x58 /opt/n64/libragon_gcc/lib/gcc/mips64-elf/13.2.0/../../../../mips64-elf/lib/libc.a(libc_a-gettimeofdayr.o)
                0x8000ab08                _gettimeofday_r
 .text          0x8000ab60       0x60 /opt/n64/libragon_gcc/lib/gcc/mips64-elf/13.2.0/../../../../mips64-elf/lib/libc.a(libc_a-lseekr.o)
                0x8000ab60                _lseek_r
 .text          0x8000abc0       0x60 /opt/n64/libragon_gcc/lib/gcc/mips64-elf/13.2.0/../../../../mips64-elf/lib/libc.a(libc_a-openr.o)
                0x8000abc0                _open_r
 .text          0x8000ac20       0x60 /opt/n64/libragon_gcc/lib/gcc/mips64-elf/13.2.0/../../../../mips64-elf/lib/libc.a(libc_a-readr.o)
                0x8000ac20                _read_r
 .text          0x8000ac80       0x60 /opt/n64/libragon_gcc/lib/gcc/mips64-elf/13.2.0/../../../../mips64-elf/lib/libc.a(libc_a-signalr.o)
                0x8000ac80                _kill_r
                0x8000acd8                _getpid_r
 .text          0x8000ace0       0x50 /opt/n64/libragon_gcc/lib/gcc/mips64-elf/13.2.0/../../../../mips64-elf/lib/libc.a(libc_a-sbrkr.o)
                0x8000ace0                _sbrk_r
 .text          0x8000ad30       0x60 /opt/n64/libragon_gcc/lib/gcc/mips64-elf/13.2.0/../../../../mips64-elf/lib/libc.a(libc_a-writer.o)
                0x8000ad30                _write_r
 .text          0x8000ad90        0x8 /opt/n64/libragon_gcc/lib/gcc/mips64-elf/13.2.0/../../../../mips64-elf/lib/libc.a(libc_a-errno.o)
                0x8000ad90                __errno
 .text          0x8000ad98       0x18 /opt/n64/libragon_gcc/lib/gcc/mips64-elf/13.2.0/../../../../mips64-elf/lib/libc.a(libc_a-strlen.o)
                0x8000ad98                strlen
 .text          0x8000adb0      0x240 /opt/n64/libragon_gcc/lib/gcc/mips64-elf/13.2.0/../../../../mips64-elf/lib/libc.a(libc_a-strcmp.o)
                0x8000adb0                strcmp
 .text          0x8000aff0      0x11c /opt/n64/libragon_gcc/lib/gcc/mips64-elf/13.2.0/../../../../mips64-elf/lib/libc.a(libc_a-memset.o)
                0x8000aff0                memset
 .text          0x8000b10c      0x370 /opt/n64/libragon_gcc/lib/gcc/mips64-elf/13.2.0/../../../../mips64-elf/lib/libc.a(libc_a-memcpy.o)
                0x8000b10c                memcpy
 *fill*         0x8000b47c        0x4 
 .text          0x8000b480     0x1658 /opt/n64/libragon_gcc/lib/gcc/mips64-elf/13.2.0/../../../../mips64-elf/lib/libc.a(libc_a-dtoa.o)
                0x8000b6d0                _dtoa_r
 .text          0x8000cad8      0x480 /opt/n64/libragon_gcc/lib/gcc/mips64-elf/13.2.0/../../../../mips64-elf/lib/libc.a(libc_a-freer.o)
                0x8000cad8                _malloc_trim_r
                0x8000cc18                _free_r
 .text          0x8000cf58      0x150 /opt/n64/libragon_gcc/lib/gcc/mips64-elf/13.2.0/../../../../mips64-elf/lib/libc.a(libc_a-getenv_r.o)
                0x8000cf58                _findenv_r
                0x8000d088                _getenv_r
 .text          0x8000d0a8       0x70 /opt/n64/libragon_gcc/lib/gcc/mips64-elf/13.2.0/../../../../mips64-elf/lib/libc.a(libc_a-mbtowc_r.o)
                0x8000d0a8                _mbtowc_r
                0x8000d0b8                __ascii_mbtowc
 .text          0x8000d118     0x1438 /opt/n64/libragon_gcc/lib/gcc/mips64-elf/13.2.0/../../../../mips64-elf/lib/libc.a(libc_a-mprec.o)
                0x8000d118                _Balloc
                0x8000d1c8                _Bfree
                0x8000d1f8                __multadd
                0x8000d358                __s2b
                0x8000d4d8                __hi0bits
                0x8000d560                __lo0bits
                0x8000d628                __i2b
                0x8000d700                __multiply
                0x8000d990                __pow5mult
                0x8000daf8                __lshift
                0x8000dcb0                __mcmp
                0x8000dd18                __mdiff
                0x8000dfa0                __ulp
                0x8000e050                __b2d
                0x8000e1e8                __d2b
                0x8000e348                __ratio
                0x8000e408                _mprec_log10
                0x8000e448                __copybits
                0x8000e4d0                __any_on
 .text          0x8000e550      0x250 /opt/n64/libragon_gcc/lib/gcc/mips64-elf/13.2.0/../../../../mips64-elf/lib/libc.a(libc_a-strtoul.o)
                0x8000e768                _strtoul_r
                0x8000e770                strtoul_l
                0x8000e788                strtoul
 .text          0x8000e7a0       0x48 /opt/n64/libragon_gcc/lib/gcc/mips64-elf/13.2.0/../../../../mips64-elf/lib/libc.a(libc_a-wctomb_r.o)
                0x8000e7a0                _wctomb_r
                0x8000e7b0                __ascii_wctomb
 .text          0x8000e7e8      0x118 /opt/n64/libragon_gcc/lib/gcc/mips64-elf/13.2.0/../../../../mips64-elf/lib/libc.a(libc_a-wcrtomb.o)
                0x8000e7e8                _wcrtomb_r
                0x8000e868                wcrtomb
 .text          0x8000e900      0x100 /opt/n64/libragon_gcc/lib/gcc/mips64-elf/13.2.0/../../../../mips64-elf/lib/libc.a(libc_a-siscanf.o)
                0x8000e900                siscanf
                0x8000e978                _siscanf_r
 .text          0x8000ea00     0x17c0 /opt/n64/libragon_gcc/lib/gcc/mips64-elf/13.2.0/../../../../mips64-elf/lib/libc.a(libc_a-svfiscanf.o)
                0x8000ea00                _sungetc_r
                0x8000eb20                __ssrefill_r
                0x8000eb98                _sfread_r
                0x8000ed30                __ssvfiscanf_r
 .text          0x800101c0     0x1fb0 /opt/n64/libragon_gcc/lib/gcc/mips64-elf/13.2.0/../../../../mips64-elf/lib/libc.a(libc_a-svfprintf.o)
                0x800101c0                _svfprintf_r
 .text          0x80012170       0xc8 /opt/n64/libragon_gcc/lib/gcc/mips64-elf/13.2.0/../../../../mips64-elf/lib/libc.a(libc_a-flags.o)
                0x80012170                __sflags
 .text          0x80012238      0x258 /opt/n64/libragon_gcc/lib/gcc/mips64-elf/13.2.0/../../../../mips64-elf/lib/libc.a(libc_a-makebuf.o)
                0x80012238                __smakebuf_r
                0x800123e0                __swhatbuf_r
 .text          0x80012490       0xf8 /opt/n64/libragon_gcc/lib/gcc/mips64-elf/13.2.0/../../../../mips64-elf/lib/libc.a(libc_a-sccl.o)
                0x80012490                __sccl
 .text          0x80012588      0x2b8 /opt/n64/libragon_gcc/lib/gcc/mips64-elf/13.2.0/../../../../mips64-elf/lib/libc.a(libc_a-ungetc.o)
                0x80012588                __submore
                0x80012658                _ungetc_r
                0x80012828                ungetc
 .text          0x80012840       0x48 /opt/n64/libragon_gcc/lib/gcc/mips64-elf/13.2.0/../../../../mips64-elf/lib/libc.a(libc_a-strnlen.o)
                0x80012840                strnlen
 .text          0x80012888       0x10 /opt/n64/libragon_gcc/lib/gcc/mips64-elf/13.2.0/../../../../mips64-elf/lib/libc.a(libc_a-gettzinfo.o)
                0x80012888                __gettzinfo
 .text          0x80012898      0x438 /opt/n64/libragon_gcc/lib/gcc/mips64-elf/13.2.0/../../../../mips64-elf/lib/libc.a(libc_a-gmtime_r.o)
                0x80012898                gmtime_r
 .text          0x80012cd0       0x50 /opt/n64/libragon_gcc/lib/gcc/mips64-elf/13.2.0/../../../../mips64-elf/lib/libc.a(libc_a-isattyr.o)
                0x80012cd0                _isatty_r
 .text          0x80012d20       0x10 /opt/n64/libragon_gcc/lib/gcc/mips64-elf/13.2.0/../../../../mips64-elf/lib/libc.a(libc_a-envlock.o)
                0x80012d20                __env_lock
                0x80012d28                __env_unlock
 .text          0x80012d30      0x278 /opt/n64/libragon_gcc/lib/gcc/mips64-elf/13.2.0/../../../../mips64-elf/lib/libc.a(libc_a-strtol.o)
                0x80012f70                _strtol_r
                0x80012f78                strtol_l
                0x80012f90                strtol
 .text          0x80012fa8      0x258 /opt/n64/libragon_gcc/lib/gcc/mips64-elf/13.2.0/../../../../mips64-elf/lib/libc.a(libc_a-strtoll.o)
                0x800131c8                _strtoll_r
                0x800131d0                strtoll_l
                0x800131e8                strtoll
 .text          0x80013200      0x270 /opt/n64/libragon_gcc/lib/gcc/mips64-elf/13.2.0/../../../../mips64-elf/lib/libc.a(libc_a-strtoull.o)
                0x80013438                _strtoull_r
                0x80013440                strtoull_l
                0x80013458                strtoull
 .text          0x80013470      0x128 /opt/n64/libragon_gcc/lib/gcc/mips64-elf/13.2.0/../../../../mips64-elf/lib/libc.a(libc_a-mbrtowc.o)
                0x80013470                _mbrtowc_r
                0x80013500                mbrtowc
 .text          0x80013598        0x8 /opt/n64/libragon_gcc/lib/gcc/mips64-elf/13.2.0/../../../../mips64-elf/lib/libc.a(libc_a-iswspace.o)
                0x80013598                iswspace
 .text          0x800135a0       0x28 /opt/n64/libragon_gcc/lib/gcc/mips64-elf/13.2.0/../../../../mips64-elf/lib/libc.a(libc_a-iswspace_l.o)
                0x800135a0                iswspace_l
 .text          0x800135c8     0x1118 /opt/n64/libragon_gcc/lib/gcc/mips64-elf/13.2.0/../../../../mips64-elf/lib/libc.a(libc_a-svfiprintf.o)
                0x800135c8                __ssprint_r
                0x80013810                _svfiprintf_r
 *(.text.*)
 .text.isviewer_write
                0x800146e0       0x80 /opt/n64/libragon/mips64-elf/lib/libdragon.a(debug.o)
 .text.fat_disk_status_default
                0x80014760       0x20 /opt/n64/libragon/mips64-elf/lib/libdragon.a(debug.o)
 .text.fat_disk_ioctl_default
                0x80014780       0x20 /opt/n64/libragon/mips64-elf/lib/libdragon.a(debug.o)
 .text.__stderr_write
                0x800147a0       0x80 /opt/n64/libragon/mips64-elf/lib/libdragon.a(debug.o)
 .text.usblog_write
                0x80014820       0x20 /opt/n64/libragon/mips64-elf/lib/libdragon.a(debug.o)
 .text.__fat_fstat
                0x80014840       0x80 /opt/n64/libragon/mips64-elf/lib/libdragon.a(debug.o)
 .text.fat_disk_write_sd
                0x800148c0       0x20 /opt/n64/libragon/mips64-elf/lib/libdragon.a(debug.o)
 .text.fat_disk_read_sdram_sd
                0x800148e0       0x40 /opt/n64/libragon/mips64-elf/lib/libdragon.a(debug.o)
 .text.fat_disk_read_sd
                0x80014920       0x20 /opt/n64/libragon/mips64-elf/lib/libdragon.a(debug.o)
 .text.fat_disk_initialize_sd
                0x80014940       0x20 /opt/n64/libragon/mips64-elf/lib/libdragon.a(debug.o)
 .text.cb.0     0x80014960       0xa0 /opt/n64/libragon/mips64-elf/lib/libdragon.a(debug.o)
 .text.sdlog_write
                0x80014a00       0x40 /opt/n64/libragon/mips64-elf/lib/libdragon.a(debug.o)
 .text.disk_initialize
                0x80014a40       0x40 /opt/n64/libragon/mips64-elf/lib/libdragon.a(debug.o)
                0x80014a40                disk_initialize
 .text.disk_status
                0x80014a80       0x40 /opt/n64/libragon/mips64-elf/lib/libdragon.a(debug.o)
                0x80014a80                disk_status
 .text.disk_read
                0x80014ac0       0xe0 /opt/n64/libragon/mips64-elf/lib/libdragon.a(debug.o)
                0x80014ac0                disk_read
 .text.disk_write
                0x80014ba0       0x40 /opt/n64/libragon/mips64-elf/lib/libdragon.a(debug.o)
                0x80014ba0                disk_write
 .text.disk_ioctl
                0x80014be0       0x40 /opt/n64/libragon/mips64-elf/lib/libdragon.a(debug.o)
                0x80014be0                disk_ioctl
 .text.get_fattime
                0x80014c20       0xa0 /opt/n64/libragon/mips64-elf/lib/libdragon.a(debug.o)
                0x80014c20                get_fattime
 .text.debug_init_usblog
                0x80014cc0       0xe0 /opt/n64/libragon/mips64-elf/lib/libdragon.a(debug.o)
                0x80014cc0                debug_init_usblog
 .text.debug_init_isviewer
                0x80014da0       0xc0 /opt/n64/libragon/mips64-elf/lib/libdragon.a(debug.o)
                0x80014da0                debug_init_isviewer
 .text.debug_init_sdlog
                0x80014e60       0xa0 /opt/n64/libragon/mips64-elf/lib/libdragon.a(debug.o)
                0x80014e60                debug_init_sdlog
 .text.debug_init_sdfs
                0x80014f00      0x160 /opt/n64/libragon/mips64-elf/lib/libdragon.a(debug.o)
                0x80014f00                debug_init_sdfs
 .text.debug_assert_func_f
                0x80015060       0xe0 /opt/n64/libragon/mips64-elf/lib/libdragon.a(debug.o)
                0x80015060                debug_assert_func_f
 .text.__fresult_set_errno
                0x80015140      0x180 /opt/n64/libragon/mips64-elf/lib/libdragon.a(debug.o)
 .text.__fat_findnext
                0x800152c0       0xc0 /opt/n64/libragon/mips64-elf/lib/libdragon.a(debug.o)
 .text.__fat_findfirst
                0x80015380       0x60 /opt/n64/libragon/mips64-elf/lib/libdragon.a(debug.o)
 .text.__fat_unlink
                0x800153e0       0x40 /opt/n64/libragon/mips64-elf/lib/libdragon.a(debug.o)
 .text.__fat_close
                0x80015420       0x40 /opt/n64/libragon/mips64-elf/lib/libdragon.a(debug.o)
 .text.__fat_write
                0x80015460       0x40 /opt/n64/libragon/mips64-elf/lib/libdragon.a(debug.o)
 .text.__fat_read
                0x800154a0       0x40 /opt/n64/libragon/mips64-elf/lib/libdragon.a(debug.o)
 .text.__fat_lseek
                0x800154e0       0x80 /opt/n64/libragon/mips64-elf/lib/libdragon.a(debug.o)
 .text.__fat_open
                0x80015560      0x100 /opt/n64/libragon/mips64-elf/lib/libdragon.a(debug.o)
 .text.debug_assert_func
                0x80015660       0x20 /opt/n64/libragon/mips64-elf/lib/libdragon.a(debug.o)
                0x80015660                debug_assert_func
 .text.debug_hexdump
                0x80015680      0x280 /opt/n64/libragon/mips64-elf/lib/libdragon.a(debug.o)
                0x80015680                debug_hexdump
 .text.__debug_backtrace
                0x80015900      0x100 /opt/n64/libragon/mips64-elf/lib/libdragon.a(debug.o)
                0x80015900                __debug_backtrace
 .text.debug_backtrace
                0x80015a00       0x20 /opt/n64/libragon/mips64-elf/lib/libdragon.a(debug.o)
                0x80015a00                debug_backtrace
 .text.usb_64drive_read
                0x80015a20       0x60 /opt/n64/libragon/mips64-elf/lib/libdragon.a(usb.o)
 .text.usb_64drive_poll
                0x80015a80      0x1a0 /opt/n64/libragon/mips64-elf/lib/libdragon.a(usb.o)
 .text.usb_everdrive_usbbusy
                0x80015c20       0xe0 /opt/n64/libragon/mips64-elf/lib/libdragon.a(usb.o)
 .text.usb_everdrive_readusb
                0x80015d00       0xc0 /opt/n64/libragon/mips64-elf/lib/libdragon.a(usb.o)
 .text.usb_everdrive_poll
                0x80015dc0      0x200 /opt/n64/libragon/mips64-elf/lib/libdragon.a(usb.o)
 .text.usb_everdrive_write
                0x80015fc0      0x200 /opt/n64/libragon/mips64-elf/lib/libdragon.a(usb.o)
 .text.usb_sc64_read
                0x800161c0       0x60 /opt/n64/libragon/mips64-elf/lib/libdragon.a(usb.o)
 .text.usb_everdrive_read
                0x80016220       0x60 /opt/n64/libragon/mips64-elf/lib/libdragon.a(usb.o)
 .text.usb_sc64_poll
                0x80016280      0x160 /opt/n64/libragon/mips64-elf/lib/libdragon.a(usb.o)
 .text.usb_write
                0x800163e0       0x40 /opt/n64/libragon/mips64-elf/lib/libdragon.a(usb.o)
                0x800163e0                usb_write
 .text.usb_sendheartbeat
                0x80016420       0x60 /opt/n64/libragon/mips64-elf/lib/libdragon.a(usb.o)
                0x80016420                usb_sendheartbeat
 .text.usb_initialize
                0x80016480      0x1c0 /opt/n64/libragon/mips64-elf/lib/libdragon.a(usb.o)
                0x80016480                usb_initialize
 .text.usb_64drive_wait
                0x80016640       0xc0 /opt/n64/libragon/mips64-elf/lib/libdragon.a(usb.o)
                0x80016640                usb_64drive_wait
 .text.usb_64drive_write
                0x80016700      0x240 /opt/n64/libragon/mips64-elf/lib/libdragon.a(usb.o)
 .text.usb_sc64_execute_cmd
                0x80016940       0xc0 /opt/n64/libragon/mips64-elf/lib/libdragon.a(usb.o)
                0x80016940                usb_sc64_execute_cmd
 .text.usb_sc64_write
                0x80016a00      0x2a0 /opt/n64/libragon/mips64-elf/lib/libdragon.a(usb.o)
 .text.__cart_acs_get
                0x80016ca0       0xe0 /opt/n64/libragon/mips64-elf/lib/libdragon.a(cart.o)
 .text.__cart_acs_rel
                0x80016d80       0x80 /opt/n64/libragon/mips64-elf/lib/libdragon.a(cart.o)
 .text.ci_card_init
                0x80016e00       0x20 /opt/n64/libragon/mips64-elf/lib/libdragon.a(cart.o)
                0x80016e00                ci_card_init
 .text.edx_init
                0x80016e20       0x80 /opt/n64/libragon/mips64-elf/lib/libdragon.a(cart.o)
                0x80016e20                edx_init
 .text.__edx_sd_mode
                0x80016ea0       0xc0 /opt/n64/libragon/mips64-elf/lib/libdragon.a(cart.o)
 .text.ed_init  0x80016f60       0xe0 /opt/n64/libragon/mips64-elf/lib/libdragon.a(cart.o)
                0x80016f60                ed_init
 .text.__edx_sd_cmd
                0x80017040      0x280 /opt/n64/libragon/mips64-elf/lib/libdragon.a(cart.o)
 .text.edx_card_init
                0x800172c0      0x240 /opt/n64/libragon/mips64-elf/lib/libdragon.a(cart.o)
                0x800172c0                edx_card_init
 .text.__sd_crc16.constprop.0
                0x80017500      0x420 /opt/n64/libragon/mips64-elf/lib/libdragon.a(cart.o)
 .text.__edx_sd_close
                0x80017920       0xe0 /opt/n64/libragon/mips64-elf/lib/libdragon.a(cart.o)
 .text.edx_card_rd_cart
                0x80017a00      0x140 /opt/n64/libragon/mips64-elf/lib/libdragon.a(cart.o)
                0x80017a00                edx_card_rd_cart
 .text.edx_card_rd_dram
                0x80017b40      0x200 /opt/n64/libragon/mips64-elf/lib/libdragon.a(cart.o)
                0x80017b40                edx_card_rd_dram
 .text.edx_card_wr_dram
                0x80017d40      0x2a0 /opt/n64/libragon/mips64-elf/lib/libdragon.a(cart.o)
                0x80017d40                edx_card_wr_dram
 .text.ci_init  0x80017fe0      0x100 /opt/n64/libragon/mips64-elf/lib/libdragon.a(cart.o)
                0x80017fe0                ci_init
 .text.sc_card_init
                0x800180e0       0xa0 /opt/n64/libragon/mips64-elf/lib/libdragon.a(cart.o)
                0x800180e0                sc_card_init
 .text.sc_init  0x80018180      0x1a0 /opt/n64/libragon/mips64-elf/lib/libdragon.a(cart.o)
                0x80018180                sc_init
 .text.sc_card_wr_dram
                0x80018320      0x260 /opt/n64/libragon/mips64-elf/lib/libdragon.a(cart.o)
                0x80018320                sc_card_wr_dram
 .text.sc_card_rd_dram
                0x80018580      0x260 /opt/n64/libragon/mips64-elf/lib/libdragon.a(cart.o)
                0x80018580                sc_card_rd_dram
 .text.ci_card_rd_dram
                0x800187e0      0x260 /opt/n64/libragon/mips64-elf/lib/libdragon.a(cart.o)
                0x800187e0                ci_card_rd_dram
 .text.ci_card_wr_dram
                0x80018a40      0x260 /opt/n64/libragon/mips64-elf/lib/libdragon.a(cart.o)
                0x80018a40                ci_card_wr_dram
 .text.sc_card_rd_cart
                0x80018ca0      0x1c0 /opt/n64/libragon/mips64-elf/lib/libdragon.a(cart.o)
                0x80018ca0                sc_card_rd_cart
 .text.__ed_sd_cmd
                0x80018e60      0x2c0 /opt/n64/libragon/mips64-elf/lib/libdragon.a(cart.o)
 .text.ed_card_init
                0x80019120      0x400 /opt/n64/libragon/mips64-elf/lib/libdragon.a(cart.o)
                0x80019120                ed_card_init
 .text.__ed_sd_close
                0x80019520      0x120 /opt/n64/libragon/mips64-elf/lib/libdragon.a(cart.o)
 .text.ed_card_rd_dram
                0x80019640      0x200 /opt/n64/libragon/mips64-elf/lib/libdragon.a(cart.o)
                0x80019640                ed_card_rd_dram
 .text.ed_card_rd_cart
                0x80019840      0x2e0 /opt/n64/libragon/mips64-elf/lib/libdragon.a(cart.o)
                0x80019840                ed_card_rd_cart
 .text.ed_card_wr_dram
                0x80019b20      0x480 /opt/n64/libragon/mips64-elf/lib/libdragon.a(cart.o)
                0x80019b20                ed_card_wr_dram
 .text.ci_card_rd_cart
                0x80019fa0      0x240 /opt/n64/libragon/mips64-elf/lib/libdragon.a(cart.o)
                0x80019fa0                ci_card_rd_cart
 .text.cart_init
                0x8001a1e0       0xe0 /opt/n64/libragon/mips64-elf/lib/libdragon.a(cart.o)
                0x8001a1e0                cart_init
 .text.cart_card_init
                0x8001a2c0       0x40 /opt/n64/libragon/mips64-elf/lib/libdragon.a(cart.o)
                0x8001a2c0                cart_card_init
 .text.cart_card_rd_dram
                0x8001a300       0x40 /opt/n64/libragon/mips64-elf/lib/libdragon.a(cart.o)
                0x8001a300                cart_card_rd_dram
 .text.cart_card_rd_cart
                0x8001a340       0x40 /opt/n64/libragon/mips64-elf/lib/libdragon.a(cart.o)
                0x8001a340                cart_card_rd_cart
 .text.cart_card_wr_dram
                0x8001a380       0x40 /opt/n64/libragon/mips64-elf/lib/libdragon.a(cart.o)
                0x8001a380                cart_card_wr_dram
 .text.ld_qword
                0x8001a3c0       0x80 /opt/n64/libragon/mips64-elf/lib/libdragon.a(ff.o)
 .text.tchar2uni
                0x8001a440      0x100 /opt/n64/libragon/mips64-elf/lib/libdragon.a(ff.o)
 .text.get_ldnumber
                0x8001a540       0x80 /opt/n64/libragon/mips64-elf/lib/libdragon.a(ff.o)
 .text.validate
                0x8001a5c0       0xa0 /opt/n64/libragon/mips64-elf/lib/libdragon.a(ff.o)
 .text.sync_window
                0x8001a660       0xc0 /opt/n64/libragon/mips64-elf/lib/libdragon.a(ff.o)
 .text.put_utf  0x8001a720      0x180 /opt/n64/libragon/mips64-elf/lib/libdragon.a(ff.o)
 .text.get_fileinfo
                0x8001a8a0      0x4c0 /opt/n64/libragon/mips64-elf/lib/libdragon.a(ff.o)
 .text.dir_clear
                0x8001ad60      0x120 /opt/n64/libragon/mips64-elf/lib/libdragon.a(ff.o)
 .text.init_alloc_info.isra.0
                0x8001ae80       0xe0 /opt/n64/libragon/mips64-elf/lib/libdragon.a(ff.o)
 .text.sync_fs  0x8001af60      0x1a0 /opt/n64/libragon/mips64-elf/lib/libdragon.a(ff.o)
 .text.move_window
                0x8001b100       0xe0 /opt/n64/libragon/mips64-elf/lib/libdragon.a(ff.o)
 .text.change_bitmap
                0x8001b1e0      0x140 /opt/n64/libragon/mips64-elf/lib/libdragon.a(ff.o)
 .text.put_fat.part.0
                0x8001b320      0x2c0 /opt/n64/libragon/mips64-elf/lib/libdragon.a(ff.o)
 .text.fill_last_frag
                0x8001b5e0       0xe0 /opt/n64/libragon/mips64-elf/lib/libdragon.a(ff.o)
 .text.fill_first_frag
                0x8001b6c0       0xe0 /opt/n64/libragon/mips64-elf/lib/libdragon.a(ff.o)
 .text.get_fat  0x8001b7a0      0x300 /opt/n64/libragon/mips64-elf/lib/libdragon.a(ff.o)
 .text.dir_sdi  0x8001baa0      0x200 /opt/n64/libragon/mips64-elf/lib/libdragon.a(ff.o)
 .text.remove_chain
                0x8001bca0      0x300 /opt/n64/libragon/mips64-elf/lib/libdragon.a(ff.o)
 .text.create_chain
                0x8001bfa0      0x460 /opt/n64/libragon/mips64-elf/lib/libdragon.a(ff.o)
 .text.dir_next
                0x8001c400      0x200 /opt/n64/libragon/mips64-elf/lib/libdragon.a(ff.o)
 .text.dir_alloc
                0x8001c600      0x1a0 /opt/n64/libragon/mips64-elf/lib/libdragon.a(ff.o)
 .text.dir_remove
                0x8001c7a0      0x1a0 /opt/n64/libragon/mips64-elf/lib/libdragon.a(ff.o)
 .text.load_xdir
                0x8001c940      0x2c0 /opt/n64/libragon/mips64-elf/lib/libdragon.a(ff.o)
 .text.store_xdir
                0x8001cc00      0x1c0 /opt/n64/libragon/mips64-elf/lib/libdragon.a(ff.o)
 .text.dir_read.constprop.0
                0x8001cdc0      0x300 /opt/n64/libragon/mips64-elf/lib/libdragon.a(ff.o)
 .text.dir_find
                0x8001d0c0      0x4a0 /opt/n64/libragon/mips64-elf/lib/libdragon.a(ff.o)
 .text.follow_path
                0x8001d560      0x6c0 /opt/n64/libragon/mips64-elf/lib/libdragon.a(ff.o)
 .text.check_fs
                0x8001dc20      0x2e0 /opt/n64/libragon/mips64-elf/lib/libdragon.a(ff.o)
 .text.mount_volume
                0x8001df00      0xd40 /opt/n64/libragon/mips64-elf/lib/libdragon.a(ff.o)
 .text.dir_register
                0x8001ec40      0x800 /opt/n64/libragon/mips64-elf/lib/libdragon.a(ff.o)
 .text.f_mount  0x8001f440       0xa0 /opt/n64/libragon/mips64-elf/lib/libdragon.a(ff.o)
                0x8001f440                f_mount
 .text.f_open   0x8001f4e0      0x560 /opt/n64/libragon/mips64-elf/lib/libdragon.a(ff.o)
                0x8001f4e0                f_open
 .text.f_read   0x8001fa40      0x340 /opt/n64/libragon/mips64-elf/lib/libdragon.a(ff.o)
                0x8001fa40                f_read
 .text.f_write  0x8001fd80      0x3e0 /opt/n64/libragon/mips64-elf/lib/libdragon.a(ff.o)
                0x8001fd80                f_write
 .text.f_sync   0x80020160      0x320 /opt/n64/libragon/mips64-elf/lib/libdragon.a(ff.o)
                0x80020160                f_sync
 .text.f_close  0x80020480       0x60 /opt/n64/libragon/mips64-elf/lib/libdragon.a(ff.o)
                0x80020480                f_close
 .text.f_lseek  0x800204e0      0x360 /opt/n64/libragon/mips64-elf/lib/libdragon.a(ff.o)
                0x800204e0                f_lseek
 .text.f_opendir
                0x80020840      0x1a0 /opt/n64/libragon/mips64-elf/lib/libdragon.a(ff.o)
                0x80020840                f_opendir
 .text.f_closedir
                0x800209e0       0x80 /opt/n64/libragon/mips64-elf/lib/libdragon.a(ff.o)
                0x800209e0                f_closedir
 .text.f_readdir
                0x80020a60       0xe0 /opt/n64/libragon/mips64-elf/lib/libdragon.a(ff.o)
                0x80020a60                f_readdir
 .text.f_unlink
                0x80020b40      0x1c0 /opt/n64/libragon/mips64-elf/lib/libdragon.a(ff.o)
                0x80020b40                f_unlink
 .text.ff_uni2oem
                0x80020d00       0x80 /opt/n64/libragon/mips64-elf/lib/libdragon.a(ffunicode.o)
                0x80020d00                ff_uni2oem
 .text.ff_oem2uni
                0x80020d80       0x60 /opt/n64/libragon/mips64-elf/lib/libdragon.a(ffunicode.o)
                0x80020d80                ff_oem2uni
 .text.ff_wtoupper
                0x80020de0      0x160 /opt/n64/libragon/mips64-elf/lib/libdragon.a(ffunicode.o)
                0x80020de0                ff_wtoupper
 .text.cb.2     0x80020f40       0x60 /opt/n64/libragon/mips64-elf/lib/libdragon.a(inspector.o)
 .text.cb.1     0x80020fa0       0x60 /opt/n64/libragon/mips64-elf/lib/libdragon.a(inspector.o)
 .text.cb.0     0x80021000      0x120 /opt/n64/libragon/mips64-elf/lib/libdragon.a(inspector.o)
 .text.cb.3     0x80021120      0x120 /opt/n64/libragon/mips64-elf/lib/libdragon.a(inspector.o)
 .text.inspector_stdout
                0x80021240      0x240 /opt/n64/libragon/mips64-elf/lib/libdragon.a(inspector.o)
 .text.title    0x80021480       0xa0 /opt/n64/libragon/mips64-elf/lib/libdragon.a(inspector.o)
 .text.mips_disasm
                0x80021520      0x6c0 /opt/n64/libragon/mips64-elf/lib/libdragon.a(inspector.o)
 .text.inspector
                0x80021be0      0xba0 /opt/n64/libragon/mips64-elf/lib/libdragon.a(inspector.o)
 .text.handler.4
                0x80022780       0x40 /opt/n64/libragon/mips64-elf/lib/libdragon.a(inspector.o)
 .text.__inspector_exception
                0x800227c0       0x20 /opt/n64/libragon/mips64-elf/lib/libdragon.a(inspector.o)
                0x800227c0                __inspector_exception
 .text.__inspector_assertion
                0x800227e0       0x20 /opt/n64/libragon/mips64-elf/lib/libdragon.a(inspector.o)
                0x800227e0                __inspector_assertion
 .text.startup.__inspector_init
                0x80022800       0x20 /opt/n64/libragon/mips64-elf/lib/libdragon.a(inspector.o)
                0x80022800                __inspector_init
 .text.dma_write_raw_async.part.0
                0x80022820       0x40 /opt/n64/libragon/mips64-elf/lib/libdragon.a(dma.o)
 .text.io_accessible
                0x80022860       0x40 /opt/n64/libragon/mips64-elf/lib/libdragon.a(dma.o)
                0x80022860                io_accessible
 .text.dma_read_raw_async
                0x800228a0       0xa0 /opt/n64/libragon/mips64-elf/lib/libdragon.a(dma.o)
                0x800228a0                dma_read_raw_async
 .text.dma_write_raw_async
                0x80022940       0x80 /opt/n64/libragon/mips64-elf/lib/libdragon.a(dma.o)
                0x80022940                dma_write_raw_async
 .text.dma_read_async
                0x800229c0      0x4c0 /opt/n64/libragon/mips64-elf/lib/libdragon.a(dma.o)
                0x800229c0                dma_read_async
 .text.dma_wait
                0x80022e80       0x20 /opt/n64/libragon/mips64-elf/lib/libdragon.a(dma.o)
                0x80022e80                dma_wait
 .text.dma_read
                0x80022ea0       0x40 /opt/n64/libragon/mips64-elf/lib/libdragon.a(dma.o)
                0x80022ea0                dma_read
 .text.dma_write
                0x80022ee0       0xa0 /opt/n64/libragon/mips64-elf/lib/libdragon.a(dma.o)
                0x80022ee0                dma_write
 .text.io_read  0x80022f80       0x60 /opt/n64/libragon/mips64-elf/lib/libdragon.a(dma.o)
                0x80022f80                io_read
 .text.io_write
                0x80022fe0       0x60 /opt/n64/libragon/mips64-elf/lib/libdragon.a(dma.o)
                0x80022fe0                io_write
 .text.cb.0     0x80023040       0x40 /opt/n64/libragon/mips64-elf/lib/libdragon.a(exception.o)
 .text.cb.1     0x80023080       0x80 /opt/n64/libragon/mips64-elf/lib/libdragon.a(exception.o)
 .text.is_unmapped_kx64
                0x80023100      0x1e0 /opt/n64/libragon/mips64-elf/lib/libdragon.a(exception.o)
 .text.__get_exception_name.isra.0
                0x800232e0      0x200 /opt/n64/libragon/mips64-elf/lib/libdragon.a(exception.o)
 .text.__exception_dump_header
                0x800234e0      0x2a0 /opt/n64/libragon/mips64-elf/lib/libdragon.a(exception.o)
                0x800234e0                __exception_dump_header
 .text.__exception_dump_gpr
                0x80023780      0x160 /opt/n64/libragon/mips64-elf/lib/libdragon.a(exception.o)
                0x80023780                __exception_dump_gpr
 .text.__exception_dump_fpr
                0x800238e0      0x2a0 /opt/n64/libragon/mips64-elf/lib/libdragon.a(exception.o)
                0x800238e0                __exception_dump_fpr
 .text.exception_default_handler
                0x80023b80      0x1a0 /opt/n64/libragon/mips64-elf/lib/libdragon.a(exception.o)
                0x80023b80                exception_default_handler
 .text.__onCriticalException
                0x80023d20       0x60 /opt/n64/libragon/mips64-elf/lib/libdragon.a(exception.o)
                0x80023d20                __onCriticalException
 .text.register_syscall_handler
                0x80023d80      0x1a0 /opt/n64/libragon/mips64-elf/lib/libdragon.a(exception.o)
                0x80023d80                register_syscall_handler
 .text.__onSyscallException
                0x80023f20      0x140 /opt/n64/libragon/mips64-elf/lib/libdragon.a(exception.o)
                0x80023f20                __onSyscallException
 .text.__register_frame_info
                0x80024060       0x20 /opt/n64/libragon/mips64-elf/lib/libdragon.a(do_ctors.o)
                0x80024060                __register_frame_info
 .text.__wrap___do_global_ctors
                0x80024080       0xe0 /opt/n64/libragon/mips64-elf/lib/libdragon.a(do_ctors.o)
                0x80024080                __wrap___do_global_ctors
 .text.sys_bbplayer
                0x80024160       0x20 /opt/n64/libragon/mips64-elf/lib/libdragon.a(n64sys.o)
                0x80024160                sys_bbplayer
 .text.data_cache_hit_writeback
                0x80024180       0x60 /opt/n64/libragon/mips64-elf/lib/libdragon.a(n64sys.o)
                0x80024180                data_cache_hit_writeback
 .text.__data_cache_hit_invalidate
                0x800241e0       0x60 /opt/n64/libragon/mips64-elf/lib/libdragon.a(n64sys.o)
                0x800241e0                __data_cache_hit_invalidate
 .text.data_cache_hit_writeback_invalidate
                0x80024240       0x60 /opt/n64/libragon/mips64-elf/lib/libdragon.a(n64sys.o)
                0x80024240                data_cache_hit_writeback_invalidate
 .text.inst_cache_hit_invalidate
                0x800242a0       0x60 /opt/n64/libragon/mips64-elf/lib/libdragon.a(n64sys.o)
                0x800242a0                inst_cache_hit_invalidate
 .text.malloc_uncached_aligned
                0x80024300       0xc0 /opt/n64/libragon/mips64-elf/lib/libdragon.a(n64sys.o)
                0x80024300                malloc_uncached_aligned
 .text.free_uncached
                0x800243c0       0x20 /opt/n64/libragon/mips64-elf/lib/libdragon.a(n64sys.o)
                0x800243c0                free_uncached
 .text.get_memory_size
                0x800243e0       0x60 /opt/n64/libragon/mips64-elf/lib/libdragon.a(n64sys.o)
                0x800243e0                get_memory_size
 .text.get_tv_type
                0x80024440       0x20 /opt/n64/libragon/mips64-elf/lib/libdragon.a(n64sys.o)
                0x80024440                get_tv_type
 .text.get_ticks
                0x80024460       0x40 /opt/n64/libragon/mips64-elf/lib/libdragon.a(n64sys.o)
                0x80024460                get_ticks
 .text.wait_ms  0x800244a0       0x40 /opt/n64/libragon/mips64-elf/lib/libdragon.a(n64sys.o)
                0x800244a0                wait_ms
 .text.startup.__init_cop1
                0x800244e0       0x40 /opt/n64/libragon/mips64-elf/lib/libdragon.a(n64sys.o)
                0x800244e0                __init_cop1
 .text.__MI_handler
                0x80024520      0x220 /opt/n64/libragon/mips64-elf/lib/libdragon.a(interrupt.o)
                0x80024520                __MI_handler
 .text.__TI_handler
                0x80024740       0x60 /opt/n64/libragon/mips64-elf/lib/libdragon.a(interrupt.o)
                0x80024740                __TI_handler
 .text.__CART_handler
                0x800247a0       0xa0 /opt/n64/libragon/mips64-elf/lib/libdragon.a(interrupt.o)
                0x800247a0                __CART_handler
 .text.__RESET_handler
                0x80024840       0x60 /opt/n64/libragon/mips64-elf/lib/libdragon.a(interrupt.o)
                0x80024840                __RESET_handler
 .text.register_VI_handler
                0x800248a0       0x60 /opt/n64/libragon/mips64-elf/lib/libdragon.a(interrupt.o)
                0x800248a0                register_VI_handler
 .text.unregister_VI_handler
                0x80024900       0x60 /opt/n64/libragon/mips64-elf/lib/libdragon.a(interrupt.o)
                0x80024900                unregister_VI_handler
 .text.register_SI_handler
                0x80024960       0x60 /opt/n64/libragon/mips64-elf/lib/libdragon.a(interrupt.o)
                0x80024960                register_SI_handler
 .text.set_VI_interrupt
                0x800249c0       0x40 /opt/n64/libragon/mips64-elf/lib/libdragon.a(interrupt.o)
                0x800249c0                set_VI_interrupt
 .text.set_SI_interrupt
                0x80024a00       0x20 /opt/n64/libragon/mips64-elf/lib/libdragon.a(interrupt.o)
                0x80024a00                set_SI_interrupt
 .text.startup.__init_interrupts
                0x80024a20       0x40 /opt/n64/libragon/mips64-elf/lib/libdragon.a(interrupt.o)
                0x80024a20                __init_interrupts
 .text.disable_interrupts
                0x80024a60       0x40 /opt/n64/libragon/mips64-elf/lib/libdragon.a(interrupt.o)
                0x80024a60                disable_interrupts
 .text.enable_interrupts
                0x80024aa0       0x80 /opt/n64/libragon/mips64-elf/lib/libdragon.a(interrupt.o)
                0x80024aa0                enable_interrupts
 .text.cb.0     0x80024b20       0x40 /opt/n64/libragon/mips64-elf/lib/libdragon.a(backtrace.o)
 .text.symt_open
                0x80024b60      0x160 /opt/n64/libragon/mips64-elf/lib/libdragon.a(backtrace.o)
 .text.format_entry
                0x80024cc0      0x240 /opt/n64/libragon/mips64-elf/lib/libdragon.a(backtrace.o)
 .text.symt_addrtab_search
                0x80024f00      0x200 /opt/n64/libragon/mips64-elf/lib/libdragon.a(backtrace.o)
 .text.__symbolize
                0x80025100      0x240 /opt/n64/libragon/mips64-elf/lib/libdragon.a(backtrace.o)
                0x80025100                __symbolize
 .text.__bt_analyze_func
                0x80025340      0x1a0 /opt/n64/libragon/mips64-elf/lib/libdragon.a(backtrace.o)
                0x80025340                __bt_analyze_func
 .text.backtrace_foreach
                0x800254e0      0x300 /opt/n64/libragon/mips64-elf/lib/libdragon.a(backtrace.o)
 .text.backtrace
                0x800257e0       0xc0 /opt/n64/libragon/mips64-elf/lib/libdragon.a(backtrace.o)
                0x800257e0                backtrace
 .text.backtrace_symbols_cb
                0x800258a0      0x300 /opt/n64/libragon/mips64-elf/lib/libdragon.a(backtrace.o)
                0x800258a0                backtrace_symbols_cb
 .text.backtrace_frame_print
                0x80025ba0       0xa0 /opt/n64/libragon/mips64-elf/lib/libdragon.a(backtrace.o)
                0x80025ba0                backtrace_frame_print
 .text.backtrace_frame_print_compact
                0x80025c40      0x140 /opt/n64/libragon/mips64-elf/lib/libdragon.a(backtrace.o)
                0x80025c40                backtrace_frame_print_compact
 .text.rompak_search_ext
                0x80025d80      0x1e0 /opt/n64/libragon/mips64-elf/lib/libdragon.a(rompak.o)
                0x80025d80                rompak_search_ext
 .text.__display_callback
                0x80025f60      0x160 /opt/n64/libragon/mips64-elf/lib/libdragon.a(display.o)
 .text.display_show.part.0
                0x800260c0      0x1a0 /opt/n64/libragon/mips64-elf/lib/libdragon.a(display.o)
 .text.display_init
                0x80026260      0x5e0 /opt/n64/libragon/mips64-elf/lib/libdragon.a(display.o)
                0x80026260                display_init
 .text.display_close
                0x80026840      0x100 /opt/n64/libragon/mips64-elf/lib/libdragon.a(display.o)
                0x80026840                display_close
 .text.display_try_get
                0x80026940       0xc0 /opt/n64/libragon/mips64-elf/lib/libdragon.a(display.o)
                0x80026940                display_try_get
 .text.display_get
                0x80026a00      0x100 /opt/n64/libragon/mips64-elf/lib/libdragon.a(display.o)
                0x80026a00                display_get
 .text.display_show
                0x80026b00       0x20 /opt/n64/libragon/mips64-elf/lib/libdragon.a(display.o)
                0x80026b00                display_show
 .text.display_show_force
                0x80026b20       0x40 /opt/n64/libragon/mips64-elf/lib/libdragon.a(display.o)
                0x80026b20                display_show_force
 .text.display_get_bitdepth
                0x80026b60       0x20 /opt/n64/libragon/mips64-elf/lib/libdragon.a(display.o)
                0x80026b60                display_get_bitdepth
 .text.surface_alloc
                0x80026b80       0xe0 /opt/n64/libragon/mips64-elf/lib/libdragon.a(surface.o)
                0x80026b80                surface_alloc
 .text.surface_free
                0x80026c60       0x80 /opt/n64/libragon/mips64-elf/lib/libdragon.a(surface.o)
                0x80026c60                surface_free
 .text.controller_read
                0x80026ce0       0x20 /opt/n64/libragon/mips64-elf/lib/libdragon.a(controller.o)
                0x80026ce0                controller_read
 .text.graphics_draw_character.part.0
                0x80026d00      0x2c0 /opt/n64/libragon/mips64-elf/lib/libdragon.a(graphics.o)
 .text.graphics_set_color
                0x80026fc0       0x20 /opt/n64/libragon/mips64-elf/lib/libdragon.a(graphics.o)
                0x80026fc0                graphics_set_color
 .text.graphics_draw_box
                0x80026fe0      0x120 /opt/n64/libragon/mips64-elf/lib/libdragon.a(graphics.o)
                0x80026fe0                graphics_draw_box
 .text.graphics_fill_screen
                0x80027100       0x80 /opt/n64/libragon/mips64-elf/lib/libdragon.a(graphics.o)
                0x80027100                graphics_fill_screen
 .text.graphics_set_default_font
                0x80027180       0x80 /opt/n64/libragon/mips64-elf/lib/libdragon.a(graphics.o)
                0x80027180                graphics_set_default_font
 .text.graphics_draw_character
                0x80027200       0x20 /opt/n64/libragon/mips64-elf/lib/libdragon.a(graphics.o)
                0x80027200                graphics_draw_character
 .text.graphics_draw_text
                0x80027220      0x120 /opt/n64/libragon/mips64-elf/lib/libdragon.a(graphics.o)
                0x80027220                graphics_draw_text
 .text.rsp_load_code
                0x80027340      0x100 /opt/n64/libragon/mips64-elf/lib/libdragon.a(rsp.o)
                0x80027340                rsp_load_code
 .text.rsp_load_data
                0x80027440       0xe0 /opt/n64/libragon/mips64-elf/lib/libdragon.a(rsp.o)
                0x80027440                rsp_load_data
 .text.rsp_read_code
                0x80027520       0xe0 /opt/n64/libragon/mips64-elf/lib/libdragon.a(rsp.o)
                0x80027520                rsp_read_code
 .text.rsp_read_data
                0x80027600       0xe0 /opt/n64/libragon/mips64-elf/lib/libdragon.a(rsp.o)
                0x80027600                rsp_read_data
 .text.__rsp_crash
                0x800276e0      0xbe0 /opt/n64/libragon/mips64-elf/lib/libdragon.a(rsp.o)
                0x800276e0                __rsp_crash
 .text.__rsp_check_assert
                0x800282c0       0x80 /opt/n64/libragon/mips64-elf/lib/libdragon.a(rsp.o)
                0x800282c0                __rsp_check_assert
 .text.rsp_wait
                0x80028340      0x100 /opt/n64/libragon/mips64-elf/lib/libdragon.a(rsp.o)
                0x80028340                rsp_wait
 .text.rsp_run  0x80028440       0x60 /opt/n64/libragon/mips64-elf/lib/libdragon.a(rsp.o)
                0x80028440                rsp_run
 .text.__console_render.part.0
                0x800284a0      0x100 /opt/n64/libragon/mips64-elf/lib/libdragon.a(console.o)
 .text.__console_write
                0x800285a0      0x2c0 /opt/n64/libragon/mips64-elf/lib/libdragon.a(console.o)
 .text.console_set_render_mode
                0x80028860       0x20 /opt/n64/libragon/mips64-elf/lib/libdragon.a(console.o)
                0x80028860                console_set_render_mode
 .text.console_init
                0x80028880       0xe0 /opt/n64/libragon/mips64-elf/lib/libdragon.a(console.o)
                0x80028880                console_init
 .text.console_render
                0x80028960       0x40 /opt/n64/libragon/mips64-elf/lib/libdragon.a(console.o)
                0x80028960                console_render
 .text.console_set_debug
                0x800289a0       0x20 /opt/n64/libragon/mips64-elf/lib/libdragon.a(console.o)
                0x800289a0                console_set_debug
 .text.must_fopen.part.0
                0x800289c0      0x100 /opt/n64/libragon/mips64-elf/lib/libdragon.a(asset.o)
 .text.asset_load
                0x80028ac0      0x460 /opt/n64/libragon/mips64-elf/lib/libdragon.a(asset.o)
                0x80028ac0                asset_load
 .text.decompress_lz4_full_inplace
                0x80028f20       0x20 /opt/n64/libragon/mips64-elf/lib/libdragon.a(lz4_dec.o)
                0x80028f20                decompress_lz4_full_inplace
 .text.decompress_lz4_init
                0x80028f40       0x60 /opt/n64/libragon/mips64-elf/lib/libdragon.a(lz4_dec.o)
                0x80028f40                decompress_lz4_init
 .text.decompress_lz4_reset
                0x80028fa0       0x40 /opt/n64/libragon/mips64-elf/lib/libdragon.a(lz4_dec.o)
                0x80028fa0                decompress_lz4_reset
 .text.decompress_lz4_read
                0x80028fe0      0x400 /opt/n64/libragon/mips64-elf/lib/libdragon.a(lz4_dec.o)
                0x80028fe0                decompress_lz4_read
 .text.decompress_lz4_full_fast
                0x800293e0      0x1c0 /opt/n64/libragon/mips64-elf/lib/libdragon.a(lz4_dec_fast.o)
                0x800293e0                decompress_lz4_full_fast
 .text.__ringbuf_init
                0x800295a0       0x80 /opt/n64/libragon/mips64-elf/lib/libdragon.a(ringbuf.o)
                0x800295a0                __ringbuf_init
 .text.__ringbuf_write
                0x80029620       0xc0 /opt/n64/libragon/mips64-elf/lib/libdragon.a(ringbuf.o)
                0x80029620                __ringbuf_write
 .text.__ringbuf_copy
                0x800296e0      0x1a0 /opt/n64/libragon/mips64-elf/lib/libdragon.a(ringbuf.o)
                0x800296e0                __ringbuf_copy
 .text.joybus_msg_send
                0x80029880       0x80 /opt/n64/libragon/mips64-elf/lib/libdragon.a(joybus.o)
 .text.callback.0
                0x80029900       0xa0 /opt/n64/libragon/mips64-elf/lib/libdragon.a(joybus.o)
 .text.si_interrupt
                0x800299a0      0x1a0 /opt/n64/libragon/mips64-elf/lib/libdragon.a(joybus.o)
 .text.startup.__joybus_init
                0x80029b40       0x60 /opt/n64/libragon/mips64-elf/lib/libdragon.a(joybus.o)
                0x80029b40                __joybus_init
 .text.joybus_exec_async
                0x80029ba0      0x1a0 /opt/n64/libragon/mips64-elf/lib/libdragon.a(joybus.o)
                0x80029ba0                joybus_exec_async
 .text.joybus_exec
                0x80029d40      0x140 /opt/n64/libragon/mips64-elf/lib/libdragon.a(joybus.o)
                0x80029d40                joybus_exec
 .text.get_next_token
                0x80029e80       0xc0 /opt/n64/libragon/mips64-elf/lib/libdragon.a(dragonfs.o)
 .text.__fstat  0x80029f40       0x40 /opt/n64/libragon/mips64-elf/lib/libdragon.a(dragonfs.o)
 .text.__close  0x80029f80       0x40 /opt/n64/libragon/mips64-elf/lib/libdragon.a(dragonfs.o)
 .text.recurse_path
                0x80029fc0      0x3c0 /opt/n64/libragon/mips64-elf/lib/libdragon.a(dragonfs.o)
 .text.__lseek  0x8002a380       0xa0 /opt/n64/libragon/mips64-elf/lib/libdragon.a(dragonfs.o)
 .text.dfs_dir_findfirst
                0x8002a420       0xc0 /opt/n64/libragon/mips64-elf/lib/libdragon.a(dragonfs.o)
                0x8002a420                dfs_dir_findfirst
 .text.__findfirst
                0x8002a4e0       0x60 /opt/n64/libragon/mips64-elf/lib/libdragon.a(dragonfs.o)
 .text.dfs_dir_findnext
                0x8002a540       0xc0 /opt/n64/libragon/mips64-elf/lib/libdragon.a(dragonfs.o)
                0x8002a540                dfs_dir_findnext
 .text.__findnext
                0x8002a600       0x60 /opt/n64/libragon/mips64-elf/lib/libdragon.a(dragonfs.o)
 .text.dfs_open
                0x8002a660       0xe0 /opt/n64/libragon/mips64-elf/lib/libdragon.a(dragonfs.o)
                0x8002a660                dfs_open
 .text.__open   0x8002a740      0x120 /opt/n64/libragon/mips64-elf/lib/libdragon.a(dragonfs.o)
 .text.dfs_read
                0x8002a860      0x1c0 /opt/n64/libragon/mips64-elf/lib/libdragon.a(dragonfs.o)
                0x8002a860                dfs_read
 .text.__read   0x8002aa20       0x20 /opt/n64/libragon/mips64-elf/lib/libdragon.a(dragonfs.o)
 .text.dfs_rom_addr
                0x8002aa40       0xa0 /opt/n64/libragon/mips64-elf/lib/libdragon.a(dragonfs.o)
                0x8002aa40                dfs_rom_addr
 .text.dfs_init
                0x8002aae0      0x1c0 /opt/n64/libragon/mips64-elf/lib/libdragon.a(dragonfs.o)
                0x8002aae0                dfs_init
 .text.__get_fs_link_by_name
                0x8002aca0       0xe0 /opt/n64/libragon/mips64-elf/lib/libdragonsys.a(system.o)
 .text.attach_filesystem
                0x8002ad80      0x200 /opt/n64/libragon/mips64-elf/lib/libdragonsys.a(system.o)
                0x8002ad80                attach_filesystem
 .text.close    0x8002af80       0xe0 /opt/n64/libragon/mips64-elf/lib/libdragonsys.a(system.o)
                0x8002af80                close
 .text._exit    0x8002b060       0x20 /opt/n64/libragon/mips64-elf/lib/libdragonsys.a(system.o)
                0x8002b060                _exit
 .text.fstat    0x8002b080      0x100 /opt/n64/libragon/mips64-elf/lib/libdragonsys.a(system.o)
                0x8002b080                fstat
 .text.getpid   0x8002b180       0x40 /opt/n64/libragon/mips64-elf/lib/libdragonsys.a(system.o)
                0x8002b180                getpid
 .text.gettimeofday
                0x8002b1c0       0x60 /opt/n64/libragon/mips64-elf/lib/libdragonsys.a(system.o)
                0x8002b1c0                gettimeofday
 .text.isatty   0x8002b220       0x40 /opt/n64/libragon/mips64-elf/lib/libdragonsys.a(system.o)
                0x8002b220                isatty
 .text.kill     0x8002b260       0x40 /opt/n64/libragon/mips64-elf/lib/libdragonsys.a(system.o)
                0x8002b260                kill
 .text.lseek    0x8002b2a0      0x100 /opt/n64/libragon/mips64-elf/lib/libdragonsys.a(system.o)
                0x8002b2a0                lseek
 .text.open     0x8002b3a0      0x2c0 /opt/n64/libragon/mips64-elf/lib/libdragonsys.a(system.o)
                0x8002b3a0                open
 .text.read     0x8002b660      0x120 /opt/n64/libragon/mips64-elf/lib/libdragonsys.a(system.o)
                0x8002b660                read
 .text.sbrk     0x8002b780       0xc0 /opt/n64/libragon/mips64-elf/lib/libdragonsys.a(system.o)
                0x8002b780                sbrk
 .text.write    0x8002b840      0x140 /opt/n64/libragon/mips64-elf/lib/libdragonsys.a(system.o)
                0x8002b840                write
 .text.hook_stdio_calls
                0x8002b980       0x60 /opt/n64/libragon/mips64-elf/lib/libdragonsys.a(system.o)
                0x8002b980                hook_stdio_calls
 .text._flush_cache
                0x8002b9e0       0x40 /opt/n64/libragon/mips64-elf/lib/libdragonsys.a(system.o)
                0x8002b9e0                _flush_cache
 .text.__assert_func
                0x8002ba20       0x20 /opt/n64/libragon/mips64-elf/lib/libdragonsys.a(system.o)
                0x8002ba20                __assert_func
 .text.startup.main
                0x8002ba40      0x1a0 build/src/main.o
                0x8002ba40                main
 *(.init)
 .init          0x8002bbe0        0x8 /opt/n64/libragon_gcc/lib/gcc/mips64-elf/13.2.0/crti.o
                0x8002bbe0                _init
 *(.fini)
 .fini          0x8002bbe8        0x8 /opt/n64/libragon_gcc/lib/gcc/mips64-elf/13.2.0/crti.o
                0x8002bbe8                _fini
 *(.gnu.linkonce.t.*)
                0x8002bbf0                        . = ALIGN (0x10)
                0x8002bbf0                        __text_end = .

.eh_frame_hdr
 *(.eh_frame_hdr)

.eh_frame       0x8002bbf0        0x4
                0x8002bbf0                        __EH_FRAME_BEGIN__ = .
 *(.eh_frame)
 .eh_frame      0x8002bbf0        0x0 /opt/n64/libragon_gcc/lib/gcc/mips64-elf/13.2.0/crtbegin.o
 .eh_frame      0x8002bbf0        0x4 /opt/n64/libragon_gcc/lib/gcc/mips64-elf/13.2.0/crtend.o

.gcc_except_table
 *(.gcc_except_table*)

.jcr
 *(.jcr)

.rodata         0x8002bbf8    0x111e0
 *(.rdata)
 *(.rodata)
 .rodata        0x8002bbf8        0xc /opt/n64/libragon/mips64-elf/lib/libdragon.a(ff.o)
 *fill*         0x8002bc04        0x4 
 .rodata        0x8002bc08      0x188 /opt/n64/libragon_gcc/lib/gcc/mips64-elf/13.2.0/../../../../mips64-elf/lib/libc.a(libc_a-vfprintf.o)
 .rodata        0x8002bd90      0x188 /opt/n64/libragon_gcc/lib/gcc/mips64-elf/13.2.0/../../../../mips64-elf/lib/libc.a(libc_a-vfiprintf.o)
 .rodata        0x8002bf18      0x23c /opt/n64/libragon_gcc/lib/gcc/mips64-elf/13.2.0/../../../../mips64-elf/lib/libc.a(libc_a-strerror.o)
 *fill*         0x8002c154        0x4 
 .rodata        0x8002c158       0x60 /opt/n64/libragon_gcc/lib/gcc/mips64-elf/13.2.0/../../../../mips64-elf/lib/libc.a(libc_a-month_lengths.o)
                0x8002c158                __month_lengths
 .rodata        0x8002c1b8      0x128 /opt/n64/libragon_gcc/lib/gcc/mips64-elf/13.2.0/../../../../mips64-elf/lib/libc.a(libc_a-mprec.o)
                0x8002c1c8                __mprec_tinytens
                0x8002c1f0                __mprec_bigtens
                0x8002c218                __mprec_tens
 .rodata        0x8002c2e0      0x288 /opt/n64/libragon_gcc/lib/gcc/mips64-elf/13.2.0/../../../../mips64-elf/lib/libc.a(libc_a-ctype_.o)
                0x8002c2e0                _ctype_
                0x8002c3e8                _ctype_b
 .rodata        0x8002c568      0x2aa /opt/n64/libragon_gcc/lib/gcc/mips64-elf/13.2.0/../../../../mips64-elf/lib/libc.a(libc_a-svfiscanf.o)
 *fill*         0x8002c812        0x6 
 .rodata        0x8002c818      0x188 /opt/n64/libragon_gcc/lib/gcc/mips64-elf/13.2.0/../../../../mips64-elf/lib/libc.a(libc_a-svfprintf.o)
 .rodata        0x8002c9a0      0x188 /opt/n64/libragon_gcc/lib/gcc/mips64-elf/13.2.0/../../../../mips64-elf/lib/libc.a(libc_a-svfiprintf.o)
 *(.rodata.*)
 .rodata.cb.0.str1.8
                0x8002cb28     0x3442 /opt/n64/libragon/mips64-elf/lib/libdragon.a(debug.o)
                                 0x1d (size before relaxing)
 .rodata.debug_init_sdfs.str1.8
                0x8002ff6a       0x24 /opt/n64/libragon/mips64-elf/lib/libdragon.a(debug.o)
 .rodata.debug_assert_func_f.str1.8
                0x8002ff6a       0x45 /opt/n64/libragon/mips64-elf/lib/libdragon.a(debug.o)
 .rodata.__fresult_set_errno.str1.8
                0x8002ff6a       0x3e /opt/n64/libragon/mips64-elf/lib/libdragon.a(debug.o)
 *fill*         0x8002ff6a        0x2 
 .rodata.__fresult_set_errno
                0x8002ff6c       0x50 /opt/n64/libragon/mips64-elf/lib/libdragon.a(debug.o)
 .rodata.debug_hexdump.str1.8
                0x8002ffbc       0x2b /opt/n64/libragon/mips64-elf/lib/libdragon.a(debug.o)
 .rodata.__debug_backtrace.str1.8
                0x8002ffbc        0xc /opt/n64/libragon/mips64-elf/lib/libdragon.a(debug.o)
 *fill*         0x8002ffbc        0x4 
 .rodata.__func__.3
                0x8002ffc0       0x14 /opt/n64/libragon/mips64-elf/lib/libdragon.a(debug.o)
 *fill*         0x8002ffd4        0x4 
 .rodata.fat_disk_sd
                0x8002ffd8       0x18 /opt/n64/libragon/mips64-elf/lib/libdragon.a(debug.o)
 .rodata.card_wr_dram.2
                0x8002fff0       0x10 /opt/n64/libragon/mips64-elf/lib/libdragon.a(cart.o)
 .rodata.card_rd_cart.3
                0x80030000       0x10 /opt/n64/libragon/mips64-elf/lib/libdragon.a(cart.o)
 .rodata.card_rd_dram.4
                0x80030010       0x10 /opt/n64/libragon/mips64-elf/lib/libdragon.a(cart.o)
 .rodata.card_init.5
                0x80030020       0x10 /opt/n64/libragon/mips64-elf/lib/libdragon.a(cart.o)
 .rodata.init.7
                0x80030030       0x10 /opt/n64/libragon/mips64-elf/lib/libdragon.a(cart.o)
 .rodata.follow_path.str1.8
                0x80030040       0x17 /opt/n64/libragon/mips64-elf/lib/libdragon.a(ff.o)
 .rodata.check_fs.str1.8
                0x80030040       0x19 /opt/n64/libragon/mips64-elf/lib/libdragon.a(ff.o)
 .rodata.ExCvt  0x80030040       0x80 /opt/n64/libragon/mips64-elf/lib/libdragon.a(ff.o)
 .rodata.LfnOfs
                0x800300c0        0xd /opt/n64/libragon/mips64-elf/lib/libdragon.a(ff.o)
 *fill*         0x800300cd        0x3 
 .rodata.GUID_MS_Basic
                0x800300d0       0x10 /opt/n64/libragon/mips64-elf/lib/libdragon.a(ff.o)
 .rodata.ff_wtoupper
                0x800300e0       0x24 /opt/n64/libragon/mips64-elf/lib/libdragon.a(ffunicode.o)
 *fill*         0x80030104        0x4 
 .rodata.cvt2.0
                0x80030108       0xbc /opt/n64/libragon/mips64-elf/lib/libdragon.a(ffunicode.o)
 *fill*         0x800301c4        0x4 
 .rodata.cvt1.1
                0x800301c8      0x1f2 /opt/n64/libragon/mips64-elf/lib/libdragon.a(ffunicode.o)
 *fill*         0x800303ba        0x6 
 .rodata.uc437  0x800303c0      0x100 /opt/n64/libragon/mips64-elf/lib/libdragon.a(ffunicode.o)
 .rodata.cb.2.str1.8
                0x800304c0       0x22 /opt/n64/libragon/mips64-elf/lib/libdragon.a(inspector.o)
 .rodata.cb.1.str1.8
                0x800304c0        0xc /opt/n64/libragon/mips64-elf/lib/libdragon.a(inspector.o)
 .rodata.cb.0.str1.8
                0x800304c0       0x27 /opt/n64/libragon/mips64-elf/lib/libdragon.a(inspector.o)
 .rodata.cb.3.str1.8
                0x800304c0       0x2a /opt/n64/libragon/mips64-elf/lib/libdragon.a(inspector.o)
 .rodata.inspector_stdout
                0x800304c0       0x54 /opt/n64/libragon/mips64-elf/lib/libdragon.a(inspector.o)
 .rodata.mips_disasm.str1.8
                0x80030514      0x1ce /opt/n64/libragon/mips64-elf/lib/libdragon.a(inspector.o)
 .rodata.mips_disasm
                0x80030514       0xc0 /opt/n64/libragon/mips64-elf/lib/libdragon.a(inspector.o)
 .rodata.inspector.str1.8
                0x800305d4      0x20c /opt/n64/libragon/mips64-elf/lib/libdragon.a(inspector.o)
 .rodata.str1.8
                0x800305d4      0x69b /opt/n64/libragon/mips64-elf/lib/libdragon.a(inspector.o)
 *fill*         0x800305d4        0x4 
 .rodata.CSWTCH.118
                0x800305d8       0x14 /opt/n64/libragon/mips64-elf/lib/libdragon.a(inspector.o)
 *fill*         0x800305ec        0x4 
 .rodata.fpu_ops.7
                0x800305f0      0x100 /opt/n64/libragon/mips64-elf/lib/libdragon.a(inspector.o)
 .rodata.special.8
                0x800306f0      0x100 /opt/n64/libragon/mips64-elf/lib/libdragon.a(inspector.o)
 .rodata.ops.9  0x800307f0      0x100 /opt/n64/libragon/mips64-elf/lib/libdragon.a(inspector.o)
 .rodata.RESOLUTION_640x240
                0x800308f0        0xc /opt/n64/libragon/mips64-elf/lib/libdragon.a(inspector.o)
 .rodata.dma_write_raw_async.part.0.str1.8
                0x800308fc       0x12 /opt/n64/libragon/mips64-elf/lib/libdragon.a(dma.o)
 .rodata.dma_read_async.str1.8
                0x800308fc       0x8d /opt/n64/libragon/mips64-elf/lib/libdragon.a(dma.o)
 *fill*         0x800308fc        0x4 
 .rodata.__func__.0
                0x80030900        0xf /opt/n64/libragon/mips64-elf/lib/libdragon.a(dma.o)
 *fill*         0x8003090f        0x1 
 .rodata.__func__.1
                0x80030910       0x14 /opt/n64/libragon/mips64-elf/lib/libdragon.a(dma.o)
 *fill*         0x80030924        0x4 
 .rodata.__func__.2
                0x80030928       0x13 /opt/n64/libragon/mips64-elf/lib/libdragon.a(dma.o)
 .rodata.cb.0.str1.8
                0x8003093b       0x17 /opt/n64/libragon/mips64-elf/lib/libdragon.a(exception.o)
 .rodata.cb.1.str1.8
                0x8003093b       0x19 /opt/n64/libragon/mips64-elf/lib/libdragon.a(exception.o)
 .rodata.__get_exception_name.isra.0.str1.8
                0x8003093b      0x285 /opt/n64/libragon/mips64-elf/lib/libdragon.a(exception.o)
 *fill*         0x8003093b        0x1 
 .rodata.__get_exception_name.isra.0
                0x8003093c       0x40 /opt/n64/libragon/mips64-elf/lib/libdragon.a(exception.o)
 .rodata.__exception_dump_header.str1.8
                0x8003097c      0x110 /opt/n64/libragon/mips64-elf/lib/libdragon.a(exception.o)
 .rodata.__exception_dump_gpr.str1.8
                0x8003097c       0x34 /opt/n64/libragon/mips64-elf/lib/libdragon.a(exception.o)
 .rodata.__exception_dump_fpr.str1.8
                0x8003097c       0x3e /opt/n64/libragon/mips64-elf/lib/libdragon.a(exception.o)
 .rodata.exception_default_handler.str1.8
                0x8003097c       0x3e /opt/n64/libragon/mips64-elf/lib/libdragon.a(exception.o)
 .rodata.register_syscall_handler.str1.8
                0x8003097c      0x143 /opt/n64/libragon/mips64-elf/lib/libdragon.a(exception.o)
 *fill*         0x8003097c        0x4 
 .rodata.__func__.2
                0x80030980       0x19 /opt/n64/libragon/mips64-elf/lib/libdragon.a(exception.o)
 .rodata.str1.8
                0x80030999      0x176 /opt/n64/libragon/mips64-elf/lib/libdragon.a(exception.o)
 *fill*         0x80030999        0x7 
 .rodata.exceptionMap.3
                0x800309a0       0x80 /opt/n64/libragon/mips64-elf/lib/libdragon.a(exception.o)
 .rodata.__do_global_ctors.str1.8
                0x80030a20       0xa1 /opt/n64/libragon/mips64-elf/lib/libdragon.a(do_ctors.o)
 .rodata.__wrap___do_global_ctors.str1.8
                0x80030a20       0xbb /opt/n64/libragon/mips64-elf/lib/libdragon.a(do_ctors.o)
 .rodata.__func__.0
                0x80030a20       0x19 /opt/n64/libragon/mips64-elf/lib/libdragon.a(do_ctors.o)
 .rodata.malloc_uncached_aligned.str1.8
                0x80030a39       0x3d /opt/n64/libragon/mips64-elf/lib/libdragon.a(n64sys.o)
 *fill*         0x80030a39        0x7 
 .rodata.__func__.0
                0x80030a40       0x18 /opt/n64/libragon/mips64-elf/lib/libdragon.a(n64sys.o)
 .rodata.__CART_handler.str1.8
                0x80030a58       0x8a /opt/n64/libragon/mips64-elf/lib/libdragon.a(interrupt.o)
 .rodata.enable_interrupts.str1.8
                0x80030a58       0x3c /opt/n64/libragon/mips64-elf/lib/libdragon.a(interrupt.o)
 .rodata.__func__.0
                0x80030a58       0x12 /opt/n64/libragon/mips64-elf/lib/libdragon.a(interrupt.o)
 *fill*         0x80030a6a        0x6 
 .rodata.__func__.3
                0x80030a70        0xf /opt/n64/libragon/mips64-elf/lib/libdragon.a(interrupt.o)
 .rodata.symt_open.str1.8
                0x80030a7f       0xc3 /opt/n64/libragon/mips64-elf/lib/libdragon.a(backtrace.o)
 .rodata.format_entry.str1.8
                0x80030a7f       0x14 /opt/n64/libragon/mips64-elf/lib/libdragon.a(backtrace.o)
 .rodata.symt_addrtab_search.str1.8
                0x80030a7f       0x38 /opt/n64/libragon/mips64-elf/lib/libdragon.a(backtrace.o)
 .rodata.__symbolize.str1.8
                0x80030a7f       0x13 /opt/n64/libragon/mips64-elf/lib/libdragon.a(backtrace.o)
 .rodata.__bt_analyze_func.str1.8
                0x80030a7f       0x42 /opt/n64/libragon/mips64-elf/lib/libdragon.a(backtrace.o)
 .rodata.backtrace_foreach.str1.8
                0x80030a7f       0x81 /opt/n64/libragon/mips64-elf/lib/libdragon.a(backtrace.o)
 .rodata.backtrace_symbols_cb.str1.8
                0x80030a7f       0x22 /opt/n64/libragon/mips64-elf/lib/libdragon.a(backtrace.o)
 .rodata.backtrace_frame_print.str1.8
                0x80030a7f       0x35 /opt/n64/libragon/mips64-elf/lib/libdragon.a(backtrace.o)
 .rodata.backtrace_frame_print_compact.str1.8
                0x80030a7f       0x2a /opt/n64/libragon/mips64-elf/lib/libdragon.a(backtrace.o)
 *fill*         0x80030a7f        0x1 
 .rodata.__func__.2
                0x80030a80       0x13 /opt/n64/libragon/mips64-elf/lib/libdragon.a(backtrace.o)
 .rodata.rompak_search_ext.str1.8
                0x80030a93       0xb7 /opt/n64/libragon/mips64-elf/lib/libdragon.a(rompak.o)
 *fill*         0x80030a93        0x5 
 .rodata.__func__.0
                0x80030a98       0x12 /opt/n64/libragon/mips64-elf/lib/libdragon.a(rompak.o)
 .rodata.display_show.part.0.str1.8
                0x80030aaa       0xf9 /opt/n64/libragon/mips64-elf/lib/libdragon.a(display.o)
 .rodata.display_init.str1.8
                0x80030aaa      0x251 /opt/n64/libragon/mips64-elf/lib/libdragon.a(display.o)
 *fill*         0x80030aaa        0x2 
 .rodata.display_init
                0x80030aac       0x14 /opt/n64/libragon/mips64-elf/lib/libdragon.a(display.o)
 .rodata.display_get.str1.8
                0x80030ac0       0x1c /opt/n64/libragon/mips64-elf/lib/libdragon.a(display.o)
 .rodata.__func__.0
                0x80030ac0        0xd /opt/n64/libragon/mips64-elf/lib/libdragon.a(display.o)
 *fill*         0x80030acd        0x3 
 .rodata.__func__.1
                0x80030ad0        0xc /opt/n64/libragon/mips64-elf/lib/libdragon.a(display.o)
 *fill*         0x80030adc        0x4 
 .rodata.__func__.4
                0x80030ae0        0xd /opt/n64/libragon/mips64-elf/lib/libdragon.a(display.o)
 *fill*         0x80030aed        0x3 
 .rodata.vi_config_presets
                0x80030af0      0x150 /opt/n64/libragon/mips64-elf/lib/libdragon.a(display.o)
 .rodata.surface_alloc.str1.8
                0x80030c40       0x62 /opt/n64/libragon/mips64-elf/lib/libdragon.a(surface.o)
 .rodata.__func__.1
                0x80030c40        0xe /opt/n64/libragon/mips64-elf/lib/libdragon.a(surface.o)
 *fill*         0x80030c4e        0x2 
 .rodata.SI_read_con_block.8
                0x80030c50       0x40 /opt/n64/libragon/mips64-elf/lib/libdragon.a(controller.o)
 .rodata.__font_data_32
                0x80030c90     0x8008 /opt/n64/libragon/mips64-elf/lib/libdragon.a(graphics.o)
 .rodata.__font_data_16
                0x80038c98     0x4008 /opt/n64/libragon/mips64-elf/lib/libdragon.a(graphics.o)
 .rodata.rsp_load_code.str1.8
                0x8003cca0       0x47 /opt/n64/libragon/mips64-elf/lib/libdragon.a(rsp.o)
 .rodata.rsp_load_data.str1.8
                0x8003cca0       0x17 /opt/n64/libragon/mips64-elf/lib/libdragon.a(rsp.o)
 .rodata.__rsp_crash.str1.8
                0x8003cca0      0x7ef /opt/n64/libragon/mips64-elf/lib/libdragon.a(rsp.o)
 .rodata.rsp_wait.str1.8
                0x8003cca0       0x1c /opt/n64/libragon/mips64-elf/lib/libdragon.a(rsp.o)
 .rodata.__func__.0
                0x8003cca0        0x9 /opt/n64/libragon/mips64-elf/lib/libdragon.a(rsp.o)
 *fill*         0x8003cca9        0x7 
 .rodata.__func__.1
                0x8003ccb0        0xe /opt/n64/libragon/mips64-elf/lib/libdragon.a(rsp.o)
 *fill*         0x8003ccbe        0x2 
 .rodata.__func__.2
                0x8003ccc0        0xe /opt/n64/libragon/mips64-elf/lib/libdragon.a(rsp.o)
 *fill*         0x8003ccce        0x2 
 .rodata.__func__.3
                0x8003ccd0        0xe /opt/n64/libragon/mips64-elf/lib/libdragon.a(rsp.o)
 *fill*         0x8003ccde        0x2 
 .rodata.__func__.4
                0x8003cce0        0xe /opt/n64/libragon/mips64-elf/lib/libdragon.a(rsp.o)
 .rodata.str1.8
                0x8003ccee        0xa /opt/n64/libragon/mips64-elf/lib/libdragon.a(rsp.o)
 *fill*         0x8003ccee        0x2 
 .rodata.RESOLUTION_640x240
                0x8003ccf0        0xc /opt/n64/libragon/mips64-elf/lib/libdragon.a(console.o)
 .rodata.readfn_cmp.str1.8
                0x8003ccfc       0x64 /opt/n64/libragon/mips64-elf/lib/libdragon.a(asset.o)
 .rodata.must_fopen.part.0.str1.8
                0x8003ccfc       0xdb /opt/n64/libragon/mips64-elf/lib/libdragon.a(asset.o)
 .rodata.must_fopen.str1.8
                0x8003ccfc        0x3 /opt/n64/libragon/mips64-elf/lib/libdragon.a(asset.o)
 .rodata.asset_load.str1.8
                0x8003ccfc      0x210 /opt/n64/libragon/mips64-elf/lib/libdragon.a(asset.o)
 *fill*         0x8003ccfc        0x4 
 .rodata.__func__.3
                0x8003cd00       0x13 /opt/n64/libragon/mips64-elf/lib/libdragon.a(asset.o)
 *fill*         0x8003cd13        0x5 
 .rodata.__func__.4
                0x8003cd18        0xb /opt/n64/libragon/mips64-elf/lib/libdragon.a(asset.o)
 *fill*         0x8003cd23        0x5 
 .rodata.__func__.5
                0x8003cd28        0xb /opt/n64/libragon/mips64-elf/lib/libdragon.a(asset.o)
 .rodata.__ringbuf_init.str1.8
                0x8003cd33       0x3f /opt/n64/libragon/mips64-elf/lib/libdragon.a(ringbuf.o)
 *fill*         0x8003cd33        0x5 
 .rodata.__func__.0
                0x8003cd38        0xf /opt/n64/libragon/mips64-elf/lib/libdragon.a(ringbuf.o)
 .rodata.joybus_msg_send.str1.8
                0x8003cd47       0x55 /opt/n64/libragon/mips64-elf/lib/libdragon.a(joybus.o)
 .rodata.si_interrupt.str1.8
                0x8003cd47       0x40 /opt/n64/libragon/mips64-elf/lib/libdragon.a(joybus.o)
 .rodata.joybus_exec_async.str1.8
                0x8003cd47       0x4a /opt/n64/libragon/mips64-elf/lib/libdragon.a(joybus.o)
 *fill*         0x8003cd47        0x1 
 .rodata.__func__.1
                0x8003cd48       0x12 /opt/n64/libragon/mips64-elf/lib/libdragon.a(joybus.o)
 *fill*         0x8003cd5a        0x6 
 .rodata.__func__.2
                0x8003cd60       0x10 /opt/n64/libragon/mips64-elf/lib/libdragon.a(joybus.o)
 .rodata.__func__.3
                0x8003cd70       0x10 /opt/n64/libragon/mips64-elf/lib/libdragon.a(joybus.o)
 .rodata.__func__.4
                0x8003cd80        0xd /opt/n64/libragon/mips64-elf/lib/libdragon.a(joybus.o)
 .rodata.__open.str1.8
                0x8003cd8d        0x2 /opt/n64/libragon/mips64-elf/lib/libdragon.a(dragonfs.o)
 *fill*         0x8003cd8d        0x3 
 .rodata.__open
                0x8003cd90       0x14 /opt/n64/libragon/mips64-elf/lib/libdragon.a(dragonfs.o)
 .rodata.dfs_read.str1.8
                0x8003cda4       0x3f /opt/n64/libragon/mips64-elf/lib/libdragon.a(dragonfs.o)
 .rodata.dfs_init.str1.8
                0x8003cda4       0x8e /opt/n64/libragon/mips64-elf/lib/libdragon.a(dragonfs.o)
 *fill*         0x8003cda4        0x4 
 .rodata.__func__.0
                0x8003cda8       0x16 /opt/n64/libragon/mips64-elf/lib/libdragon.a(dragonfs.o)
 *fill*         0x8003cdbe        0x2 
 .rodata.__func__.1
                0x8003cdc0        0x9 /opt/n64/libragon/mips64-elf/lib/libdragon.a(dragonfs.o)
 .rodata.main.str1.8
                0x8003cdc9       0xb7 build/src/main.o
 *fill*         0x8003cdc9        0x7 
 .rodata.__func__.0
                0x8003cdd0        0x5 build/src/main.o
 .rodata.str1.8
                0x8003cdd5       0x5a /opt/n64/libragon_gcc/lib/gcc/mips64-elf/13.2.0/../../../../mips64-elf/lib/libc.a(libc_a-vfprintf.o)
 .rodata.str1.8
                0x8003cdd5       0x37 /opt/n64/libragon_gcc/lib/gcc/mips64-elf/13.2.0/../../../../mips64-elf/lib/libc.a(libc_a-vfiprintf.o)
 .rodata.str1.8
                0x8003cdd5        0x2 /opt/n64/libragon_gcc/lib/gcc/mips64-elf/13.2.0/../../../../mips64-elf/lib/libc.a(libc_a-puts.o)
 .rodata.str1.8
                0x8003cdd5      0x799 /opt/n64/libragon_gcc/lib/gcc/mips64-elf/13.2.0/../../../../mips64-elf/lib/libc.a(libc_a-strerror.o)
 .rodata.str1.8
                0x8003cdd5       0x83 /opt/n64/libragon_gcc/lib/gcc/mips64-elf/13.2.0/../../../../mips64-elf/lib/libc.a(libc_a-tzset_r.o)
 .rodata.str1.8
                0x8003cdd5        0x4 /opt/n64/libragon_gcc/lib/gcc/mips64-elf/13.2.0/../../../../mips64-elf/lib/libc.a(libc_a-tzvars.o)
 .rodata.str1.8
                0x8003cdd5       0x1a /opt/n64/libragon_gcc/lib/gcc/mips64-elf/13.2.0/../../../../mips64-elf/lib/libc.a(libc_a-locale.o)
 .rodata.str1.8
                0x8003cdd5       0x71 /opt/n64/libragon_gcc/lib/gcc/mips64-elf/13.2.0/../../../../mips64-elf/lib/libc.a(libc_a-dtoa.o)
 .rodata.str1.8
                0x8003cdd5       0x52 /opt/n64/libragon_gcc/lib/gcc/mips64-elf/13.2.0/../../../../mips64-elf/lib/libc.a(libc_a-mprec.o)
 .rodata.str1.8
                0x8003cdd5       0x5a /opt/n64/libragon_gcc/lib/gcc/mips64-elf/13.2.0/../../../../mips64-elf/lib/libc.a(libc_a-svfprintf.o)
 .rodata.str1.8
                0x8003cdd5        0x1 /opt/n64/libragon_gcc/lib/gcc/mips64-elf/13.2.0/../../../../mips64-elf/lib/libc.a(libc_a-mbrtowc.o)
 .rodata.str1.8
                0x8003cdd5       0x37 /opt/n64/libragon_gcc/lib/gcc/mips64-elf/13.2.0/../../../../mips64-elf/lib/libc.a(libc_a-svfiprintf.o)
 *(.gnu.linkonce.r.*)
                0x8003d570                        . = ALIGN (0x8)
 *fill*         0x8003cdd5        0x3 

.MIPS.abiflags  0x8003cdd8       0x18
 .MIPS.abiflags
                0x8003cdd8       0x18 /opt/n64/libragon_gcc/lib/gcc/mips64-elf/13.2.0/crti.o

.rel.dyn        0x8003cdf0        0x0
 .rel.dyn       0x8003cdf0        0x0 /opt/n64/libragon/mips64-elf/lib/libdragon.a(inspector.o)
                0x8003cdf0                        . = ALIGN (0x4)

.ctors          0x8003cdf0       0x18
                0x8003cdf0                        __CTOR_LIST__ = .
 *(.ctors)
 .ctors         0x8003cdf0        0x4 /opt/n64/libragon_gcc/lib/gcc/mips64-elf/13.2.0/crtbegin.o
 .ctors         0x8003cdf4        0x4 /opt/n64/libragon/mips64-elf/lib/libdragon.a(inspector.o)
 .ctors         0x8003cdf8        0x4 /opt/n64/libragon/mips64-elf/lib/libdragon.a(n64sys.o)
 .ctors         0x8003cdfc        0x4 /opt/n64/libragon/mips64-elf/lib/libdragon.a(interrupt.o)
 .ctors         0x8003ce00        0x4 /opt/n64/libragon/mips64-elf/lib/libdragon.a(joybus.o)
 .ctors         0x8003ce04        0x4 /opt/n64/libragon_gcc/lib/gcc/mips64-elf/13.2.0/crtend.o
                0x8003ce08                        __CTOR_END__ = .
                0x8003ce08                        . = ALIGN (0x8)

.data           0x8003ce08      0xb08
                0x8003ce08                        __data_start = .
 *(.data)
 .data          0x8003ce08      0x1c4 /opt/n64/libragon/mips64-elf/lib/libdragon.a(rsp_crash.o)
                0x8003ce08                rsp_crash_text_start
                0x8003cfc8                rsp_crash_data_start
                0x8003cfc8                rsp_crash_text_end
                0x8003cfcc                rsp_crash_data_end
 *fill*         0x8003cfcc        0x4 
 .data          0x8003cfd0      0x408 /opt/n64/libragon_gcc/lib/gcc/mips64-elf/13.2.0/../../../../mips64-elf/lib/libc.a(libc_a-mallocr.o)
                0x8003cfd0                __malloc_av_
 .data          0x8003d3d8        0xc /opt/n64/libragon_gcc/lib/gcc/mips64-elf/13.2.0/../../../../mips64-elf/lib/libc.a(libc_a-findfp.o)
                0x8003d3d8                __sglue
 *fill*         0x8003d3e4        0x4 
 .data          0x8003d3e8      0x16c /opt/n64/libragon_gcc/lib/gcc/mips64-elf/13.2.0/../../../../mips64-elf/lib/libc.a(libc_a-locale.o)
                0x8003d3e8                __global_locale
 *fill*         0x8003d554        0x4 
 .data          0x8003d558      0x120 /opt/n64/libragon_gcc/lib/gcc/mips64-elf/13.2.0/../../../../mips64-elf/lib/libc.a(libc_a-impure.o)
                0x8003d558                _impure_data
 .data          0x8003d678       0x58 /opt/n64/libragon_gcc/lib/gcc/mips64-elf/13.2.0/../../../../mips64-elf/lib/libc.a(libc_a-gettzinfo.o)
 *(.data.*)
 .data.fat_fs   0x8003d6d0       0x24 /opt/n64/libragon/mips64-elf/lib/libdragon.a(debug.o)
 *fill*         0x8003d6f4        0x4 
 .data.__mips_fpreg
                0x8003d6f8       0x80 /opt/n64/libragon/mips64-elf/lib/libdragon.a(inspector.o)
                0x8003d6f8                __mips_fpreg
 .data.__mips_gpr
                0x8003d778       0x88 /opt/n64/libragon/mips64-elf/lib/libdragon.a(inspector.o)
                0x8003d778                __mips_gpr
 .data.rsp_crash
                0x8003d800       0x20 /opt/n64/libragon/mips64-elf/lib/libdragon.a(rsp.o)
                0x8003d800                rsp_crash
 .data.algos    0x8003d820       0x48 /opt/n64/libragon/mips64-elf/lib/libdragon.a(asset.o)
 .data.dragon_fs
                0x8003d868       0x24 /opt/n64/libragon/mips64-elf/lib/libdragon.a(dragonfs.o)
 *fill*         0x8003d88c        0x4 
 .data.handle_map
                0x8003d890       0x80 /opt/n64/libragon/mips64-elf/lib/libdragonsys.a(system.o)
 *(.gnu.linkonce.d.*)
                0x8003d910                        . = ALIGN (0x8)

.sdata          0x8003d910       0xc8
                0x80045910                        _gp = (. + 0x8000)
 *(.sdata)
 .sdata         0x8003d910       0x10 /opt/n64/libragon/mips64-elf/lib/libdragon.a(exception.o)
 .sdata         0x8003d920        0x8 /opt/n64/libragon_gcc/lib/gcc/mips64-elf/13.2.0/../../../../mips64-elf/lib/libc.a(libc_a-mallocr.o)
                0x8003d920                __malloc_sbrk_base
                0x8003d924                __malloc_trim_threshold
 .sdata         0x8003d928        0x8 /opt/n64/libragon_gcc/lib/gcc/mips64-elf/13.2.0/../../../../mips64-elf/lib/libc.a(libc_a-vfprintf.o)
 .sdata         0x8003d930        0x8 /opt/n64/libragon_gcc/lib/gcc/mips64-elf/13.2.0/../../../../mips64-elf/lib/libc.a(libc_a-tzvars.o)
                0x8003d930                _tzname
 .sdata         0x8003d938        0x4 /opt/n64/libragon_gcc/lib/gcc/mips64-elf/13.2.0/../../../../mips64-elf/lib/libc.a(libc_a-impure.o)
                0x8003d938                _impure_ptr
 *fill*         0x8003d93c        0x4 
 .sdata         0x8003d940       0x48 /opt/n64/libragon_gcc/lib/gcc/mips64-elf/13.2.0/../../../../mips64-elf/lib/libc.a(libc_a-dtoa.o)
 .sdata         0x8003d988       0x10 /opt/n64/libragon_gcc/lib/gcc/mips64-elf/13.2.0/../../../../mips64-elf/lib/libc.a(libc_a-mprec.o)
 .sdata         0x8003d998        0x8 /opt/n64/libragon_gcc/lib/gcc/mips64-elf/13.2.0/../../../../mips64-elf/lib/libc.a(libc_a-svfprintf.o)
 .sdata         0x8003d9a0        0x4 /opt/n64/libragon_gcc/lib/gcc/mips64-elf/13.2.0/../../../../mips64-elf/lib/libc.a(libc_a-environ.o)
                0x8003d9a0                environ
 *(.sdata.*)
 .sdata.usb_readblock
                0x8003d9a4        0x4 /opt/n64/libragon/mips64-elf/lib/libdragon.a(usb.o)
 .sdata.cart_type
                0x8003d9a8        0x4 /opt/n64/libragon/mips64-elf/lib/libdragon.a(cart.o)
                0x8003d9a8                cart_type
 .sdata.first_backtrace
                0x8003d9ac        0x1 /opt/n64/libragon/mips64-elf/lib/libdragon.a(inspector.o)
 *fill*         0x8003d9ad        0x3 
 .sdata.fpr_show_mode
                0x8003d9b0        0x4 /opt/n64/libragon/mips64-elf/lib/libdragon.a(inspector.o)
 .sdata.__exception_handler
                0x8003d9b4        0x4 /opt/n64/libragon/mips64-elf/lib/libdragon.a(exception.o)
 .sdata.__bootcic
                0x8003d9b8        0x4 /opt/n64/libragon/mips64-elf/lib/libdragon.a(n64sys.o)
                0x8003d9b8                __bootcic
 .sdata.__interrupt_depth
                0x8003d9bc        0x4 /opt/n64/libragon/mips64-elf/lib/libdragon.a(interrupt.o)
 .sdata.SYMT_ROM
                0x8003d9c0        0x4 /opt/n64/libragon/mips64-elf/lib/libdragon.a(backtrace.o)
 .sdata.now_showing
                0x8003d9c4        0x4 /opt/n64/libragon/mips64-elf/lib/libdragon.a(display.o)
 .sdata.__buffers
                0x8003d9c8        0x4 /opt/n64/libragon/mips64-elf/lib/libdragon.a(display.o)
 .sdata.f_color